******************************************************************************
                  MSP430 Linker Unix v4.1.1                    
******************************************************************************
>> Linked Sat Oct 20 13:51:15 2012

OUTPUT FILE NAME:   <ez430_chronos_868MHz.out>
ENTRY POINT SYMBOL: "_c_int00"  address: 0000dbae


MEMORY CONFIGURATION

         name            origin    length      used     unused   attr    fill
----------------------  --------  ---------  --------  --------  ----  --------
  SFR                   00000000   00000010  00000000  00000010  RWIX
  PERIPHERALS_8BIT      00000010   000000f0  00000000  000000f0  RWIX
  PERIPHERALS_16BIT     00000100   00000100  00000000  00000100  RWIX
  INFOD                 00001800   00000080  00000000  00000080  RWIX
  INFOC                 00001880   00000080  00000000  00000080  RWIX
  INFOB                 00001900   00000080  00000000  00000080  RWIX
  INFOA                 00001980   00000080  00000000  00000080  RWIX
  RAM                   00001c00   00000ffe  0000035d  00000ca1  RWIX
  FLASH                 00008000   00007f80  00007093  00000eed  RWIX
  INT00                 0000ff80   00000002  00000000  00000002  RWIX
  INT01                 0000ff82   00000002  00000000  00000002  RWIX
  INT02                 0000ff84   00000002  00000000  00000002  RWIX
  INT03                 0000ff86   00000002  00000000  00000002  RWIX
  INT04                 0000ff88   00000002  00000000  00000002  RWIX
  INT05                 0000ff8a   00000002  00000000  00000002  RWIX
  INT06                 0000ff8c   00000002  00000000  00000002  RWIX
  INT07                 0000ff8e   00000002  00000000  00000002  RWIX
  INT08                 0000ff90   00000002  00000000  00000002  RWIX
  INT09                 0000ff92   00000002  00000000  00000002  RWIX
  INT10                 0000ff94   00000002  00000000  00000002  RWIX
  INT11                 0000ff96   00000002  00000000  00000002  RWIX
  INT12                 0000ff98   00000002  00000000  00000002  RWIX
  INT13                 0000ff9a   00000002  00000000  00000002  RWIX
  INT14                 0000ff9c   00000002  00000000  00000002  RWIX
  INT15                 0000ff9e   00000002  00000000  00000002  RWIX
  INT16                 0000ffa0   00000002  00000000  00000002  RWIX
  INT17                 0000ffa2   00000002  00000000  00000002  RWIX
  INT18                 0000ffa4   00000002  00000000  00000002  RWIX
  INT19                 0000ffa6   00000002  00000000  00000002  RWIX
  INT20                 0000ffa8   00000002  00000000  00000002  RWIX
  INT21                 0000ffaa   00000002  00000000  00000002  RWIX
  INT22                 0000ffac   00000002  00000000  00000002  RWIX
  INT23                 0000ffae   00000002  00000000  00000002  RWIX
  INT24                 0000ffb0   00000002  00000000  00000002  RWIX
  INT25                 0000ffb2   00000002  00000000  00000002  RWIX
  INT26                 0000ffb4   00000002  00000000  00000002  RWIX
  INT27                 0000ffb6   00000002  00000000  00000002  RWIX
  INT28                 0000ffb8   00000002  00000000  00000002  RWIX
  INT29                 0000ffba   00000002  00000000  00000002  RWIX
  INT30                 0000ffbc   00000002  00000000  00000002  RWIX
  INT31                 0000ffbe   00000002  00000000  00000002  RWIX
  INT32                 0000ffc0   00000002  00000000  00000002  RWIX
  INT33                 0000ffc2   00000002  00000000  00000002  RWIX
  INT34                 0000ffc4   00000002  00000000  00000002  RWIX
  INT35                 0000ffc6   00000002  00000000  00000002  RWIX
  INT36                 0000ffc8   00000002  00000000  00000002  RWIX
  INT37                 0000ffca   00000002  00000000  00000002  RWIX
  INT38                 0000ffcc   00000002  00000000  00000002  RWIX
  INT39                 0000ffce   00000002  00000000  00000002  RWIX
  INT40                 0000ffd0   00000002  00000000  00000002  RWIX
  INT41                 0000ffd2   00000002  00000000  00000002  RWIX
  INT42                 0000ffd4   00000002  00000000  00000002  RWIX
  INT43                 0000ffd6   00000002  00000000  00000002  RWIX
  INT44                 0000ffd8   00000002  00000000  00000002  RWIX
  INT45                 0000ffda   00000002  00000000  00000002  RWIX
  INT46                 0000ffdc   00000002  00000000  00000002  RWIX
  INT47                 0000ffde   00000002  00000000  00000002  RWIX
  INT48                 0000ffe0   00000002  00000002  00000000  RWIX
  INT49                 0000ffe2   00000002  00000000  00000002  RWIX
  INT50                 0000ffe4   00000002  00000000  00000002  RWIX
  INT51                 0000ffe6   00000002  00000000  00000002  RWIX
  INT52                 0000ffe8   00000002  00000000  00000002  RWIX
  INT53                 0000ffea   00000002  00000002  00000000  RWIX
  INT54                 0000ffec   00000002  00000002  00000000  RWIX
  INT55                 0000ffee   00000002  00000002  00000000  RWIX
  INT56                 0000fff0   00000002  00000002  00000000  RWIX
  INT57                 0000fff2   00000002  00000000  00000002  RWIX
  INT58                 0000fff4   00000002  00000000  00000002  RWIX
  INT59                 0000fff6   00000002  00000000  00000002  RWIX
  INT60                 0000fff8   00000002  00000000  00000002  RWIX
  INT61                 0000fffa   00000002  00000000  00000002  RWIX
  INT62                 0000fffc   00000002  00000000  00000002  RWIX
  RESET                 0000fffe   00000002  00000002  00000000  RWIX


SECTION ALLOCATION MAP

 output                                  attributes/
section   page    origin      length       input sections
--------  ----  ----------  ----------   ----------------
.pinit     0    00008000    00000000     UNINITIALIZED

.bss       0    00001c00    0000030d     UNINITIALIZED
                  00001c00    0000008c     CC430_End_Device_868MHz.lib : nwk_QMgmt.obj (.bss)
                  00001c8c    0000005e     ez430_chronos_drivers.lib : display.obj (.bss)
                  00001cea    00000048     rfsimpliciti.obj (.bss)
                  00001d32    00000045     ez430_chronos_drivers.lib : vti_ps.obj (.bss)
                  00001d77    00000001     CC430_End_Device_868MHz.lib : main_ED_BM.obj (.bss)
                  00001d78    0000003d                                 : mrfi.obj (.bss)
                  00001db5    00000001                                 : nwk_api.obj (.bss)
                  00001db6    0000001e     main.obj (.bss)
                  00001dd4    0000001d     CC430_End_Device_868MHz.lib : nwk.obj (.bss)
                  00001df1    00000001                                 : nwk_ping.obj (.bss)
                  00001df2    0000001c     BlueRobin_RX_868MHz.lib : BRRX_Resource.obj (.bss)
                  00001e0e    0000001c     date.obj (.bss)
                  00001e2a    0000000f     altitude.obj (.bss)
                  00001e39    00000001     ez430_chronos_drivers.lib : vti_as.obj (.bss)
                  00001e3a    0000000e     clock.obj (.bss)
                  00001e48    0000000e     stopwatch.obj (.bss)
                  00001e56    0000000c     BlueRobin_RX_868MHz.lib : BRRX_Scheduler.obj (.bss)
                  00001e62    0000000a                             : BR_Common.obj (.bss)
                  00001e6c    0000000a     CC430_End_Device_868MHz.lib : nwk_frame.obj (.bss)
                  00001e76    0000000a                                 : nwk_link.obj (.bss)
                  00001e80    0000000a     acceleration.obj (.bss)
                  00001e8a    0000000a     ez430_chronos_drivers.lib : ports.obj (.bss)
                  00001e94    0000000a     slide.obj (.bss)
                  00001e9e    00000009     CC430_End_Device_868MHz.lib : nwk_globals.obj (.bss)
                  00001ea7    00000001     rfbsl.obj (.bss)
                  00001ea8    00000009     CC430_End_Device_868MHz.lib : nwk_join.obj (.bss)
                  00001eb1    00000001     --HOLE--
                  00001eb2    00000008     BlueRobin_RX_868MHz.lib : BRRX_Timer.obj (.bss)
                  00001eba    00000008     battery.obj (.bss)
                  00001ec2    00000008     ez430_chronos_drivers.lib : buzzer.obj (.bss)
                  00001eca    00000008     rts430x.lib : _lock.obj (.bss)
                  00001ed2    00000008                 : boot.obj (.bss)
                  00001eda    00000007     ez430_chronos_drivers.lib : timer.obj (.bss)
                  00001ee1    00000001     --HOLE--
                  00001ee2    00000007     temperature.obj (.bss)
                  00001ee9    00000001     --HOLE--
                  00001eea    00000006     BlueRobin_RX_868MHz.lib : BRRX_Radio.obj (.bss)
                  00001ef0    00000005                             : BRRX_Packet.obj (.bss)
                  00001ef5    00000001     --HOLE--
                  00001ef6    00000004                             : BRRX_API.obj (.bss)
                  00001efa    00000004     alarm.obj (.bss)
                  00001efe    00000004     bluerobin.obj (.bss)
                  00001f02    00000004     util.obj (.bss)
                  00001f06    00000003     CC430_End_Device_868MHz.lib : nwk_mgmt.obj (.bss)
                  00001f09    00000001     --HOLE--
                  00001f0a    00000003     ez430_chronos_drivers.lib : adc12.obj (.bss)

.stack     0    00002bac    00000050     UNINITIALIZED
                  00002bac    00000002     rts430x.lib : boot.obj (.stack)
                  00002bae    0000004e     --HOLE--

.text      0    00008000    000068b4     
                  00008000    0000029a     ez430_chronos_drivers.lib : vti_ps.obj (.text:conv_pa_to_meter)
                  0000829a    00000284     BlueRobin_RX_868MHz.lib : BRRX_Scheduler.obj (.text:BRRX__Scheduler_v)
                  0000851e    0000025a     ez430_chronos_drivers.lib : timer.obj (.text:_isr:TIMER0_A0_ISR)
                  00008778    000001fa                               : ports.obj (.text:_isr:PORT2_ISR)
                  00008972    000001f4     clock.obj (.text:mx_time)
                  00008b66    000001e8     user.obj (.text:set_value)
                  00008d4e    000001d8     ez430_chronos_drivers.lib : vti_ps.obj (.text:update_pressure_table)
                  00008f26    000001d6     date.obj (.text:mx_date)
                  000090fc    00000198     CC430_End_Device_868MHz.lib : mrfi.obj (.text:MRFI_Init)
                  00009294    0000015e                                 : nwk_link.obj (.text:smpl_send_link_reply)
                  000093f2    00000152                                 : nwk_link.obj (.text:nwk_link)
                  00009544    0000014a     rfsimpliciti.obj (.text:simpliciti_sync_decode_ap_cmd_callback)
                  0000968e    00000130     rts430x.lib : fs_add.obj (.text)
                  000097be    00000126     stopwatch.obj (.text:display_stopwatchf)
                  000098e4    0000011e     CC430_End_Device_868MHz.lib : nwk_api.obj (.text:SMPL_Ioctl)
                  00009a02    0000011c     main.obj (.text:display_update)
                  00009b1e    00000110     main.obj (.text:wakeup_event)
                  00009c2e    0000010c     BlueRobin_RX_868MHz.lib : BRRX_Scheduler.obj (.text:PacketMissed_v)
                  00009d3a    0000010c     temperature.obj (.text:mx_temperature)
                  00009e46    0000010a     stopwatch.obj (.text:stopwatch_tick)
                  00009f50    000000fa     altitude.obj (.text:display_altitude)
                  0000a04a    000000fa     clock.obj (.text:display_time)
                  0000a144    000000fa     altitude.obj (.text:mx_altitude)
                  0000a23e    000000f8     alarm.obj (.text:mx_alarm)
                  0000a336    000000f8     CC430_End_Device_868MHz.lib : nwk_join.obj (.text:nwk_join)
                  0000a42e    000000f6                                 : mrfi.obj (.text:Mrfi_SyncPinRxIsr)
                  0000a524    000000f4     temperature.obj (.text:display_temperature)
                  0000a618    000000ee     CC430_End_Device_868MHz.lib : nwk_api.obj (.text:SMPL_SendOpt)
                  0000a706    000000ee                                 : nwk_QMgmt.obj (.text:nwk_QfindOldest)
                  0000a7f4    000000e4     rfsimpliciti.obj (.text:simpliciti_sync_get_data_callback)
                  0000a8d8    000000d4     ez430_chronos_drivers.lib : display.obj (.text:display_chars)
                  0000a9ac    000000d4     CC430_End_Device_868MHz.lib : nwk.obj (.text:nwk_allocateLocalRxPort)
                  0000aa80    000000c6                                 : mrfi.obj (.text:MRFI_Transmit)
                  0000ab46    000000c6     main.obj (.text:init_application)
                  0000ac0c    000000c4     ez430_chronos_drivers.lib : display.obj (.text:int_to_array)
                  0000acd0    000000c4     main.obj (.text:read_calibration_values)
                  0000ad94    000000b8     slide.obj (.text:irt)
                  0000ae4c    000000b6     BlueRobin_RX_868MHz.lib : BRRX_Scheduler.obj (.text:SearchPacketHit_u8)
                  0000af02    000000b6     rts430x.lib : fs_mpy.obj (.text)
                  0000afb8    000000b6     CC430_End_Device_868MHz.lib : main_ED_BM.obj (.text:simpliciti_link)
                  0000b06e    000000b6                                 : main_ED_BM.obj (.text:simpliciti_main_sync)
                  0000b124    000000b2     rfsimpliciti.obj (.text:start_simpliciti_tx_only)
                  0000b1d6    000000a2     CC430_End_Device_868MHz.lib : nwk_frame.obj (.text:nwk_retrieveFrame)
                  0000b278    000000a0     rfsimpliciti.obj (.text:simpliciti_get_ed_data_callback)
                  0000b318    0000009c     CC430_End_Device_868MHz.lib : nwk_ioctl.obj (.text:nwk_radioControl)
                  0000b3b4    0000009c     rfsimpliciti.obj (.text:start_simpliciti_sync)
                  0000b450    0000009a     alarm.obj (.text:display_alarm)
                  0000b4ea    00000098     ez430_chronos_drivers.lib : vti_ps.obj (.text:ps_twi_sda)
                  0000b582    00000096                               : rf1a.obj (.text:Strobe)
                  0000b618    00000094     CC430_End_Device_868MHz.lib : nwk.obj (.text:nwk_nwkInit)
                  0000b6ac    00000094     temperature.obj (.text:temperature_measurement)
                  0000b740    00000090     CC430_End_Device_868MHz.lib : mrfi.obj (.text:mrfiRadioInterfaceCmdStrobe)
                  0000b7d0    00000090                                 : nwk_frame.obj (.text:nwk_buildFrame)
                  0000b860    0000008e     rts430x.lib : fs_div.obj (.text)
                  0000b8ee    0000008c     CC430_End_Device_868MHz.lib : nwk_frame.obj (.text:dispatchFrame)
                  0000b97a    0000008c                                 : nwk.obj (.text:nwk_isConnectionValid)
                  0000ba06    0000008a     slide.obj (.text:calc_slide)
                  0000ba90    0000008a     altitude.obj (.text:do_altitude_measurement)
                  0000bb1a    00000086     BlueRobin_RX_868MHz.lib : BRRX_Scheduler.obj (.text:GetData_v)
                  0000bba0    00000086                             : BRRX_Scheduler.obj (.text:TrimACLK_Offset_v)
                  0000bc26    00000084     ez430_chronos_drivers.lib : timer.obj (.text:_isr:TIMER0_A1_5_ISR)
                  0000bcaa    00000080                               : vti_as.obj (.text:as_start)
                  0000bd2a    00000080     CC430_End_Device_868MHz.lib : nwk_frame.obj (.text:nwk_sendAckReply)
                  0000bdaa    0000007e     BlueRobin_RX_868MHz.lib : BRRX_Radio.obj (.text:BRRX_RadioReceive_v)
                  0000be28    0000007e     battery.obj (.text:battery_measurement)
                  0000bea6    0000007e     main.obj (.text:init_global_variables)
                  0000bf24    0000007e     rts430x.lib : fs_tol.obj (.text)
                  0000bfa2    00000078     ez430_chronos_drivers.lib : vti_ps.obj (.text:ps_init)
                  0000c01a    00000076     date.obj (.text:get_day)
                  0000c090    00000076     CC430_End_Device_868MHz.lib : nwk_QMgmt.obj (.text:nwk_QfindSlot)
                  0000c106    00000072     ez430_chronos_drivers.lib : display.obj (.text:display_char)
                  0000c178    00000072     slide.obj (.text:mx_slide)
                  0000c1ea    00000072     ez430_chronos_drivers.lib : vti_ps.obj (.text:ps_read_register)
                  0000c25c    0000006c                               : vti_as.obj (.text:as_read_register)
                  0000c2c8    00000068                               : adc12.obj (.text:adc12_single_conversion)
                  0000c330    00000068     rts430x.lib : fs_toi.obj (.text)
                  0000c398    00000068     CC430_End_Device_868MHz.lib : nwk_link.obj (.text:smpl_send_unlink_reply)
                  0000c400    00000066     ez430_chronos_drivers.lib : vti_as.obj (.text:as_write_register)
                  0000c466    00000066                               : vti_ps.obj (.text:ps_get_pa)
                  0000c4cc    00000064     CC430_End_Device_868MHz.lib : mrfi.obj (.text:mrfiRadioInterfaceReadRxFifo)
                  0000c530    00000062                                 : mrfi.obj (.text:MRFI_RadioIsr)
                  0000c592    00000062     slide.obj (.text:atanh)
                  0000c5f4    0000005e     BlueRobin_RX_868MHz.lib : BRRX_Radio.obj (.text:BRRX_PacketEndTimerTask_v)
                  0000c652    0000005e     ez430_chronos_drivers.lib : timer.obj (.text:Timer0_A4_Delay)
                  0000c6b0    0000005e     battery.obj (.text:display_battery_V)
                  0000c70e    0000005e     ez430_chronos_drivers.lib : display.obj (.text:write_lcd_mem)
                  0000c76c    0000005c     BlueRobin_RX_868MHz.lib : BRRX_Scheduler.obj (.text:PrepareForFirstPacket_v)
                  0000c7c8    0000005c     clock.obj (.text:clock_tick)
                  0000c824    00000058     BlueRobin_RX_868MHz.lib : BRRX_Scheduler.obj (.text:BRRX__StartNewSearch_v)
                  0000c87c    00000058     ez430_chronos_drivers.lib : vti_ps.obj (.text:ps_write_register)
                  0000c8d4    00000058     rts430x.lib : div32u.obj (.text)
                  0000c92c    00000056     date.obj (.text:display_date)
                  0000c982    00000056     slide.obj (.text:log)
                  0000c9d8    00000054     rfbsl.obj (.text:sx_rfbsl)
                  0000ca2c    00000052     BlueRobin_RX_868MHz.lib : BRRX_Scheduler.obj (.text:TestStartTime_v)
                  0000ca7e    00000052     ez430_chronos_drivers.lib : display.obj (.text:clear_line)
                  0000cad0    00000052     CC430_End_Device_868MHz.lib : nwk_ioctl.obj (.text:nwk_rawSend)
                  0000cb22    00000052     ez430_chronos_drivers.lib : vti_ps.obj (.text:ps_twi_read)
                  0000cb74    0000004e     BlueRobin_RX_868MHz.lib : BRRX_Scheduler.obj (.text:SearchPacketCheck_u8)
                  0000cbc2    0000004c     ez430_chronos_drivers.lib : ports.obj (.text:button_repeat_function)
                  0000cc0e    0000004c                               : vti_ps.obj (.text:ps_get_temp)
                  0000cc5a    0000004a     rts430x.lib : fs_cmp.obj (.text)
                  0000cca4    0000004a                 : fs_ltof.obj (.text)
                  0000ccee    0000004a     ez430_chronos_drivers.lib : buzzer.obj (.text:toggle_buzzer)
                  0000cd38    00000048     BlueRobin_RX_868MHz.lib : BR_Common.obj (.text:BR__CalcRandomTimeOffset_u16)
                  0000cd80    00000048     ez430_chronos_drivers.lib : buzzer.obj (.text:start_buzzer)
                  0000cdc8    00000046                               : pmm.obj (.text:SetVCoreUp)
                  0000ce0e    00000046     rts430x.lib : autoinit.obj (.text:_auto_init)
                  0000ce54    00000046     ez430_chronos_drivers.lib : display.obj (.text:display_hours)
                  0000ce9a    00000046     CC430_End_Device_868MHz.lib : mrfi.obj (.text:mrfiRadioInterfaceReadReg)
                  0000cee0    00000046     rts430x.lib : fs_tou.obj (.text)
                  0000cf26    00000046     CC430_End_Device_868MHz.lib : main_ED_BM.obj (.text:simpliciti_main_tx_only)
                  0000cf6c    00000044     ez430_chronos_drivers.lib : rf1a.obj (.text:ReadBurstReg)
                  0000cfb0    00000044     CC430_End_Device_868MHz.lib : nwk_api.obj (.text:SMPL_Receive)
                  0000cff4    00000044     date.obj (.text:add_day)
                  0000d038    00000044     main.obj (.text:process_requests)
                  0000d07c    00000044     CC430_End_Device_868MHz.lib : nwk_ping.obj (.text:smpl_send_ping_reply)
                  0000d0c0    00000042     BlueRobin_RX_868MHz.lib : BRRX_Scheduler.obj (.text:PacketHit_u8)
                  0000d102    00000042     ez430_chronos_drivers.lib : vti_ps.obj (.text:ps_twi_write)
                  0000d144    00000040     BlueRobin_RX_868MHz.lib : BRRX_API.obj (.text:BRRX__NewInfo_v)
                  0000d184    00000040     CC430_End_Device_868MHz.lib : nwk.obj (.text:nwk_isValidReply)
                  0000d1c4    00000040     altitude.obj (.text:reset_altitude_measurement)
                  0000d204    00000040     rts430x.lib : div32s.obj (.text)
                  0000d244    00000040     altitude.obj (.text:start_altitude_measurement)
                  0000d284    0000003e     BlueRobin_RX_868MHz.lib : BRRX_Packet.obj (.text:BRRX__DecodePacket_u8)
                  0000d2c2    0000003e     rts430x.lib : asr32.obj (.text:l_asr_const)
                  0000d300    0000003e                 : lsl32.obj (.text:l_lsl_const)
                  0000d33e    0000003e                 : lsr32.obj (.text:l_lsr_const)
                  0000d37c    0000003e     CC430_End_Device_868MHz.lib : nwk.obj (.text:nwk_getNextConnection)
                  0000d3ba    0000003c     BlueRobin_RX_868MHz.lib : BRRX_Timer.obj (.text:BRRX_TimerTask_v)
                  0000d3f6    0000003c     CC430_End_Device_868MHz.lib : mrfi.obj (.text:MRFI_ReplyDelay)
                  0000d432    0000003c                                 : nwk.obj (.text:nwk_findPeer)
                  0000d46e    0000003c                                 : nwk.obj (.text:nwk_isLinkDuplicate)
                  0000d4aa    0000003c     stopwatch.obj (.text:update_stopwatch_timer)
                  0000d4e6    0000003a     CC430_End_Device_868MHz.lib : mrfi.obj (.text:Mrfi_RxAddrIsFiltered)
                  0000d520    0000003a                                 : nwk_mgmt.obj (.text:nwk_processMgmt)
                  0000d55a    00000038     ez430_chronos_drivers.lib : rf1a.obj (.text:WriteSingleReg)
                  0000d592    00000038                               : radio.obj (.text:_isr:radio_ISR)
                  0000d5ca    00000038     CC430_End_Device_868MHz.lib : nwk.obj (.text:initializeConnection)
                  0000d602    00000036                                 : nwk.obj (.text:nwk_putNumObjectIntoMsg)
                  0000d638    00000036     rts430x.lib : fs_itof.obj (.text)
                  0000d66e    00000034     BlueRobin_RX_868MHz.lib : BR_Common.obj (.text:BR__CalcCRC_u8)
                  0000d6a2    00000034     CC430_End_Device_868MHz.lib : bsp.obj (.text:BSP_Delay)
                  0000d6d6    00000034                                 : nwk_api.obj (.text:SMPL_Init)
                  0000d70a    00000034     BlueRobin_RX_868MHz.lib : BRRX_Scheduler.obj (.text:TrimRFCLK_Offset_v)
                  0000d73e    00000034     CC430_End_Device_868MHz.lib : mrfi.obj (.text:mrfiRadioInterfaceWriteReg)
                  0000d772    00000034                                 : mrfi.obj (.text:mrfiRadioInterfaceWriteTxFifo)
                  0000d7a6    00000032     BlueRobin_RX_868MHz.lib : BRRX_Radio.obj (.text:BRRX_RadioStop_v)
                  0000d7d8    00000032     CC430_End_Device_868MHz.lib : mrfi.obj (.text:MRFI_SetLogicalChannel)
                  0000d80a    00000032     ez430_chronos_drivers.lib : vti_as.obj (.text:as_stop)
                  0000d83c    00000032     slide.obj (.text:bend)
                  0000d86e    00000032     main.obj (.text:main)
                  0000d8a0    00000032     CC430_End_Device_868MHz.lib : nwk_ioctl.obj (.text:nwk_deviceAddress)
                  0000d8d2    00000032     ez430_chronos_drivers.lib : radio.obj (.text:radio_reset)
                  0000d904    00000032     rts430x.lib : fs_ultof.obj (.text)
                  0000d936    00000032     alarm.obj (.text:sx_alarm)
                  0000d968    00000030     CC430_End_Device_868MHz.lib : nwk_link.obj (.text:nwk_linkInit)
                  0000d998    00000030                                 : nwk_ioctl.obj (.text:nwk_rawReceive)
                  0000d9c8    00000030                                 : nwk_frame.obj (.text:nwk_sendFrame)
                  0000d9f8    0000002e                                 : mrfi.obj (.text:Mrfi_CalculateRssi)
                  0000da26    0000002e     ez430_chronos_drivers.lib : vti_as.obj (.text:as_init)
                  0000da54    0000002e     util.obj (.text:pin_generate)
                  0000da82    0000002c     CC430_End_Device_868MHz.lib : mrfi.obj (.text:Mrfi_RxModeOff)
                  0000daae    0000002c                                 : nwk_QMgmt.obj (.text:nwk_QadjustOrder)
                  0000dada    0000002c     rts430x.lib : div16s.obj (.text)
                  0000db06    0000002a     CC430_End_Device_868MHz.lib : mrfi.obj (.text:MRFI_SetRxAddrFilter)
                  0000db30    0000002a                                 : mrfi.obj (.text:Mrfi_DelayUsecSem)
                  0000db5a    0000002a     BlueRobin_RX_868MHz.lib : BRRX_Scheduler.obj (.text:SearchPacketMissed_u8)
                  0000db84    0000002a     ez430_chronos_drivers.lib : timer.obj (.text:Timer0_A3_Start)
                  0000dbae    0000002a     rts430x.lib : boot.obj (.text:_isr:_c_int00_noexit)
                  0000dbd8    0000002a     ez430_chronos_drivers.lib : vti_as.obj (.text:as_get_data)
                  0000dc02    0000002a     rfbsl.obj (.text:display_rfbsl)
                  0000dc2c    0000002a     ez430_chronos_drivers.lib : display.obj (.text:lcd_init)
                  0000dc56    00000028     CC430_End_Device_868MHz.lib : nwk.obj (.text:map_lid2idx)
                  0000dc7e    00000028                                 : nwk.obj (.text:nwk_getConnInfo)
                  0000dca6    00000028                                 : nwk_ping.obj (.text:nwk_processPing)
                  0000dcce    00000026     ez430_chronos_drivers.lib : pmm.obj (.text:SetVCore)
                  0000dcf4    00000026                               : pmm.obj (.text:SetVCoreDown)
                  0000dd1a    00000026     CC430_End_Device_868MHz.lib : nwk_link.obj (.text:handleLinkRequest)
                  0000dd40    00000026     ez430_chronos_drivers.lib : ports.obj (.text:init_buttons)
                  0000dd66    00000026                               : vti_ps.obj (.text:init_pressure_table)
                  0000dd8c    00000026     CC430_End_Device_868MHz.lib : nwk.obj (.text:nwk_checkConnInfo)
                  0000ddb2    00000026                                 : nwk_globals.obj (.text:nwk_globalsInit)
                  0000ddd8    00000026                                 : nwk_join.obj (.text:nwk_joinInit)
                  0000ddfe    00000026                                 : nwk_link.obj (.text:nwk_processLink)
                  0000de24    00000026     rfsimpliciti.obj (.text:sx_rf)
                  0000de4a    00000026     rfsimpliciti.obj (.text:sx_sync)
                  0000de70    00000024     BlueRobin_RX_868MHz.lib : BRRX_API.obj (.text:BRRX_GetState_t)
                  0000de94    00000024     CC430_End_Device_868MHz.lib : mrfi.obj (.text:MRFI_Sleep)
                  0000deb8    00000024                                 : mrfi.obj (.text:Mrfi_DelayUsec)
                  0000dedc    00000024     rts430x.lib : memcmp.obj (.text:memcmp)
                  0000df00    00000024                 : fs_utof.obj (.text)
                  0000df24    00000022     CC430_End_Device_868MHz.lib : mrfi.obj (.text:MRFI_WakeUp)
                  0000df46    00000022     ez430_chronos_drivers.lib : display.obj (.text:display_value)
                  0000df68    00000022     CC430_End_Device_868MHz.lib : nwk_frame.obj (.text:nwk_buildAckReqFrame)
                  0000df8a    00000022     stopwatch.obj (.text:start_stopwatch)
                  0000dfac    00000020     CC430_End_Device_868MHz.lib : mrfi.obj (.text:MRFI_Rssi)
                  0000dfcc    00000020                                 : nwk_frame.obj (.text:MRFI_RxCompleteISR)
                  0000dfec    00000020                                 : mrfi.obj (.text:MRFI_RxIdle)
                  0000e00c    00000020                                 : mrfi.obj (.text:MRFI_RxOn)
                  0000e02c    00000020     util.obj (.text:display_pin)
                  0000e04c    00000020     rts430x.lib : memmov.obj (.text:memmove)
                  0000e06c    00000020     CC430_End_Device_868MHz.lib : nwk_ioctl.obj (.text:nwk_connectionControl)
                  0000e08c    00000020     clock.obj (.text:reset_clock)
                  0000e0ac    00000020     stopwatch.obj (.text:reset_stopwatch)
                  0000e0cc    00000020     ez430_chronos_drivers.lib : buzzer.obj (.text:stop_buzzer)
                  0000e0ec    0000001e     CC430_End_Device_868MHz.lib : mrfi.obj (.text:MRFI_EnableRxAddrFilter)
                  0000e10a    0000001e                                 : mrfi.obj (.text:Mrfi_RandomBackoffDelay)
                  0000e128    0000001e     BlueRobin_RX_868MHz.lib : BRRX_Timer.obj (.text:SetAbsoluteTimer_v)
                  0000e146    0000001e     temperature.obj (.text:convert_C_to_F)
                  0000e164    0000001e     CC430_End_Device_868MHz.lib : nwk_frame.obj (.text:nwk_frameInit)
                  0000e182    0000001e                                 : nwk_globals.obj (.text:nwk_setMyAddress)
                  0000e1a0    0000001c     alarm.obj (.text:check_alarm)
                  0000e1bc    0000001c     ez430_chronos_drivers.lib : display.obj (.text:clear_display_all)
                  0000e1d8    0000001c                               : display.obj (.text:display_am_pm_symbol)
                  0000e1f4    0000001c     CC430_End_Device_868MHz.lib : nwk_QMgmt.obj (.text:nwk_QInit)
                  0000e210    0000001c                                 : nwk_join.obj (.text:nwk_processJoin)
                  0000e22c    0000001c     altitude.obj (.text:stop_altitude_measurement)
                  0000e248    0000001a     BlueRobin_RX_868MHz.lib : BRRX_Scheduler.obj (.text:GetPacketTolerance_u8)
                  0000e262    0000001a     CC430_End_Device_868MHz.lib : mrfi.obj (.text:MRFI_SetRFPwr)
                  0000e27c    0000001a     ez430_chronos_drivers.lib : adc12.obj (.text:_isr:ADC12ISR)
                  0000e296    0000001a     util.obj (.text:mx_util)
                  0000e2b0    0000001a     stopwatch.obj (.text:stop_stopwatch)
                  0000e2ca    00000018     CC430_End_Device_868MHz.lib : mrfi.obj (.text:MRFI_DelayMs)
                  0000e2e2    00000018     slide.obj (.text:atan)
                  0000e2fa    00000018     temperature.obj (.text:convert_F_to_C)
                  0000e312    00000018     clock.obj (.text:convert_hour_to_12H_format)
                  0000e32a    00000018     alarm.obj (.text:reset_alarm)
                  0000e342    00000018     date.obj (.text:reset_date)
                  0000e35a    00000016     CC430_End_Device_868MHz.lib : mrfi.obj (.text:MRFI_RandomByte)
                  0000e370    00000016                                 : mrfi.obj (.text:Mrfi_RxModeOn)
                  0000e386    00000016     ez430_chronos_drivers.lib : rf1a.obj (.text:ReadSingleReg)
                  0000e39c    00000016                               : ports.obj (.text:button_repeat_on)
                  0000e3b2    00000016                               : display.obj (.text:display_symbol)
                  0000e3c8    00000016     slide.obj (.text:rel)
                  0000e3de    00000016     rts430x.lib : div16u.obj (.text)
                  0000e3f4    00000016                 : mult16_f5hw.obj (.text)
                  0000e40a    00000016     slide.obj (.text:sqrt)
                  0000e420    00000016     stopwatch.obj (.text:sx_stopwatch)
                  0000e436    00000014     ez430_chronos_drivers.lib : timer.obj (.text:Timer0_Init)
                  0000e44a    00000014     altitude.obj (.text:convert_ft_to_m)
                  0000e45e    00000014     altitude.obj (.text:convert_m_to_ft)
                  0000e472    00000014     ez430_chronos_drivers.lib : buzzer.obj (.text:countdown_buzzer)
                  0000e486    00000014     rfsimpliciti.obj (.text:display_rf)
                  0000e49a    00000014     slide.obj (.text:display_slide)
                  0000e4ae    00000014     rfsimpliciti.obj (.text:display_sync)
                  0000e4c2    00000014     date.obj (.text:get_numberOfDays)
                  0000e4d6    00000014     CC430_End_Device_868MHz.lib : nwk_api.obj (.text:ioctlPreInitAccessIsOK)
                  0000e4ea    00000014     rts430x.lib : memset.obj (.text:memset)
                  0000e4fe    00000012     BlueRobin_RX_868MHz.lib : BRRX_Radio.obj (.text:BlueRobin_RadioISR_v)
                  0000e510    00000012     acceleration.obj (.text:is_acceleration_measurement)
                  0000e522    00000012     altitude.obj (.text:is_altitude_measurement)
                  0000e534    00000012     stopwatch.obj (.text:is_stopwatch)
                  0000e546    00000012     rts430x.lib : memcpy.obj (.text:memcpy)
                  0000e558    00000012     CC430_End_Device_868MHz.lib : nwk_join.obj (.text:nwk_getJoinToken)
                  0000e56a    00000012                                 : nwk_link.obj (.text:nwk_getLinkToken)
                  0000e57c    00000012                                 : nwk_globals.obj (.text:nwk_getMyAddress)
                  0000e58e    00000012                                 : nwk_join.obj (.text:nwk_setJoinToken)
                  0000e5a0    00000012                                 : nwk_link.obj (.text:nwk_setLinkToken)
                  0000e5b2    00000012     ez430_chronos_drivers.lib : radio.obj (.text:open_radio)
                  0000e5c4    00000012     battery.obj (.text:reset_batt_measurement)
                  0000e5d6    00000012     slide.obj (.text:sx_slide)
                  0000e5e8    00000010     CC430_End_Device_868MHz.lib : bsp.obj (.text:BSP_InitBoard)
                  0000e5f8    00000010     ez430_chronos_drivers.lib : radio.obj (.text:close_radio)
                  0000e608    00000010     clock.obj (.text:display_selection_Timeformat1)
                  0000e618    00000010     ez430_chronos_drivers.lib : radio.obj (.text:radio_powerdown)
                  0000e628    00000010                               : display.obj (.text:switch_seg)
                  0000e638    00000010     date.obj (.text:sx_date)
                  0000e648    00000010     clock.obj (.text:sx_time)
                  0000e658    0000000e     util.obj (.text:display_util)
                  0000e666    0000000e     clock.obj (.text:is_hour_am)
                  0000e674    0000000e     stopwatch.obj (.text:mx_stopwatch)
                  0000e682    0000000e     acceleration.obj (.text:reset_acceleration)
                  0000e690    0000000e     ez430_chronos_drivers.lib : display.obj (.text:set_blink_rate)
                  0000e69e    0000000c     BlueRobin_RX_868MHz.lib : BRRX_Timer.obj (.text:BRRX__GetCurrentTime_u16)
                  0000e6aa    0000000c     CC430_End_Device_868MHz.lib : mrfi.obj (.text:MRFI_PostKillSem)
                  0000e6b6    0000000c                                 : mrfi.obj (.text:MRFI_Receive)
                  0000e6c2    0000000c     ez430_chronos_drivers.lib : timer.obj (.text:Timer0_Stop)
                  0000e6ce    0000000c                               : display.obj (.text:clear_display)
                  0000e6da    0000000c     acceleration.obj (.text:do_acceleration_measurement)
                  0000e6e6    0000000c     CC430_End_Device_868MHz.lib : nwk_ping.obj (.text:handlePingRequest)
                  0000e6f2    0000000c     main.obj (.text:idle_loop)
                  0000e6fe    0000000c     rfsimpliciti.obj (.text:is_rf)
                  0000e70a    0000000c     temperature.obj (.text:is_temp_measurement)
                  0000e716    0000000c     CC430_End_Device_868MHz.lib : nwk.obj (.text:nwk_getNumObjectFromMsg)
                  0000e722    0000000c                                 : nwk_globals.obj (.text:nwk_setAPAddress)
                  0000e72e    0000000c     ez430_chronos_drivers.lib : vti_ps.obj (.text:ps_start)
                  0000e73a    0000000c     util.obj (.text:sx_util)
                  0000e746    0000000c     menu.obj (.text:update_alarm)
                  0000e752    0000000c     menu.obj (.text:update_battery_voltage)
                  0000e75e    0000000c     menu.obj (.text:update_stopwatch)
                  0000e76a    0000000c     menu.obj (.text:update_temperature)
                  0000e776    0000000c     util.obj (.text:update_util)
                  0000e782    0000000a     BlueRobin_RX_868MHz.lib : BRRX_Timer.obj (.text:BRRX__StopTimer_v)
                  0000e78c    0000000a     ez430_chronos_drivers.lib : ports.obj (.text:button_repeat_off)
                  0000e796    0000000a     CC430_End_Device_868MHz.lib : nwk_mgmt.obj (.text:nwk_mgmtInit)
                  0000e7a0    0000000a                                 : nwk_ping.obj (.text:nwk_pingInit)
                  0000e7aa    0000000a     ez430_chronos_drivers.lib : vti_ps.obj (.text:ps_stop)
                  0000e7b4    0000000a                               : buzzer.obj (.text:reset_buzzer)
                  0000e7be    0000000a     rfsimpliciti.obj (.text:reset_rf)
                  0000e7c8    0000000a     temperature.obj (.text:reset_temp_measurement)
                  0000e7d2    0000000a     util.obj (.text:restore_util)
                  0000e7dc    0000000a     rts430x.lib : fs_neg.obj (.text)
                  0000e7e6    0000000a     menu.obj (.text:update_date)
                  0000e7f0    0000000a     menu.obj (.text:update_time)
                  0000e7fa    00000008     BlueRobin_RX_868MHz.lib : BRRX_Radio.obj (.text:BRRX_GetFS_Offset_s8)
                  0000e802    00000008     ez430_chronos_drivers.lib : timer.obj (.text:Timer0_A3_Stop)
                  0000e80a    00000008                               : timer.obj (.text:Timer0_Start)
                  0000e812    00000008     slide.obj (.text:inv)
                  0000e81a    00000008     slide.obj (.text:square)
                  0000e822    00000008     alarm.obj (.text:stop_alarm)
                  0000e82a    00000008     main.obj (.text:to_lpm)
                  0000e832    00000006     BlueRobin_RX_868MHz.lib : BRRX_Timer.obj (.text:BRRX__CallTimer_v)
                  0000e838    00000006     CC430_End_Device_868MHz.lib : mrfi.obj (.text:MRFI_GetRadioState)
                  0000e83e    00000006     ez430_chronos_drivers.lib : display.obj (.text:clear_blink_mem)
                  0000e844    00000006     stopwatch.obj (.text:display_stopwatch)
                  0000e84a    00000006     main.obj (.text:line1)
                  0000e850    00000006     main.obj (.text:line2)
                  0000e856    00000006     CC430_End_Device_868MHz.lib : nwk.obj (.text:nwk_freeConnection)
                  0000e85c    00000006                                 : nwk_globals.obj (.text:nwk_getBCastAddress)
                  0000e862    00000006                                 : nwk_globals.obj (.text:nwk_getFWVersion)
                  0000e868    00000006                                 : nwk_frame.obj (.text:nwk_getMyRxType)
                  0000e86e    00000006     ez430_chronos_drivers.lib : display.obj (.text:start_blink)
                  0000e874    00000006                               : display.obj (.text:stop_blink)
                  0000e87a    00000006     altitude.obj (.text:sx_altitude)
                  0000e880    00000006     temperature.obj (.text:sx_temperature)
                  0000e886    00000004     CC430_End_Device_868MHz.lib : nwk_api.obj (.text:SMPL_Link)
                  0000e88a    00000004     rts430x.lib : pre_init.obj (.text:_system_pre_init)
                  0000e88e    00000004                 : exit.obj (.text:abort)
                  0000e892    00000004     bluerobin.obj (.text:is_bluerobin)
                  0000e896    00000004     bluerobin.obj (.text:is_bluerobin_searching)
                  0000e89a    00000004     CC430_End_Device_868MHz.lib : nwk.obj (.text:nwk_NVObj)
                  0000e89e    00000004                                 : nwk_globals.obj (.text:nwk_getProtocolVersion)
                  0000e8a2    00000004                                 : nwk_freq.obj (.text:nwk_processFreq)
                  0000e8a6    00000004                                 : nwk_security.obj (.text:nwk_processSecurity)
                  0000e8aa    00000004     ez430_chronos_drivers.lib : vti_ps.obj (.text:twi_delay)
                  0000e8ae    00000002     rts430x.lib : _lock.obj (.text:_nop)
                  0000e8b0    00000002     CC430_End_Device_868MHz.lib : nwk_freq.obj (.text:nwk_freqInit)
                  0000e8b2    00000002                                 : nwk_security.obj (.text:nwk_securityInit)

.const     0    0000e8b4    00000609     
                  0000e8b4    0000021f     ez430_chronos_drivers.lib : display.obj (.const:int_to_array_conversion_table)
                  0000ead3    00000001     --HOLE-- [fill = 0]
                  0000ead4    00000100     BlueRobin_RX_868MHz.lib : BR_Common.obj (.const:RandomValue_u8)
                  0000ebd4    00000090     menu.obj (.const)
                  0000ec64    00000070     <whole-program> (.const:.string)
                  0000ecd4    00000040     CC430_End_Device_868MHz.lib : mrfi.obj (.const:mrfiRadioCfg)
                  0000ed14    0000002b     ez430_chronos_drivers.lib : display.obj (.const:.string:lcd_font)
                  0000ed3f    00000001     --HOLE-- [fill = 0]
                  0000ed40    0000002a                               : display.obj (.const:.string:segments_bitmask)
                  0000ed6a    00000022                               : vti_ps.obj (.const:h0)
                  0000ed8c    00000022                               : vti_ps.obj (.const:p0)
                  0000edae    00000020     slide.obj (.const:named_calc)
                  0000edce    00000020     slide.obj (.const:pre_scale)
                  0000edee    00000020     slide.obj (.const:scale)
                  0000ee0e    00000020     slide.obj (.const:slide_fn)
                  0000ee2e    00000018     CC430_End_Device_868MHz.lib : nwk_frame.obj (.const:func)
                  0000ee46    00000014     util.obj (.const:util_dispfn)
                  0000ee5a    00000014     util.obj (.const:util_sxfn)
                  0000ee6e    00000014     util.obj (.const:util_upfn)
                  0000ee82    00000010     date.obj (.const:.string:dow_offset)
                  0000ee92    0000000c     date.obj (.const:.string:month_days)
                  0000ee9e    00000009     CC430_End_Device_868MHz.lib : nwk_globals.obj (.const)
                  0000eea7    00000001     --HOLE-- [fill = 0]
                  0000eea8    00000006     clock.obj (.const:selection_Timeformat)
                  0000eeae    00000004     BlueRobin_RX_868MHz.lib : BRRX_Resource.obj (.const)
                  0000eeb2    00000004     CC430_End_Device_868MHz.lib : mrfi.obj (.const:mrfiBroadcastAddr)
                  0000eeb6    00000004                                 : mrfi.obj (.const:mrfiLogicalChanTable)
                  0000eeba    00000003                                 : mrfi.obj (.const:mrfiRFPowerTable)

.cinit     0    0000eebe    000001d6     
                  0000eebe    000000ca     <whole-program> (.cinit)
                  0000ef88    0000004d     CC430_End_Device_868MHz.lib : mrfi.obj (.cinit)
                  0000efd5    00000001     --HOLE-- [fill = 0]
                  0000efd6    00000020                                 : nwk_frame.obj (.cinit)
                  0000eff6    00000019                                 : nwk_link.obj (.cinit)
                  0000f00f    00000001     --HOLE-- [fill = 0]
                  0000f010    00000017     BlueRobin_RX_868MHz.lib : BRRX_Scheduler.obj (.cinit)
                  0000f027    00000001     --HOLE-- [fill = 0]
                  0000f028    00000017                             : BRRX_Timer.obj (.cinit)
                  0000f03f    00000001     --HOLE-- [fill = 0]
                  0000f040    00000015     CC430_End_Device_868MHz.lib : nwk_join.obj (.cinit)
                  0000f055    00000001     --HOLE-- [fill = 0]
                  0000f056    0000000c     BlueRobin_RX_868MHz.lib : BRRX_Radio.obj (.cinit)
                  0000f062    0000000b                             : BRRX_Packet.obj (.cinit)
                  0000f06d    00000001     --HOLE-- [fill = 0]
                  0000f06e    0000000b     CC430_End_Device_868MHz.lib : nwk_mgmt.obj (.cinit)
                  0000f079    00000001     --HOLE-- [fill = 0]
                  0000f07a    00000005                                 : nwk.obj (.cinit)
                  0000f07f    00000001     --HOLE-- [fill = 0]
                  0000f080    00000005                                 : nwk_api.obj (.cinit)
                  0000f085    00000001     --HOLE-- [fill = 0]
                  0000f086    00000005                                 : nwk_globals.obj (.cinit)
                  0000f08b    00000001     --HOLE-- [fill = 0]
                  0000f08c    00000005                                 : nwk_ping.obj (.cinit)
                  0000f091    00000001     --HOLE-- [fill = 0]
                  0000f092    00000002     (.pad.cinit) [fill = 0]

.int48     0    0000ffe0    00000002     
                  0000ffe0    00000002     <whole-program> (.int48)

.int53     0    0000ffea    00000002     
                  0000ffea    00000002     ez430_chronos_drivers.lib : radio.obj (.int53)

.int54     0    0000ffec    00000002     
                  0000ffec    00000002     <whole-program> (.int54)

.int55     0    0000ffee    00000002     
                  0000ffee    00000002     <whole-program> (.int55)

.int56     0    0000fff0    00000002     
                  0000fff0    00000002     <whole-program> (.int56)

.reset     0    0000fffe    00000002     
                  0000fffe    00000002     rts430x.lib : boot.obj (.reset)


GLOBAL SYMBOLS: SORTED ALPHABETICALLY BY Name 

address    name
--------   ----
00001c00   .bss
00008000   .text
00000700   ADC12CTL0
00000701   ADC12CTL0_H
00000700   ADC12CTL0_L
00000702   ADC12CTL1
00000703   ADC12CTL1_H
00000702   ADC12CTL1_L
00000704   ADC12CTL2
00000705   ADC12CTL2_H
00000704   ADC12CTL2_L
0000070c   ADC12IE
0000070d   ADC12IE_H
0000070c   ADC12IE_L
0000070a   ADC12IFG
0000070b   ADC12IFG_H
0000070a   ADC12IFG_L
0000e27c   ADC12ISR
0000070e   ADC12IV
0000070f   ADC12IV_H
0000070e   ADC12IV_L
00000710   ADC12MCTL0
00000711   ADC12MCTL1
0000071a   ADC12MCTL10
0000071b   ADC12MCTL11
0000071c   ADC12MCTL12
0000071d   ADC12MCTL13
0000071e   ADC12MCTL14
0000071f   ADC12MCTL15
00000712   ADC12MCTL2
00000713   ADC12MCTL3
00000714   ADC12MCTL4
00000715   ADC12MCTL5
00000716   ADC12MCTL6
00000717   ADC12MCTL7
00000718   ADC12MCTL8
00000719   ADC12MCTL9
00000720   ADC12MEM0
00000721   ADC12MEM0_H
00000720   ADC12MEM0_L
00000722   ADC12MEM1
00000734   ADC12MEM10
00000735   ADC12MEM10_H
00000734   ADC12MEM10_L
00000736   ADC12MEM11
00000737   ADC12MEM11_H
00000736   ADC12MEM11_L
00000738   ADC12MEM12
00000739   ADC12MEM12_H
00000738   ADC12MEM12_L
0000073a   ADC12MEM13
0000073b   ADC12MEM13_H
0000073a   ADC12MEM13_L
0000073c   ADC12MEM14
0000073d   ADC12MEM14_H
0000073c   ADC12MEM14_L
0000073e   ADC12MEM15
0000073f   ADC12MEM15_H
0000073e   ADC12MEM15_L
00000723   ADC12MEM1_H
00000722   ADC12MEM1_L
00000724   ADC12MEM2
00000725   ADC12MEM2_H
00000724   ADC12MEM2_L
00000726   ADC12MEM3
00000727   ADC12MEM3_H
00000726   ADC12MEM3_L
00000728   ADC12MEM4
00000729   ADC12MEM4_H
00000728   ADC12MEM4_L
0000072a   ADC12MEM5
0000072b   ADC12MEM5_H
0000072a   ADC12MEM5_L
0000072c   ADC12MEM6
0000072d   ADC12MEM6_H
0000072c   ADC12MEM6_L
0000072e   ADC12MEM7
0000072f   ADC12MEM7_H
0000072e   ADC12MEM7_L
00000730   ADC12MEM8
00000731   ADC12MEM8_H
00000730   ADC12MEM8_L
00000732   ADC12MEM9
00000733   ADC12MEM9_H
00000732   ADC12MEM9_L
000009c0   AESACTL0
000009c1   AESACTL0_H
000009c0   AESACTL0_L
000009c8   AESADIN
000009c9   AESADIN_H
000009c8   AESADIN_L
000009ca   AESADOUT
000009cb   AESADOUT_H
000009ca   AESADOUT_L
000009c6   AESAKEY
000009c7   AESAKEY_H
000009c6   AESAKEY_L
000009c4   AESASTAT
000009c5   AESASTAT_H
000009c4   AESASTAT_L
0000e7fa   BRRX_GetFS_Offset_s8
0000de70   BRRX_GetState_t
0000c5f4   BRRX_PacketEndTimerTask_v
0000bdaa   BRRX_RadioReceive_v
0000d7a6   BRRX_RadioStop_v
0000d3ba   BRRX_TimerTask_v
0000e832   BRRX__CallTimer_v
00001ef2   BRRX__CurrentPacketTime_u16
00001ef4   BRRX__CurrentSignalLevel_u8
0000d284   BRRX__DecodePacket_u8
0000eeae   BRRX__First_TXCB_t
0000e69e   BRRX__GetCurrentTime_u16
0000eeb0   BRRX__Last_TXCB_t
00001e5e   BRRX__MaxSearchTries_u8
0000d144   BRRX__NewInfo_v
00001eb4   BRRX__NextEndTime_u16
00001eb2   BRRX__NextEventTime_u16
00001eb7   BRRX__NextFrequencyOffset_s8
00001eb6   BRRX__NextFrequency_u8
00001e62   BRRX__PacketBits_t
00001e5c   BRRX__PowerdownDelay_u8
0000829a   BRRX__Scheduler_v
00001e5f   BRRX__SearchRatio_u8
00001e5d   BRRX__SignalLevelReduction
0000c824   BRRX__StartNewSearch_v
00001ef0   BRRX__StatusFlags_t
0000e782   BRRX__StopTimer_v
00001df2   BRRX__TXCB_t
00001e60   BRRX__TestMode_u8
00001eb8   BRRX__TimerState_t
0000d66e   BR__CalcCRC_u8
0000cd38   BR__CalcRandomTimeOffset_u16
0000d6a2   BSP_Delay
0000e5e8   BSP_InitBoard
0000e4fe   BlueRobin_RadioISR_v
0000e88e   C$$EXIT
000008c0   CBCTL0
000008c1   CBCTL0_H
000008c0   CBCTL0_L
000008c2   CBCTL1
000008c3   CBCTL1_H
000008c2   CBCTL1_L
000008c4   CBCTL2
000008c5   CBCTL2_H
000008c4   CBCTL2_L
000008c6   CBCTL3
000008c7   CBCTL3_H
000008c6   CBCTL3_L
000008cc   CBINT
000008cd   CBINT_H
000008cc   CBINT_L
000008ce   CBIV
00000150   CRCDI
00000152   CRCDIRB
00000153   CRCDIRB_H
00000152   CRCDIRB_L
00000151   CRCDI_H
00000150   CRCDI_L
00000154   CRCINIRES
00000155   CRCINIRES_H
00000154   CRCINIRES_L
00000156   CRCRESR
00000157   CRCRESR_H
00000156   CRCRESR_L
00000510   DMA0CTL
00000511   DMA0CTL_H
00000510   DMA0CTL_L
00000516   DMA0DA
00000516   DMA0DAL
00000512   DMA0SA
00000512   DMA0SAL
0000051a   DMA0SZ
00000520   DMA1CTL
00000521   DMA1CTL_H
00000520   DMA1CTL_L
00000526   DMA1DA
00000526   DMA1DAL
00000522   DMA1SA
00000522   DMA1SAL
0000052a   DMA1SZ
00000530   DMA2CTL
00000531   DMA2CTL_H
00000530   DMA2CTL_L
00000536   DMA2DA
00000536   DMA2DAL
00000532   DMA2SA
00000532   DMA2SAL
0000053a   DMA2SZ
00000500   DMACTL0
00000501   DMACTL0_H
00000500   DMACTL0_L
00000502   DMACTL1
00000503   DMACTL1_H
00000502   DMACTL1_L
00000504   DMACTL2
00000505   DMACTL2_H
00000504   DMACTL2_L
00000506   DMACTL3
00000507   DMACTL3_H
00000506   DMACTL3_L
00000508   DMACTL4
00000509   DMACTL4_H
00000508   DMACTL4_L
0000050e   DMAIV
0000050f   DMAIV_H
0000050e   DMAIV_L
00000140   FCTL1
00000141   FCTL1_H
00000140   FCTL1_L
00000144   FCTL3
00000145   FCTL3_H
00000144   FCTL3_L
00000146   FCTL4
00000147   FCTL4_H
00000146   FCTL4_L
00000a04   LCDBBLKCTL
00000a05   LCDBBLKCTL_H
00000a04   LCDBBLKCTL_L
00000a12   LCDBCPCTL
00000a13   LCDBCPCTL_H
00000a12   LCDBCPCTL_L
00000a00   LCDBCTL0
00000a01   LCDBCTL0_H
00000a00   LCDBCTL0_L
00000a02   LCDBCTL1
00000a03   LCDBCTL1_H
00000a02   LCDBCTL1_L
00000a1e   LCDBIV
00000a40   LCDBM1
00000a49   LCDBM10
00000a4a   LCDBM11
00000a4b   LCDBM12
00000a4c   LCDBM13
00000a4d   LCDBM14
00000a4e   LCDBM15
00000a4f   LCDBM16
00000a50   LCDBM17
00000a51   LCDBM18
00000a52   LCDBM19
00000a41   LCDBM2
00000a53   LCDBM20
00000a54   LCDBM21
00000a55   LCDBM22
00000a56   LCDBM23
00000a57   LCDBM24
00000a42   LCDBM3
00000a43   LCDBM4
00000a44   LCDBM5
00000a45   LCDBM6
00000a46   LCDBM7
00000a47   LCDBM8
00000a48   LCDBM9
00000a06   LCDBMEMCTL
00000a07   LCDBMEMCTL_H
00000a06   LCDBMEMCTL_L
00000a0a   LCDBPCTL0
00000a0b   LCDBPCTL0_H
00000a0a   LCDBPCTL0_L
00000a0c   LCDBPCTL1
00000a0d   LCDBPCTL1_H
00000a0c   LCDBPCTL1_L
00000a0e   LCDBPCTL2
00000a0f   LCDBPCTL2_H
00000a0e   LCDBPCTL2_L
00000a10   LCDBPCTL3
00000a11   LCDBPCTL3_H
00000a10   LCDBPCTL3_L
00000a08   LCDBVCTL
00000a09   LCDBVCTL_H
00000a08   LCDBVCTL_L
00000a20   LCDM1
00000a29   LCDM10
00000a2a   LCDM11
00000a2b   LCDM12
00000a2c   LCDM13
00000a2d   LCDM14
00000a2e   LCDM15
00000a2f   LCDM16
00000a30   LCDM17
00000a31   LCDM18
00000a32   LCDM19
00000a21   LCDM2
00000a33   LCDM20
00000a34   LCDM21
00000a35   LCDM22
00000a36   LCDM23
00000a37   LCDM24
00000a22   LCDM3
00000a23   LCDM4
00000a24   LCDM5
00000a25   LCDM6
00000a26   LCDM7
00000a27   LCDM8
00000a28   LCDM9
0000d2fa   L_ASR_1
0000d2d6   L_ASR_10
0000d2d2   L_ASR_11
0000d2ce   L_ASR_12
0000d2ca   L_ASR_13
0000d2c6   L_ASR_14
0000d2c2   L_ASR_15
0000d2f6   L_ASR_2
0000d2f2   L_ASR_3
0000d2ee   L_ASR_4
0000d2ea   L_ASR_5
0000d2e6   L_ASR_6
0000d2e2   L_ASR_7
0000d2de   L_ASR_8
0000d2da   L_ASR_9
0000d338   L_LSL_1
0000d314   L_LSL_10
0000d310   L_LSL_11
0000d30c   L_LSL_12
0000d308   L_LSL_13
0000d304   L_LSL_14
0000d300   L_LSL_15
0000d334   L_LSL_2
0000d330   L_LSL_3
0000d32c   L_LSL_4
0000d328   L_LSL_5
0000d324   L_LSL_6
0000d320   L_LSL_7
0000d31c   L_LSL_8
0000d318   L_LSL_9
0000d376   L_LSR_1
0000d352   L_LSR_10
0000d34e   L_LSR_11
0000d34a   L_LSR_12
0000d346   L_LSR_13
0000d342   L_LSR_14
0000d33e   L_LSR_15
0000d372   L_LSR_2
0000d36e   L_LSR_3
0000d36a   L_LSR_4
0000d366   L_LSR_5
0000d362   L_LSR_6
0000d35e   L_LSR_7
0000d35a   L_LSR_8
0000d356   L_LSR_9
000004c4   MAC
000004da   MAC32H
000004db   MAC32H_H
000004da   MAC32H_L
000004d8   MAC32L
000004d9   MAC32L_H
000004d8   MAC32L_L
000004c6   MACS
000004de   MACS32H
000004df   MACS32H_H
000004de   MACS32H_L
000004dc   MACS32L
000004dd   MACS32L_H
000004dc   MACS32L_L
000004c7   MACS_H
000004c6   MACS_L
000004c5   MAC_H
000004c4   MAC_L
000004c0   MPY
000004ec   MPY32CTL0
000004ed   MPY32CTL0_H
000004ec   MPY32CTL0_L
000004d2   MPY32H
000004d3   MPY32H_H
000004d2   MPY32H_L
000004d0   MPY32L
000004d1   MPY32L_H
000004d0   MPY32L_L
000004c2   MPYS
000004d6   MPYS32H
000004d7   MPYS32H_H
000004d6   MPYS32H_L
000004d4   MPYS32L
000004d5   MPYS32L_H
000004d4   MPYS32L_L
000004c3   MPYS_H
000004c2   MPYS_L
000004c1   MPY_H
000004c0   MPY_L
0000e2ca   MRFI_DelayMs
0000e0ec   MRFI_EnableRxAddrFilter
0000e838   MRFI_GetRadioState
000090fc   MRFI_Init
0000e6aa   MRFI_PostKillSem
0000c530   MRFI_RadioIsr
0000e35a   MRFI_RandomByte
0000e6b6   MRFI_Receive
0000d3f6   MRFI_ReplyDelay
0000dfac   MRFI_Rssi
0000dfcc   MRFI_RxCompleteISR
0000dfec   MRFI_RxIdle
0000e00c   MRFI_RxOn
0000d7d8   MRFI_SetLogicalChannel
0000e262   MRFI_SetRFPwr
0000db06   MRFI_SetRxAddrFilter
0000de94   MRFI_Sleep
0000aa80   MRFI_Transmit
0000df24   MRFI_WakeUp
000004c8   OP2
000004e2   OP2H
000004e3   OP2H_H
000004e2   OP2H_L
000004e0   OP2L
000004e1   OP2L_H
000004e0   OP2L_L
000004c9   OP2_H
000004c8   OP2_L
0000020e   P1IV
000001c8   P1MAP01
000001c9   P1MAP01_H
000001c8   P1MAP01_L
000001ca   P1MAP23
000001cb   P1MAP23_H
000001ca   P1MAP23_L
000001cc   P1MAP45
000001cd   P1MAP45_H
000001cc   P1MAP45_L
000001ce   P1MAP67
000001cf   P1MAP67_H
000001ce   P1MAP67_L
0000021e   P2IV
000001d0   P2MAP01
000001d1   P2MAP01_H
000001d0   P2MAP01_L
000001d2   P2MAP23
000001d3   P2MAP23_H
000001d2   P2MAP23_L
000001d4   P2MAP45
000001d5   P2MAP45_H
000001d4   P2MAP45_L
000001d6   P2MAP67
000001d7   P2MAP67_H
000001d6   P2MAP67_L
000001d8   P3MAP01
000001d9   P3MAP01_H
000001d8   P3MAP01_L
000001da   P3MAP23
000001db   P3MAP23_H
000001da   P3MAP23_L
000001dc   P3MAP45
000001dd   P3MAP45_H
000001dc   P3MAP45_L
000001de   P3MAP67
000001df   P3MAP67_H
000001de   P3MAP67_L
00000204   PADIR
00000205   PADIR_H
00000204   PADIR_L
00000208   PADS
00000209   PADS_H
00000208   PADS_L
0000021a   PAIE
00000218   PAIES
00000219   PAIES_H
00000218   PAIES_L
0000021b   PAIE_H
0000021a   PAIE_L
0000021c   PAIFG
0000021d   PAIFG_H
0000021c   PAIFG_L
00000200   PAIN
00000201   PAIN_H
00000200   PAIN_L
00000202   PAOUT
00000203   PAOUT_H
00000202   PAOUT_L
00000206   PAREN
00000207   PAREN_H
00000206   PAREN_L
0000020a   PASEL
0000020b   PASEL_H
0000020a   PASEL_L
00000224   PBDIR
00000225   PBDIR_H
00000224   PBDIR_L
00000228   PBDS
00000229   PBDS_H
00000228   PBDS_L
00000220   PBIN
00000221   PBIN_H
00000220   PBIN_L
00000222   PBOUT
00000223   PBOUT_H
00000222   PBOUT_L
00000226   PBREN
00000227   PBREN_H
00000226   PBREN_L
0000022a   PBSEL
0000022b   PBSEL_H
0000022a   PBSEL_L
00000244   PCDIR
00000245   PCDIR_H
00000244   PCDIR_L
00000248   PCDS
00000249   PCDS_H
00000248   PCDS_L
00000240   PCIN
00000241   PCIN_H
00000240   PCIN_L
00000242   PCOUT
00000243   PCOUT_H
00000242   PCOUT_L
00000246   PCREN
00000247   PCREN_H
00000246   PCREN_L
0000024a   PCSEL
0000024b   PCSEL_H
0000024a   PCSEL_L
00000324   PJDIR
00000325   PJDIR_H
00000324   PJDIR_L
00000328   PJDS
00000329   PJDS_H
00000328   PJDS_L
00000320   PJIN
00000321   PJIN_H
00000320   PJIN_L
00000322   PJOUT
00000323   PJOUT_H
00000322   PJOUT_L
00000326   PJREN
00000327   PJREN_H
00000326   PJREN_L
000001c2   PMAPCTL
000001c3   PMAPCTL_H
000001c2   PMAPCTL_L
000001c0   PMAPKEYID
000001c1   PMAPKEYID_H
000001c0   PMAPKEYID_L
00000120   PMMCTL0
00000121   PMMCTL0_H
00000120   PMMCTL0_L
00000122   PMMCTL1
00000123   PMMCTL1_H
00000122   PMMCTL1_L
0000012c   PMMIFG
0000012d   PMMIFG_H
0000012c   PMMIFG_L
0000012e   PMMRIE
0000012f   PMMRIE_H
0000012e   PMMRIE_L
00008778   PORT2_ISR
00000158   RCCTL0
00000159   RCCTL0_H
00000158   RCCTL0_L
000001b0   REFCTL0
000001b1   REFCTL0_H
000001b0   REFCTL0_L
000004e4   RES0
000004e5   RES0_H
000004e4   RES0_L
000004e6   RES1
000004e7   RES1_H
000004e6   RES1_L
000004e8   RES2
000004e9   RES2_H
000004e8   RES2_L
000004ea   RES3
000004eb   RES3_H
000004ea   RES3_L
000004cc   RESHI
000004cd   RESHI_H
000004cc   RESHI_L
000004ca   RESLO
000004cb   RESLO_H
000004ca   RESLO_L
00000f16   RF1ADINW
00000f17   RF1ADINW_H
00000f16   RF1ADINW_L
00000f28   RF1ADOUT0W
00000f29   RF1ADOUT0W_H
00000f28   RF1ADOUT0W_L
00000f2a   RF1ADOUT1W
00000f2b   RF1ADOUT1W_H
00000f2a   RF1ADOUT1W_L
00000f2c   RF1ADOUT2W
00000f2d   RF1ADOUT2W_H
00000f2c   RF1ADOUT2W_L
00000f36   RF1AIE
00000f34   RF1AIES
00000f35   RF1AIES_H
00000f34   RF1AIES_L
00000f37   RF1AIE_H
00000f36   RF1AIE_L
00000f00   RF1AIFCTL0
00000f01   RF1AIFCTL0_H
00000f00   RF1AIFCTL0_L
00000f02   RF1AIFCTL1
00000f03   RF1AIFCTL1_H
00000f02   RF1AIFCTL1_L
00000f04   RF1AIFCTL2
00000f05   RF1AIFCTL2_H
00000f04   RF1AIFCTL2_L
00000f06   RF1AIFERR
00000f0c   RF1AIFERRV
00000f0d   RF1AIFERRV_H
00000f0c   RF1AIFERRV_L
00000f07   RF1AIFERR_H
00000f06   RF1AIFERR_L
00000f32   RF1AIFG
00000f33   RF1AIFG_H
00000f32   RF1AIFG_L
00000f0e   RF1AIFIV
00000f0f   RF1AIFIV_H
00000f0e   RF1AIFIV_L
00000f30   RF1AIN
00000f12   RF1AINSTR1W
00000f13   RF1AINSTR1W_H
00000f12   RF1AINSTR1W_L
00000f14   RF1AINSTR2W
00000f15   RF1AINSTR2W_H
00000f14   RF1AINSTR2W_L
00000f10   RF1AINSTRW
00000f11   RF1AINSTRW_H
00000f10   RF1AINSTRW_L
00000f31   RF1AIN_H
00000f30   RF1AIN_L
00000f38   RF1AIV
00000f39   RF1AIV_H
00000f38   RF1AIV_L
00000f3c   RF1ARXFIFO
00000f3d   RF1ARXFIFO_H
00000f3c   RF1ARXFIFO_L
00000f20   RF1ASTAT0W
00000f21   RF1ASTAT0W_H
00000f20   RF1ASTAT0W_L
00000f22   RF1ASTAT1W
00000f23   RF1ASTAT1W_H
00000f22   RF1ASTAT1W_L
00000f24   RF1ASTAT2W
00000f25   RF1ASTAT2W_H
00000f24   RF1ASTAT2W_L
00000f3e   RF1ATXFIFO
00000f3f   RF1ATXFIFO_H
00000f3e   RF1ATXFIFO_L
000004ba   RTCADOWDAY
000004bb   RTCADOWDAY_H
000004ba   RTCADOWDAY_L
000004b8   RTCAMINHR
000004b9   RTCAMINHR_H
000004b8   RTCAMINHR_L
000004a0   RTCCTL01
000004a1   RTCCTL01_H
000004a0   RTCCTL01_L
000004a2   RTCCTL23
000004a3   RTCCTL23_H
000004a2   RTCCTL23_L
000004b4   RTCDATE
000004b5   RTCDATE_H
000004b4   RTCDATE_L
000004ae   RTCIV
000004ac   RTCPS
000004a8   RTCPS0CTL
000004a9   RTCPS0CTL_H
000004a8   RTCPS0CTL_L
000004aa   RTCPS1CTL
000004ab   RTCPS1CTL_H
000004aa   RTCPS1CTL_L
000004ad   RTCPS_H
000004ac   RTCPS_L
000004b0   RTCTIM0
000004b1   RTCTIM0_H
000004b0   RTCTIM0_L
000004b2   RTCTIM1
000004b3   RTCTIM1_H
000004b2   RTCTIM1_L
000004b6   RTCYEAR
000004b7   RTCYEAR_H
000004b6   RTCYEAR_L
0000ead4   RandomValue_u8
0000cf6c   ReadBurstReg
0000e386   ReadSingleReg
00000100   SFRIE1
00000101   SFRIE1_H
00000100   SFRIE1_L
00000102   SFRIFG1
00000103   SFRIFG1_H
00000102   SFRIFG1_L
00000104   SFRRPCR
00000105   SFRRPCR_H
00000104   SFRRPCR_L
0000d6d6   SMPL_Init
000098e4   SMPL_Ioctl
0000e886   SMPL_Link
0000cfb0   SMPL_Receive
0000a618   SMPL_SendOpt
000004ce   SUMEXT
000004cf   SUMEXT_H
000004ce   SUMEXT_L
00000124   SVSMHCTL
00000125   SVSMHCTL_H
00000124   SVSMHCTL_L
00000128   SVSMIO
00000129   SVSMIO_H
00000128   SVSMIO_L
00000126   SVSMLCTL
00000127   SVSMLCTL_H
00000126   SVSMLCTL_L
00000198   SYSBERRIV
00000199   SYSBERRIV_H
00000198   SYSBERRIV_L
00000182   SYSBSLC
00000183   SYSBSLC_H
00000182   SYSBSLC_L
00000180   SYSCTL
00000181   SYSCTL_H
00000180   SYSCTL_L
00000186   SYSJMBC
00000187   SYSJMBC_H
00000186   SYSJMBC_L
00000188   SYSJMBI0
00000189   SYSJMBI0_H
00000188   SYSJMBI0_L
0000018a   SYSJMBI1
0000018b   SYSJMBI1_H
0000018a   SYSJMBI1_L
0000018c   SYSJMBO0
0000018d   SYSJMBO0_H
0000018c   SYSJMBO0_L
0000018e   SYSJMBO1
0000018f   SYSJMBO1_H
0000018e   SYSJMBO1_L
0000019e   SYSRSTIV
0000019f   SYSRSTIV_H
0000019e   SYSRSTIV_L
0000019c   SYSSNIV
0000019d   SYSSNIV_H
0000019c   SYSSNIV_L
0000019a   SYSUNIV
0000019b   SYSUNIV_H
0000019a   SYSUNIV_L
0000dcce   SetVCore
0000dcf4   SetVCoreDown
0000cdc8   SetVCoreUp
0000b582   Strobe
00000352   TA0CCR0
00000354   TA0CCR1
00000356   TA0CCR2
00000358   TA0CCR3
0000035a   TA0CCR4
00000342   TA0CCTL0
00000344   TA0CCTL1
00000346   TA0CCTL2
00000348   TA0CCTL3
0000034a   TA0CCTL4
00000340   TA0CTL
00000360   TA0EX0
0000036e   TA0IV
00000350   TA0R
00000392   TA1CCR0
00000394   TA1CCR1
00000396   TA1CCR2
00000382   TA1CCTL0
00000384   TA1CCTL1
00000386   TA1CCTL2
00000380   TA1CTL
000003a0   TA1EX0
000003ae   TA1IV
00000390   TA1R
0000851e   TIMER0_A0_ISR
0000bc26   TIMER0_A1_5_ISR
0000db84   Timer0_A3_Start
0000e802   Timer0_A3_Stop
0000c652   Timer0_A4_Delay
0000e436   Timer0_Init
0000e80a   Timer0_Start
0000e6c2   Timer0_Stop
000005d0   UCA0ABCTL
000005c6   UCA0BRW
000005c7   UCA0BRW_H
000005c6   UCA0BRW_L
000005c0   UCA0CTLW0
000005c1   UCA0CTLW0_H
000005c0   UCA0CTLW0_L
000005dc   UCA0ICTL
000005dd   UCA0ICTL_H
000005dc   UCA0ICTL_L
000005d2   UCA0IRCTL
000005d3   UCA0IRCTL_H
000005d2   UCA0IRCTL_L
000005de   UCA0IV
000005c8   UCA0MCTL
000005cc   UCA0RXBUF
000005ca   UCA0STAT
000005ce   UCA0TXBUF
000005e6   UCB0BRW
000005e7   UCB0BRW_H
000005e6   UCB0BRW_L
000005e0   UCB0CTLW0
000005e1   UCB0CTLW0_H
000005e0   UCB0CTLW0_L
000005f0   UCB0I2COA
000005f1   UCB0I2COA_H
000005f0   UCB0I2COA_L
000005f2   UCB0I2CSA
000005f3   UCB0I2CSA_H
000005f2   UCB0I2CSA_L
000005fc   UCB0ICTL
000005fd   UCB0ICTL_H
000005fc   UCB0ICTL_L
000005fe   UCB0IV
000005ec   UCB0RXBUF
000005ea   UCB0STAT
000005ee   UCB0TXBUF
00000160   UCSCTL0
00000161   UCSCTL0_H
00000160   UCSCTL0_L
00000162   UCSCTL1
00000163   UCSCTL1_H
00000162   UCSCTL1_L
00000164   UCSCTL2
00000165   UCSCTL2_H
00000164   UCSCTL2_L
00000166   UCSCTL3
00000167   UCSCTL3_H
00000166   UCSCTL3_L
00000168   UCSCTL4
00000169   UCSCTL4_H
00000168   UCSCTL4_L
0000016a   UCSCTL5
0000016b   UCSCTL5_H
0000016a   UCSCTL5_L
0000016c   UCSCTL6
0000016d   UCSCTL6_H
0000016c   UCSCTL6_L
0000016e   UCSCTL7
0000016f   UCSCTL7_H
0000016e   UCSCTL7_L
00000170   UCSCTL8
00000171   UCSCTL8_H
00000170   UCSCTL8_L
0000015c   WDTCTL
0000015d   WDTCTL_H
0000015c   WDTCTL_L
0000d55a   WriteSingleReg
00002bfc   __STACK_END
00000050   __STACK_SIZE
00000001   __TI_args_main
00000001   __TI_auto_init
00000001   __TI_exit
ffffffff   __binit__
00001c00   __bss__
ffffffff   __c_args__
0000eebe   __cinit__
0000dada   __divi
0000d204   __divli
0000e3de   __divu
0000c8d4   __divul
00001f0d   __end__
0000e8b4   __etext__
00009694   __fs_add
0000cc5a   __fs_cmp
0000b860   __fs_div
0000d638   __fs_itof
0000cca4   __fs_ltof
0000af02   __fs_mpy
0000e7dc   __fs_neg
0000968e   __fs_sub
0000c330   __fs_toi
0000bf24   __fs_tol
0000cee0   __fs_tou
0000d904   __fs_ultof
0000df00   __fs_utof
0000e3f4   __mpyi_f5hw
ffffffff   __pinit__
0000dada   __remi
0000d204   __remli
0000e3de   __remu
0000c8d4   __remul
00008000   __text__
0000ce0e   _auto_init
0000dbae   _c_int00
0000dbae   _c_int00_noexit
00001ed2   _cleanup_ptr
00001ed6   _dtors_ptr
00001eca   _lock
0000e8ae   _nop
0000fffe   _reset_vector
00002bac   _stack
0000e88a   _system_pre_init
00001ece   _unlock
0000e88e   abort
00001f0c   adc12_data_ready
00001f0a   adc12_result
0000c2c8   adc12_single_conversion
0000cff4   add_day
0000dbd8   as_get_data
0000da26   as_init
00001e39   as_ok
0000c25c   as_read_register
0000bcaa   as_start
0000d80a   as_stop
0000c400   as_write_register
0000e2e2   atan
0000c592   atanh
0000be28   battery_measurement
0000d83c   bend
ffffffff   binit
00001eee   brrx_packet_end_cap_value
00001d1c   burst_end
00001d18   burst_mode
00001d1e   burst_packet
00001d30   burst_packet_index
00001d1a   burst_start
00001e8a   button
0000cbc2   button_repeat_function
0000e78c   button_repeat_off
0000e39c   button_repeat_on
0000ba06   calc_slide
0000e1a0   check_alarm
0000eebe   cinit
0000e83e   clear_blink_mem
0000e6ce   clear_display
0000e1bc   clear_display_all
0000ca7e   clear_line
0000c7c8   clock_tick
0000e5f8   close_radio
00008000   conv_pa_to_meter
0000e146   convert_C_to_F
0000e2fa   convert_F_to_C
0000e44a   convert_ft_to_m
0000e312   convert_hour_to_12H_format
0000e45e   convert_m_to_ft
0000e472   countdown_buzzer
00001e14   day_names
00001c8c   display
0000b450   display_alarm
00009f50   display_altitude
0000e1d8   display_am_pm_symbol
0000c6b0   display_battery_V
0000c106   display_char
0000a8d8   display_chars
0000c92c   display_date
0000ce54   display_hours
0000e02c   display_pin
0000e486   display_rf
0000dc02   display_rfbsl
0000e608   display_selection_Timeformat1
0000e49a   display_slide
0000e844   display_stopwatch
000097be   display_stopwatchf
0000e3b2   display_symbol
0000e4ae   display_sync
0000a524   display_temperature
0000a04a   display_time
00009a02   display_update
0000e658   display_util
0000df46   display_value
0000e6da   do_acceleration_measurement
0000ba90   do_altitude_measurement
0000ee82   dow_offset
00001f0d   end
0000e8b4   etext
00001e38   flip_alt
00001ee8   flip_temp
00001e94   fn_calc
00001f02   fn_util
00001eda   fptr_Timer0_A3_function
00001dc8   fptr_lcd_function_line1
00001dbc   fptr_lcd_function_line1m
00001dcc   fptr_lcd_function_line2
00001dc4   fptr_lcd_function_line2m
0000c01a   get_day
0000e4c2   get_numberOfDays
0000ed6a   h0
0000e6f2   idle_loop
00001e96   in_calc
0000ab46   init_application
0000dd40   init_buttons
0000bea6   init_global_variables
0000dd66   init_pressure_table
0000ac0c   int_to_array
0000e8b4   int_to_array_conversion_table
00001ce2   int_to_array_str
0000e812   inv
0000ad94   irt
0000e510   is_acceleration_measurement
0000e522   is_altitude_measurement
0000e892   is_bluerobin
0000e896   is_bluerobin_searching
0000e666   is_hour_am
0000e6fe   is_rf
0000e534   is_stopwatch
0000e70a   is_temp_measurement
0000ed14   lcd_font
0000dc2c   lcd_init
0000e84a   line1
0000e850   line2
0000c982   log
0000d86e   main
0000dedc   memcmp
0000e546   memcpy
0000e04c   memmove
0000e4ea   memset
0000ebe6   menu_L1_Alarm
0000ec0a   menu_L1_Altitude
0000ebf8   menu_L1_Temperature
0000ebd4   menu_L1_Time
0000ec1c   menu_L2_Date
0000ec2e   menu_L2_Slide
0000ec40   menu_L2_Stopwatch
0000ec52   menu_L2_Util
00001dc0   message
00001db4   method
0000ee92   month_days
0000eeb2   mrfiBroadcastAddr
0000ecd4   mrfiRadioCfg
0000b740   mrfiRadioInterfaceCmdStrobe
0000ce9a   mrfiRadioInterfaceReadReg
0000c4cc   mrfiRadioInterfaceReadRxFifo
0000d73e   mrfiRadioInterfaceWriteReg
0000d772   mrfiRadioInterfaceWriteTxFifo
0000a23e   mx_alarm
0000a144   mx_altitude
00008f26   mx_date
0000c178   mx_slide
0000e674   mx_stopwatch
00009d3a   mx_temperature
00008972   mx_time
0000e296   mx_util
0000edae   named_calc
0000e89a   nwk_NVObj
0000e1f4   nwk_QInit
0000daae   nwk_QadjustOrder
0000a706   nwk_QfindOldest
0000c090   nwk_QfindSlot
0000a9ac   nwk_allocateLocalRxPort
0000df68   nwk_buildAckReqFrame
0000b7d0   nwk_buildFrame
0000dd8c   nwk_checkConnInfo
0000e06c   nwk_connectionControl
0000d8a0   nwk_deviceAddress
0000d432   nwk_findPeer
0000e164   nwk_frameInit
0000e856   nwk_freeConnection
0000e8b0   nwk_freqInit
0000e85c   nwk_getBCastAddress
0000dc7e   nwk_getConnInfo
0000e862   nwk_getFWVersion
0000e558   nwk_getJoinToken
0000e56a   nwk_getLinkToken
0000e57c   nwk_getMyAddress
0000e868   nwk_getMyRxType
0000d37c   nwk_getNextConnection
0000e716   nwk_getNumObjectFromMsg
0000e89e   nwk_getProtocolVersion
0000ddb2   nwk_globalsInit
0000b97a   nwk_isConnectionValid
0000d46e   nwk_isLinkDuplicate
0000d184   nwk_isValidReply
0000a336   nwk_join
0000ddd8   nwk_joinInit
000093f2   nwk_link
0000d968   nwk_linkInit
0000e796   nwk_mgmtInit
0000b618   nwk_nwkInit
0000e7a0   nwk_pingInit
0000e8a2   nwk_processFreq
0000e210   nwk_processJoin
0000ddfe   nwk_processLink
0000d520   nwk_processMgmt
0000dca6   nwk_processPing
0000e8a6   nwk_processSecurity
0000d602   nwk_putNumObjectIntoMsg
0000b318   nwk_radioControl
0000d998   nwk_rawReceive
0000cad0   nwk_rawSend
0000b1d6   nwk_retrieveFrame
0000e8b2   nwk_securityInit
0000bd2a   nwk_sendAckReply
0000d9c8   nwk_sendFrame
0000e722   nwk_setAPAddress
0000e58e   nwk_setJoinToken
0000e5a0   nwk_setLinkToken
0000e182   nwk_setMyAddress
0000e5b2   open_radio
00001e9a   out_calc
00001d32   p
0000ed8c   p0
00001f04   pin_gen
0000da54   pin_generate
ffffffff   pinit
0000edce   pre_scale
0000d038   process_requests
0000c466   ps_get_pa
0000cc0e   ps_get_temp
0000bfa2   ps_init
00001d76   ps_ok
0000c1ea   ps_read_register
0000e72e   ps_start
0000e7aa   ps_stop
0000cb22   ps_twi_read
0000b4ea   ps_twi_sda
0000d102   ps_twi_write
0000c87c   ps_write_register
00001dd0   ptrMenu_L1
00001dd2   ptrMenu_L2
00001db8   quick
0000d592   radio_ISR
0000e618   radio_powerdown
0000d8d2   radio_reset
0000acd0   read_calibration_values
0000e3c8   rel
00001dba   request
0000e682   reset_acceleration
0000e32a   reset_alarm
0000d1c4   reset_altitude_measurement
0000e5c4   reset_batt_measurement
0000e7b4   reset_buzzer
0000e08c   reset_clock
0000e342   reset_date
0000e7be   reset_rf
0000e0ac   reset_stopwatch
0000e7c8   reset_temp_measurement
0000e7d2   restore_util
00001ea7   rfBSL_button_confirmation
00001dc2   rf_frequoffset
00001e80   sAccel
00001efa   sAlarm
00001e2a   sAlt
00001eba   sBatt
00001efe   sBlueRobin
00001e8c   sButton
00001ec2   sBuzzer
00001e0e   sDate
00001db5   sInit_done
00001cea   sRFsmpl
00001e48   sStopwatch
00001ee2   sTemp
00001e3a   sTime
00001ede   sTimer
0000edee   scale
0000ed40   segments_bitmask
00001c8e   segments_lcdmem
0000eea8   selection_Timeformat
0000e690   set_blink_rate
00008b66   set_value
00001cf2   simpliciti_data
00001d12   simpliciti_ed_address
00001cf0   simpliciti_flag
0000b278   simpliciti_get_ed_data_callback
0000afb8   simpliciti_link
0000b06e   simpliciti_main_sync
0000cf26   simpliciti_main_tx_only
00001d16   simpliciti_payload_length
00001d17   simpliciti_reply_count
00009544   simpliciti_sync_decode_ap_cmd_callback
0000a7f4   simpliciti_sync_get_data_callback
0000ee0e   slide_fn
0000e40a   sqrt
0000e81a   square
0000d244   start_altitude_measurement
0000e86e   start_blink
0000cd80   start_buzzer
0000b3b4   start_simpliciti_sync
0000b124   start_simpliciti_tx_only
0000df8a   start_stopwatch
0000e822   stop_alarm
0000e22c   stop_altitude_measurement
0000e874   stop_blink
0000e0cc   stop_buzzer
0000e2b0   stop_stopwatch
00009e46   stopwatch_tick
0000e628   switch_seg
0000d936   sx_alarm
0000e87a   sx_altitude
0000e638   sx_date
0000de24   sx_rf
0000c9d8   sx_rfbsl
0000e5d6   sx_slide
0000e420   sx_stopwatch
0000de4a   sx_sync
0000e880   sx_temperature
0000e648   sx_time
0000e73a   sx_util
00001db6   sys
0000b6ac   temperature_measurement
0000e82a   to_lpm
0000ccee   toggle_buzzer
0000e8aa   twi_delay
0000e746   update_alarm
0000e752   update_battery_voltage
0000e7e6   update_date
00008d4e   update_pressure_table
0000e75e   update_stopwatch
0000d4aa   update_stopwatch_timer
0000e76a   update_temperature
0000e7f0   update_time
0000e776   update_util
0000ee46   util_dispfn
0000ee5a   util_sxfn
0000ee6e   util_upfn
00009b1e   wakeup_event
0000c70e   write_lcd_mem


GLOBAL SYMBOLS: SORTED BY Symbol Address 

address    name
--------   ----
00000001   __TI_args_main
00000001   __TI_auto_init
00000001   __TI_exit
00000050   __STACK_SIZE
00000100   SFRIE1
00000100   SFRIE1_L
00000101   SFRIE1_H
00000102   SFRIFG1
00000102   SFRIFG1_L
00000103   SFRIFG1_H
00000104   SFRRPCR
00000104   SFRRPCR_L
00000105   SFRRPCR_H
00000120   PMMCTL0
00000120   PMMCTL0_L
00000121   PMMCTL0_H
00000122   PMMCTL1
00000122   PMMCTL1_L
00000123   PMMCTL1_H
00000124   SVSMHCTL
00000124   SVSMHCTL_L
00000125   SVSMHCTL_H
00000126   SVSMLCTL
00000126   SVSMLCTL_L
00000127   SVSMLCTL_H
00000128   SVSMIO
00000128   SVSMIO_L
00000129   SVSMIO_H
0000012c   PMMIFG
0000012c   PMMIFG_L
0000012d   PMMIFG_H
0000012e   PMMRIE
0000012e   PMMRIE_L
0000012f   PMMRIE_H
00000140   FCTL1
00000140   FCTL1_L
00000141   FCTL1_H
00000144   FCTL3
00000144   FCTL3_L
00000145   FCTL3_H
00000146   FCTL4
00000146   FCTL4_L
00000147   FCTL4_H
00000150   CRCDI
00000150   CRCDI_L
00000151   CRCDI_H
00000152   CRCDIRB
00000152   CRCDIRB_L
00000153   CRCDIRB_H
00000154   CRCINIRES
00000154   CRCINIRES_L
00000155   CRCINIRES_H
00000156   CRCRESR
00000156   CRCRESR_L
00000157   CRCRESR_H
00000158   RCCTL0
00000158   RCCTL0_L
00000159   RCCTL0_H
0000015c   WDTCTL
0000015c   WDTCTL_L
0000015d   WDTCTL_H
00000160   UCSCTL0
00000160   UCSCTL0_L
00000161   UCSCTL0_H
00000162   UCSCTL1
00000162   UCSCTL1_L
00000163   UCSCTL1_H
00000164   UCSCTL2
00000164   UCSCTL2_L
00000165   UCSCTL2_H
00000166   UCSCTL3
00000166   UCSCTL3_L
00000167   UCSCTL3_H
00000168   UCSCTL4
00000168   UCSCTL4_L
00000169   UCSCTL4_H
0000016a   UCSCTL5
0000016a   UCSCTL5_L
0000016b   UCSCTL5_H
0000016c   UCSCTL6
0000016c   UCSCTL6_L
0000016d   UCSCTL6_H
0000016e   UCSCTL7
0000016e   UCSCTL7_L
0000016f   UCSCTL7_H
00000170   UCSCTL8
00000170   UCSCTL8_L
00000171   UCSCTL8_H
00000180   SYSCTL
00000180   SYSCTL_L
00000181   SYSCTL_H
00000182   SYSBSLC
00000182   SYSBSLC_L
00000183   SYSBSLC_H
00000186   SYSJMBC
00000186   SYSJMBC_L
00000187   SYSJMBC_H
00000188   SYSJMBI0
00000188   SYSJMBI0_L
00000189   SYSJMBI0_H
0000018a   SYSJMBI1
0000018a   SYSJMBI1_L
0000018b   SYSJMBI1_H
0000018c   SYSJMBO0
0000018c   SYSJMBO0_L
0000018d   SYSJMBO0_H
0000018e   SYSJMBO1
0000018e   SYSJMBO1_L
0000018f   SYSJMBO1_H
00000198   SYSBERRIV
00000198   SYSBERRIV_L
00000199   SYSBERRIV_H
0000019a   SYSUNIV
0000019a   SYSUNIV_L
0000019b   SYSUNIV_H
0000019c   SYSSNIV
0000019c   SYSSNIV_L
0000019d   SYSSNIV_H
0000019e   SYSRSTIV
0000019e   SYSRSTIV_L
0000019f   SYSRSTIV_H
000001b0   REFCTL0
000001b0   REFCTL0_L
000001b1   REFCTL0_H
000001c0   PMAPKEYID
000001c0   PMAPKEYID_L
000001c1   PMAPKEYID_H
000001c2   PMAPCTL
000001c2   PMAPCTL_L
000001c3   PMAPCTL_H
000001c8   P1MAP01
000001c8   P1MAP01_L
000001c9   P1MAP01_H
000001ca   P1MAP23
000001ca   P1MAP23_L
000001cb   P1MAP23_H
000001cc   P1MAP45
000001cc   P1MAP45_L
000001cd   P1MAP45_H
000001ce   P1MAP67
000001ce   P1MAP67_L
000001cf   P1MAP67_H
000001d0   P2MAP01
000001d0   P2MAP01_L
000001d1   P2MAP01_H
000001d2   P2MAP23
000001d2   P2MAP23_L
000001d3   P2MAP23_H
000001d4   P2MAP45
000001d4   P2MAP45_L
000001d5   P2MAP45_H
000001d6   P2MAP67
000001d6   P2MAP67_L
000001d7   P2MAP67_H
000001d8   P3MAP01
000001d8   P3MAP01_L
000001d9   P3MAP01_H
000001da   P3MAP23
000001da   P3MAP23_L
000001db   P3MAP23_H
000001dc   P3MAP45
000001dc   P3MAP45_L
000001dd   P3MAP45_H
000001de   P3MAP67
000001de   P3MAP67_L
000001df   P3MAP67_H
00000200   PAIN
00000200   PAIN_L
00000201   PAIN_H
00000202   PAOUT
00000202   PAOUT_L
00000203   PAOUT_H
00000204   PADIR
00000204   PADIR_L
00000205   PADIR_H
00000206   PAREN
00000206   PAREN_L
00000207   PAREN_H
00000208   PADS
00000208   PADS_L
00000209   PADS_H
0000020a   PASEL
0000020a   PASEL_L
0000020b   PASEL_H
0000020e   P1IV
00000218   PAIES
00000218   PAIES_L
00000219   PAIES_H
0000021a   PAIE
0000021a   PAIE_L
0000021b   PAIE_H
0000021c   PAIFG
0000021c   PAIFG_L
0000021d   PAIFG_H
0000021e   P2IV
00000220   PBIN
00000220   PBIN_L
00000221   PBIN_H
00000222   PBOUT
00000222   PBOUT_L
00000223   PBOUT_H
00000224   PBDIR
00000224   PBDIR_L
00000225   PBDIR_H
00000226   PBREN
00000226   PBREN_L
00000227   PBREN_H
00000228   PBDS
00000228   PBDS_L
00000229   PBDS_H
0000022a   PBSEL
0000022a   PBSEL_L
0000022b   PBSEL_H
00000240   PCIN
00000240   PCIN_L
00000241   PCIN_H
00000242   PCOUT
00000242   PCOUT_L
00000243   PCOUT_H
00000244   PCDIR
00000244   PCDIR_L
00000245   PCDIR_H
00000246   PCREN
00000246   PCREN_L
00000247   PCREN_H
00000248   PCDS
00000248   PCDS_L
00000249   PCDS_H
0000024a   PCSEL
0000024a   PCSEL_L
0000024b   PCSEL_H
00000320   PJIN
00000320   PJIN_L
00000321   PJIN_H
00000322   PJOUT
00000322   PJOUT_L
00000323   PJOUT_H
00000324   PJDIR
00000324   PJDIR_L
00000325   PJDIR_H
00000326   PJREN
00000326   PJREN_L
00000327   PJREN_H
00000328   PJDS
00000328   PJDS_L
00000329   PJDS_H
00000340   TA0CTL
00000342   TA0CCTL0
00000344   TA0CCTL1
00000346   TA0CCTL2
00000348   TA0CCTL3
0000034a   TA0CCTL4
00000350   TA0R
00000352   TA0CCR0
00000354   TA0CCR1
00000356   TA0CCR2
00000358   TA0CCR3
0000035a   TA0CCR4
00000360   TA0EX0
0000036e   TA0IV
00000380   TA1CTL
00000382   TA1CCTL0
00000384   TA1CCTL1
00000386   TA1CCTL2
00000390   TA1R
00000392   TA1CCR0
00000394   TA1CCR1
00000396   TA1CCR2
000003a0   TA1EX0
000003ae   TA1IV
000004a0   RTCCTL01
000004a0   RTCCTL01_L
000004a1   RTCCTL01_H
000004a2   RTCCTL23
000004a2   RTCCTL23_L
000004a3   RTCCTL23_H
000004a8   RTCPS0CTL
000004a8   RTCPS0CTL_L
000004a9   RTCPS0CTL_H
000004aa   RTCPS1CTL
000004aa   RTCPS1CTL_L
000004ab   RTCPS1CTL_H
000004ac   RTCPS
000004ac   RTCPS_L
000004ad   RTCPS_H
000004ae   RTCIV
000004b0   RTCTIM0
000004b0   RTCTIM0_L
000004b1   RTCTIM0_H
000004b2   RTCTIM1
000004b2   RTCTIM1_L
000004b3   RTCTIM1_H
000004b4   RTCDATE
000004b4   RTCDATE_L
000004b5   RTCDATE_H
000004b6   RTCYEAR
000004b6   RTCYEAR_L
000004b7   RTCYEAR_H
000004b8   RTCAMINHR
000004b8   RTCAMINHR_L
000004b9   RTCAMINHR_H
000004ba   RTCADOWDAY
000004ba   RTCADOWDAY_L
000004bb   RTCADOWDAY_H
000004c0   MPY
000004c0   MPY_L
000004c1   MPY_H
000004c2   MPYS
000004c2   MPYS_L
[...]
000004cc   RESHI
000004cc   RESHI_L
000004cd   RESHI_H
000004ce   SUMEXT
000004ce   SUMEXT_L
000004cf   SUMEXT_H
000004d0   MPY32L
000004d0   MPY32L_L
000004d1   MPY32L_H
000004d2   MPY32H
000004d2   MPY32H_L
000004d3   MPY32H_H
000004d4   MPYS32L
000004d4   MPYS32L_L
000004d5   MPYS32L_H
000004d6   MPYS32H
000004d6   MPYS32H_L
000004d7   MPYS32H_H
000004d8   MAC32L
000004d8   MAC32L_L
000004d9   MAC32L_H
000004da   MAC32H
000004da   MAC32H_L
000004db   MAC32H_H
000004dc   MACS32L
000004dc   MACS32L_L
000004dd   MACS32L_H
000004de   MACS32H
000004de   MACS32H_L
000004df   MACS32H_H
000004e0   OP2L
000004e0   OP2L_L
000004e1   OP2L_H
000004e2   OP2H
000004e2   OP2H_L
000004e3   OP2H_H
000004e4   RES0
000004e4   RES0_L
000004e5   RES0_H
000004e6   RES1
000004e6   RES1_L
000004e7   RES1_H
000004e8   RES2
000004e8   RES2_L
000004e9   RES2_H
000004ea   RES3
000004ea   RES3_L
000004eb   RES3_H
000004ec   MPY32CTL0
000004ec   MPY32CTL0_L
000004ed   MPY32CTL0_H
00000500   DMACTL0
00000500   DMACTL0_L
00000501   DMACTL0_H
00000502   DMACTL1
00000502   DMACTL1_L
00000503   DMACTL1_H
00000504   DMACTL2
00000504   DMACTL2_L
00000505   DMACTL2_H
00000506   DMACTL3
00000506   DMACTL3_L
00000507   DMACTL3_H
00000508   DMACTL4
00000508   DMACTL4_L
00000509   DMACTL4_H
0000050e   DMAIV
0000050e   DMAIV_L
0000050f   DMAIV_H
00000510   DMA0CTL
00000510   DMA0CTL_L
00000511   DMA0CTL_H
00000512   DMA0SA
00000512   DMA0SAL
00000516   DMA0DA
00000516   DMA0DAL
0000051a   DMA0SZ
00000520   DMA1CTL
00000520   DMA1CTL_L
00000521   DMA1CTL_H
00000522   DMA1SA
00000522   DMA1SAL
00000526   DMA1DA
00000526   DMA1DAL
0000052a   DMA1SZ
00000530   DMA2CTL
00000530   DMA2CTL_L
00000531   DMA2CTL_H
00000532   DMA2SA
00000532   DMA2SAL
00000536   DMA2DA
00000536   DMA2DAL
0000053a   DMA2SZ
000005c0   UCA0CTLW0
000005c0   UCA0CTLW0_L
000005c1   UCA0CTLW0_H
000005c6   UCA0BRW
000005c6   UCA0BRW_L
000005c7   UCA0BRW_H
000005c8   UCA0MCTL
000005ca   UCA0STAT
000005cc   UCA0RXBUF
000005ce   UCA0TXBUF
000005d0   UCA0ABCTL
000005d2   UCA0IRCTL
000005d2   UCA0IRCTL_L
000005d3   UCA0IRCTL_H
000005dc   UCA0ICTL
000005dc   UCA0ICTL_L
000005dd   UCA0ICTL_H
000005de   UCA0IV
000005e0   UCB0CTLW0
000005e0   UCB0CTLW0_L
000005e1   UCB0CTLW0_H
000005e6   UCB0BRW
000005e6   UCB0BRW_L
000005e7   UCB0BRW_H
000005ea   UCB0STAT
000005ec   UCB0RXBUF
000005ee   UCB0TXBUF
000005f0   UCB0I2COA
000005f0   UCB0I2COA_L
000005f1   UCB0I2COA_H
000005f2   UCB0I2CSA
000005f2   UCB0I2CSA_L
000005f3   UCB0I2CSA_H
000005fc   UCB0ICTL
000005fc   UCB0ICTL_L
000005fd   UCB0ICTL_H
000005fe   UCB0IV
00000700   ADC12CTL0
00000700   ADC12CTL0_L
00000701   ADC12CTL0_H
00000702   ADC12CTL1
00000702   ADC12CTL1_L
00000703   ADC12CTL1_H
00000704   ADC12CTL2
00000704   ADC12CTL2_L
00000705   ADC12CTL2_H
0000070a   ADC12IFG
0000070a   ADC12IFG_L
0000070b   ADC12IFG_H
0000070c   ADC12IE
0000070c   ADC12IE_L
0000070d   ADC12IE_H
0000070e   ADC12IV
0000070e   ADC12IV_L
0000070f   ADC12IV_H
00000710   ADC12MCTL0
00000711   ADC12MCTL1
00000712   ADC12MCTL2
00000713   ADC12MCTL3
00000714   ADC12MCTL4
00000715   ADC12MCTL5
00000716   ADC12MCTL6
00000717   ADC12MCTL7
00000718   ADC12MCTL8
00000719   ADC12MCTL9
0000071a   ADC12MCTL10
0000071b   ADC12MCTL11
0000071c   ADC12MCTL12
0000071d   ADC12MCTL13
0000071e   ADC12MCTL14
0000071f   ADC12MCTL15
00000720   ADC12MEM0
00000720   ADC12MEM0_L
00000721   ADC12MEM0_H
00000722   ADC12MEM1
00000722   ADC12MEM1_L
00000723   ADC12MEM1_H
00000724   ADC12MEM2
00000724   ADC12MEM2_L
00000725   ADC12MEM2_H
00000726   ADC12MEM3
00000726   ADC12MEM3_L
00000727   ADC12MEM3_H
00000728   ADC12MEM4
00000728   ADC12MEM4_L
00000729   ADC12MEM4_H
0000072a   ADC12MEM5
0000072a   ADC12MEM5_L
0000072b   ADC12MEM5_H
0000072c   ADC12MEM6
0000072c   ADC12MEM6_L
0000072d   ADC12MEM6_H
0000072e   ADC12MEM7
0000072e   ADC12MEM7_L
0000072f   ADC12MEM7_H
00000730   ADC12MEM8
00000730   ADC12MEM8_L
00000731   ADC12MEM8_H
00000732   ADC12MEM9
00000732   ADC12MEM9_L
00000733   ADC12MEM9_H
00000734   ADC12MEM10
00000734   ADC12MEM10_L
00000735   ADC12MEM10_H
00000736   ADC12MEM11
00000736   ADC12MEM11_L
00000737   ADC12MEM11_H
00000738   ADC12MEM12
00000738   ADC12MEM12_L
00000739   ADC12MEM12_H
0000073a   ADC12MEM13
0000073a   ADC12MEM13_L
0000073b   ADC12MEM13_H
0000073c   ADC12MEM14
0000073c   ADC12MEM14_L
0000073d   ADC12MEM14_H
0000073e   ADC12MEM15
0000073e   ADC12MEM15_L
0000073f   ADC12MEM15_H
000008c0   CBCTL0
000008c0   CBCTL0_L
000008c1   CBCTL0_H
000008c2   CBCTL1
000008c2   CBCTL1_L
000008c3   CBCTL1_H
000008c4   CBCTL2
000008c4   CBCTL2_L
000008c5   CBCTL2_H
000008c6   CBCTL3
000008c6   CBCTL3_L
000008c7   CBCTL3_H
000008cc   CBINT
000008cc   CBINT_L
000008cd   CBINT_H
000008ce   CBIV
000009c0   AESACTL0
000009c0   AESACTL0_L
000009c1   AESACTL0_H
000009c4   AESASTAT
000009c4   AESASTAT_L
000009c5   AESASTAT_H
000009c6   AESAKEY
000009c6   AESAKEY_L
000009c7   AESAKEY_H
000009c8   AESADIN
000009c8   AESADIN_L
000009c9   AESADIN_H
000009ca   AESADOUT
000009ca   AESADOUT_L
000009cb   AESADOUT_H
00000a00   LCDBCTL0
00000a00   LCDBCTL0_L
00000a01   LCDBCTL0_H
00000a02   LCDBCTL1
00000a02   LCDBCTL1_L
00000a03   LCDBCTL1_H
00000a04   LCDBBLKCTL
00000a04   LCDBBLKCTL_L
00000a05   LCDBBLKCTL_H
00000a06   LCDBMEMCTL
00000a06   LCDBMEMCTL_L
00000a07   LCDBMEMCTL_H
00000a08   LCDBVCTL
00000a08   LCDBVCTL_L
00000a09   LCDBVCTL_H
00000a0a   LCDBPCTL0
00000a0a   LCDBPCTL0_L
00000a0b   LCDBPCTL0_H
00000a0c   LCDBPCTL1
00000a0c   LCDBPCTL1_L
00000a0d   LCDBPCTL1_H
00000a0e   LCDBPCTL2
00000a0e   LCDBPCTL2_L
00000a0f   LCDBPCTL2_H
00000a10   LCDBPCTL3
00000a10   LCDBPCTL3_L
00000a11   LCDBPCTL3_H
00000a12   LCDBCPCTL
00000a12   LCDBCPCTL_L
00000a13   LCDBCPCTL_H
00000a1e   LCDBIV
00000a20   LCDM1
00000a21   LCDM2
00000a22   LCDM3
00000a23   LCDM4
00000a24   LCDM5
00000a25   LCDM6
00000a26   LCDM7
00000a27   LCDM8
00000a28   LCDM9
00000a29   LCDM10
00000a2a   LCDM11
00000a2b   LCDM12
00000a2c   LCDM13
00000a2d   LCDM14
00000a2e   LCDM15
00000a2f   LCDM16
00000a30   LCDM17
00000a31   LCDM18
00000a32   LCDM19
00000a33   LCDM20
00000a34   LCDM21
00000a35   LCDM22
00000a36   LCDM23
00000a37   LCDM24
00000a40   LCDBM1
00000a41   LCDBM2
00000a42   LCDBM3
00000a43   LCDBM4
00000a44   LCDBM5
00000a45   LCDBM6
00000a46   LCDBM7
00000a47   LCDBM8
00000a48   LCDBM9
00000a49   LCDBM10
00000a4a   LCDBM11
00000a4b   LCDBM12
00000a4c   LCDBM13
00000a4d   LCDBM14
00000a4e   LCDBM15
00000a4f   LCDBM16
00000a50   LCDBM17
00000a51   LCDBM18
00000a52   LCDBM19
00000a53   LCDBM20
00000a54   LCDBM21
00000a55   LCDBM22
00000a56   LCDBM23
00000a57   LCDBM24
00000f00   RF1AIFCTL0
00000f00   RF1AIFCTL0_L
00000f01   RF1AIFCTL0_H
00000f02   RF1AIFCTL1
00000f02   RF1AIFCTL1_L
00000f03   RF1AIFCTL1_H
00000f04   RF1AIFCTL2
00000f04   RF1AIFCTL2_L
00000f05   RF1AIFCTL2_H
00000f06   RF1AIFERR
00000f06   RF1AIFERR_L
00000f07   RF1AIFERR_H
00000f0c   RF1AIFERRV
00000f0c   RF1AIFERRV_L
00000f0d   RF1AIFERRV_H
00000f0e   RF1AIFIV
00000f0e   RF1AIFIV_L
00000f0f   RF1AIFIV_H
00000f10   RF1AINSTRW
00000f10   RF1AINSTRW_L
00000f11   RF1AINSTRW_H
00000f12   RF1AINSTR1W
00000f12   RF1AINSTR1W_L
00000f13   RF1AINSTR1W_H
00000f14   RF1AINSTR2W
00000f14   RF1AINSTR2W_L
00000f15   RF1AINSTR2W_H
00000f16   RF1ADINW
00000f16   RF1ADINW_L
00000f17   RF1ADINW_H
00000f20   RF1ASTAT0W
00000f20   RF1ASTAT0W_L
00000f21   RF1ASTAT0W_H
00000f22   RF1ASTAT1W
00000f22   RF1ASTAT1W_L
00000f23   RF1ASTAT1W_H
00000f24   RF1ASTAT2W
00000f24   RF1ASTAT2W_L
00000f25   RF1ASTAT2W_H
00000f28   RF1ADOUT0W
00000f28   RF1ADOUT0W_L
00000f29   RF1ADOUT0W_H
00000f2a   RF1ADOUT1W
00000f2a   RF1ADOUT1W_L
00000f2b   RF1ADOUT1W_H
00000f2c   RF1ADOUT2W
00000f2c   RF1ADOUT2W_L
00000f2d   RF1ADOUT2W_H
00000f30   RF1AIN
00000f30   RF1AIN_L
00000f31   RF1AIN_H
00000f32   RF1AIFG
00000f32   RF1AIFG_L
00000f33   RF1AIFG_H
00000f34   RF1AIES
00000f34   RF1AIES_L
00000f35   RF1AIES_H
00000f36   RF1AIE
00000f36   RF1AIE_L
00000f37   RF1AIE_H
00000f38   RF1AIV
00000f38   RF1AIV_L
00000f39   RF1AIV_H
00000f3c   RF1ARXFIFO
00000f3c   RF1ARXFIFO_L
00000f3d   RF1ARXFIFO_H
00000f3e   RF1ATXFIFO
00000f3e   RF1ATXFIFO_L
00000f3f   RF1ATXFIFO_H
00001c00   .bss
00001c00   __bss__
00001c8c   display
00001c8e   segments_lcdmem
00001ce2   int_to_array_str
00001cea   sRFsmpl
00001cf0   simpliciti_flag
00001cf2   simpliciti_data
00001d12   simpliciti_ed_address
00001d16   simpliciti_payload_length
00001d17   simpliciti_reply_count
00001d18   burst_mode
00001d1a   burst_start
00001d1c   burst_end
00001d1e   burst_packet
00001d30   burst_packet_index
00001d32   p
00001d76   ps_ok
00001db4   method
00001db5   sInit_done
00001db6   sys
00001db8   quick
00001dba   request
00001dbc   fptr_lcd_function_line1m
00001dc0   message
00001dc2   rf_frequoffset
00001dc4   fptr_lcd_function_line2m
00001dc8   fptr_lcd_function_line1
00001dcc   fptr_lcd_function_line2
00001dd0   ptrMenu_L1
00001dd2   ptrMenu_L2
00001df2   BRRX__TXCB_t
00001e0e   sDate
00001e14   day_names
00001e2a   sAlt
00001e38   flip_alt
00001e39   as_ok
00001e3a   sTime
00001e48   sStopwatch
00001e5c   BRRX__PowerdownDelay_u8
00001e5d   BRRX__SignalLevelReduction
00001e5e   BRRX__MaxSearchTries_u8
00001e5f   BRRX__SearchRatio_u8
00001e60   BRRX__TestMode_u8
00001e62   BRRX__PacketBits_t
00001e80   sAccel
00001e8a   button
00001e8c   sButton
00001e94   fn_calc
00001e96   in_calc
00001e9a   out_calc
00001ea7   rfBSL_button_confirmation
00001eb2   BRRX__NextEventTime_u16
00001eb4   BRRX__NextEndTime_u16
00001eb6   BRRX__NextFrequency_u8
00001eb7   BRRX__NextFrequencyOffset_s8
00001eb8   BRRX__TimerState_t
00001eba   sBatt
00001ec2   sBuzzer
00001eca   _lock
00001ece   _unlock
00001ed2   _cleanup_ptr
00001ed6   _dtors_ptr
00001eda   fptr_Timer0_A3_function
00001ede   sTimer
00001ee2   sTemp
00001ee8   flip_temp
00001eee   brrx_packet_end_cap_value
00001ef0   BRRX__StatusFlags_t
00001ef2   BRRX__CurrentPacketTime_u16
00001ef4   BRRX__CurrentSignalLevel_u8
00001efa   sAlarm
00001efe   sBlueRobin
00001f02   fn_util
00001f04   pin_gen
00001f0a   adc12_result
00001f0c   adc12_data_ready
00001f0d   __end__
00001f0d   end
00002bac   _stack
00002bfc   __STACK_END
00008000   .text
00008000   __text__
00008000   conv_pa_to_meter
0000829a   BRRX__Scheduler_v
0000851e   TIMER0_A0_ISR
00008778   PORT2_ISR
00008972   mx_time
00008b66   set_value
00008d4e   update_pressure_table
00008f26   mx_date
000090fc   MRFI_Init
000093f2   nwk_link
00009544   simpliciti_sync_decode_ap_cmd_callback
0000968e   __fs_sub
00009694   __fs_add
000097be   display_stopwatchf
000098e4   SMPL_Ioctl
00009a02   display_update
00009b1e   wakeup_event
00009d3a   mx_temperature
00009e46   stopwatch_tick
00009f50   display_altitude
0000a04a   display_time
0000a144   mx_altitude
0000a23e   mx_alarm
0000a336   nwk_join
0000a524   display_temperature
0000a618   SMPL_SendOpt
0000a706   nwk_QfindOldest
0000a7f4   simpliciti_sync_get_data_callback
0000a8d8   display_chars
0000a9ac   nwk_allocateLocalRxPort
0000aa80   MRFI_Transmit
0000ab46   init_application
0000ac0c   int_to_array
0000acd0   read_calibration_values
0000ad94   irt
0000af02   __fs_mpy
0000afb8   simpliciti_link
0000b06e   simpliciti_main_sync
0000b124   start_simpliciti_tx_only
0000b1d6   nwk_retrieveFrame
0000b278   simpliciti_get_ed_data_callback
0000b318   nwk_radioControl
0000b3b4   start_simpliciti_sync
0000b450   display_alarm
0000b4ea   ps_twi_sda
0000b582   Strobe
0000b618   nwk_nwkInit
0000b6ac   temperature_measurement
0000b740   mrfiRadioInterfaceCmdStrobe
0000b7d0   nwk_buildFrame
0000b860   __fs_div
0000b97a   nwk_isConnectionValid
0000ba06   calc_slide
0000ba90   do_altitude_measurement
0000bc26   TIMER0_A1_5_ISR
0000bcaa   as_start
0000bd2a   nwk_sendAckReply
0000bdaa   BRRX_RadioReceive_v
0000be28   battery_measurement
0000bea6   init_global_variables
0000bf24   __fs_tol
0000bfa2   ps_init
0000c01a   get_day
0000c090   nwk_QfindSlot
0000c106   display_char
0000c178   mx_slide
0000c1ea   ps_read_register
0000c25c   as_read_register
0000c2c8   adc12_single_conversion
0000c330   __fs_toi
0000c400   as_write_register
0000c466   ps_get_pa
0000c4cc   mrfiRadioInterfaceReadRxFifo
0000c530   MRFI_RadioIsr
0000c592   atanh
0000c5f4   BRRX_PacketEndTimerTask_v
0000c652   Timer0_A4_Delay
0000c6b0   display_battery_V
0000c70e   write_lcd_mem
0000c7c8   clock_tick
0000c824   BRRX__StartNewSearch_v
0000c87c   ps_write_register
0000c8d4   __divul
0000c8d4   __remul
0000c92c   display_date
0000c982   log
0000c9d8   sx_rfbsl
0000ca7e   clear_line
0000cad0   nwk_rawSend
0000cb22   ps_twi_read
0000cbc2   button_repeat_function
0000cc0e   ps_get_temp
0000cc5a   __fs_cmp
0000cca4   __fs_ltof
0000ccee   toggle_buzzer
0000cd38   BR__CalcRandomTimeOffset_u16
0000cd80   start_buzzer
0000cdc8   SetVCoreUp
0000ce0e   _auto_init
0000ce54   display_hours
0000ce9a   mrfiRadioInterfaceReadReg
0000cee0   __fs_tou
0000cf26   simpliciti_main_tx_only
0000cf6c   ReadBurstReg
0000cfb0   SMPL_Receive
0000cff4   add_day
0000d038   process_requests
0000d102   ps_twi_write
0000d144   BRRX__NewInfo_v
0000d184   nwk_isValidReply
0000d1c4   reset_altitude_measurement
0000d204   __divli
0000d204   __remli
0000d244   start_altitude_measurement
0000d284   BRRX__DecodePacket_u8
0000d2c2   L_ASR_15
0000d2c6   L_ASR_14
0000d2ca   L_ASR_13
0000d2ce   L_ASR_12
0000d2d2   L_ASR_11
0000d2d6   L_ASR_10
0000d2da   L_ASR_9
0000d2de   L_ASR_8
0000d2e2   L_ASR_7
0000d2e6   L_ASR_6
0000d2ea   L_ASR_5
0000d2ee   L_ASR_4
0000d2f2   L_ASR_3
0000d2f6   L_ASR_2
0000d2fa   L_ASR_1
0000d300   L_LSL_15
0000d304   L_LSL_14
0000d308   L_LSL_13
0000d30c   L_LSL_12
0000d310   L_LSL_11
0000d314   L_LSL_10
0000d318   L_LSL_9
0000d31c   L_LSL_8
0000d320   L_LSL_7
0000d324   L_LSL_6
0000d328   L_LSL_5
0000d32c   L_LSL_4
0000d330   L_LSL_3
0000d334   L_LSL_2
0000d338   L_LSL_1
0000d33e   L_LSR_15
0000d342   L_LSR_14
0000d346   L_LSR_13
0000d34a   L_LSR_12
0000d34e   L_LSR_11
0000d352   L_LSR_10
0000d356   L_LSR_9
0000d35a   L_LSR_8
0000d35e   L_LSR_7
0000d362   L_LSR_6
0000d366   L_LSR_5
0000d36a   L_LSR_4
0000d36e   L_LSR_3
0000d372   L_LSR_2
0000d376   L_LSR_1
0000d37c   nwk_getNextConnection
0000d3ba   BRRX_TimerTask_v
0000d3f6   MRFI_ReplyDelay
0000d432   nwk_findPeer
0000d46e   nwk_isLinkDuplicate
0000d4aa   update_stopwatch_timer
0000d520   nwk_processMgmt
0000d55a   WriteSingleReg
0000d592   radio_ISR
0000d602   nwk_putNumObjectIntoMsg
0000d638   __fs_itof
0000d66e   BR__CalcCRC_u8
0000d6a2   BSP_Delay
0000d6d6   SMPL_Init
0000d73e   mrfiRadioInterfaceWriteReg
0000d772   mrfiRadioInterfaceWriteTxFifo
0000d7a6   BRRX_RadioStop_v
0000d7d8   MRFI_SetLogicalChannel
0000d80a   as_stop
0000d83c   bend
0000d86e   main
0000d8a0   nwk_deviceAddress
0000d8d2   radio_reset
0000d904   __fs_ultof
0000d936   sx_alarm
0000d968   nwk_linkInit
0000d998   nwk_rawReceive
0000d9c8   nwk_sendFrame
0000da26   as_init
0000da54   pin_generate
0000daae   nwk_QadjustOrder
0000dada   __divi
0000dada   __remi
0000db06   MRFI_SetRxAddrFilter
0000db84   Timer0_A3_Start
0000dbae   _c_int00
0000dbae   _c_int00_noexit
0000dbd8   as_get_data
0000dc02   display_rfbsl
0000dc2c   lcd_init
0000dc7e   nwk_getConnInfo
0000dca6   nwk_processPing
0000dcce   SetVCore
0000dcf4   SetVCoreDown
0000dd40   init_buttons
0000dd66   init_pressure_table
0000dd8c   nwk_checkConnInfo
0000ddb2   nwk_globalsInit
0000ddd8   nwk_joinInit
0000ddfe   nwk_processLink
0000de24   sx_rf
0000de4a   sx_sync
0000de70   BRRX_GetState_t
0000de94   MRFI_Sleep
0000dedc   memcmp
0000df00   __fs_utof
0000df24   MRFI_WakeUp
0000df46   display_value
0000df68   nwk_buildAckReqFrame
0000df8a   start_stopwatch
0000dfac   MRFI_Rssi
0000dfcc   MRFI_RxCompleteISR
0000dfec   MRFI_RxIdle
0000e00c   MRFI_RxOn
0000e02c   display_pin
0000e04c   memmove
0000e06c   nwk_connectionControl
0000e08c   reset_clock
0000e0ac   reset_stopwatch
0000e0cc   stop_buzzer
0000e0ec   MRFI_EnableRxAddrFilter
0000e146   convert_C_to_F
0000e164   nwk_frameInit
0000e182   nwk_setMyAddress
0000e1a0   check_alarm
0000e1bc   clear_display_all
0000e1d8   display_am_pm_symbol
0000e1f4   nwk_QInit
0000e210   nwk_processJoin
0000e22c   stop_altitude_measurement
0000e262   MRFI_SetRFPwr
0000e27c   ADC12ISR
0000e296   mx_util
0000e2b0   stop_stopwatch
0000e2ca   MRFI_DelayMs
0000e2e2   atan
0000e2fa   convert_F_to_C
0000e312   convert_hour_to_12H_format
0000e32a   reset_alarm
0000e342   reset_date
0000e35a   MRFI_RandomByte
0000e386   ReadSingleReg
0000e39c   button_repeat_on
0000e3b2   display_symbol
0000e3c8   rel
0000e3de   __divu
0000e3de   __remu
0000e3f4   __mpyi_f5hw
0000e40a   sqrt
0000e420   sx_stopwatch
0000e436   Timer0_Init
0000e44a   convert_ft_to_m
0000e45e   convert_m_to_ft
0000e472   countdown_buzzer
0000e486   display_rf
0000e49a   display_slide
0000e4ae   display_sync
0000e4c2   get_numberOfDays
0000e4ea   memset
0000e4fe   BlueRobin_RadioISR_v
0000e510   is_acceleration_measurement
0000e522   is_altitude_measurement
0000e534   is_stopwatch
0000e546   memcpy
0000e558   nwk_getJoinToken
0000e56a   nwk_getLinkToken
0000e57c   nwk_getMyAddress
0000e58e   nwk_setJoinToken
0000e5a0   nwk_setLinkToken
0000e5b2   open_radio
0000e5c4   reset_batt_measurement
0000e5d6   sx_slide
0000e5e8   BSP_InitBoard
0000e5f8   close_radio
0000e608   display_selection_Timeformat1
0000e618   radio_powerdown
0000e628   switch_seg
0000e638   sx_date
0000e648   sx_time
0000e658   display_util
0000e666   is_hour_am
0000e674   mx_stopwatch
0000e682   reset_acceleration
0000e690   set_blink_rate
0000e69e   BRRX__GetCurrentTime_u16
0000e6aa   MRFI_PostKillSem
0000e6b6   MRFI_Receive
0000e6c2   Timer0_Stop
0000e6ce   clear_display
0000e6da   do_acceleration_measurement
0000e6f2   idle_loop
0000e6fe   is_rf
0000e70a   is_temp_measurement
0000e716   nwk_getNumObjectFromMsg
0000e722   nwk_setAPAddress
0000e72e   ps_start
0000e73a   sx_util
0000e746   update_alarm
0000e752   update_battery_voltage
0000e75e   update_stopwatch
0000e76a   update_temperature
0000e776   update_util
0000e782   BRRX__StopTimer_v
0000e78c   button_repeat_off
0000e796   nwk_mgmtInit
0000e7a0   nwk_pingInit
0000e7aa   ps_stop
0000e7b4   reset_buzzer
0000e7be   reset_rf
0000e7c8   reset_temp_measurement
0000e7d2   restore_util
0000e7dc   __fs_neg
0000e7e6   update_date
0000e7f0   update_time
0000e7fa   BRRX_GetFS_Offset_s8
0000e802   Timer0_A3_Stop
0000e80a   Timer0_Start
0000e812   inv
0000e81a   square
0000e822   stop_alarm
0000e82a   to_lpm
0000e832   BRRX__CallTimer_v
0000e838   MRFI_GetRadioState
0000e83e   clear_blink_mem
0000e844   display_stopwatch
0000e84a   line1
0000e850   line2
0000e856   nwk_freeConnection
0000e85c   nwk_getBCastAddress
0000e862   nwk_getFWVersion
0000e868   nwk_getMyRxType
0000e86e   start_blink
0000e874   stop_blink
0000e87a   sx_altitude
0000e880   sx_temperature
0000e886   SMPL_Link
0000e88a   _system_pre_init
0000e88e   C$$EXIT
0000e88e   abort
0000e892   is_bluerobin
0000e896   is_bluerobin_searching
0000e89a   nwk_NVObj
0000e89e   nwk_getProtocolVersion
0000e8a2   nwk_processFreq
0000e8a6   nwk_processSecurity
0000e8aa   twi_delay
0000e8ae   _nop
0000e8b0   nwk_freqInit
0000e8b2   nwk_securityInit
0000e8b4   __etext__
0000e8b4   etext
0000e8b4   int_to_array_conversion_table
0000ead4   RandomValue_u8
0000ebd4   menu_L1_Time
0000ebe6   menu_L1_Alarm
0000ebf8   menu_L1_Temperature
0000ec0a   menu_L1_Altitude
0000ec1c   menu_L2_Date
0000ec2e   menu_L2_Slide
0000ec40   menu_L2_Stopwatch
0000ec52   menu_L2_Util
0000ecd4   mrfiRadioCfg
0000ed14   lcd_font
0000ed40   segments_bitmask
0000ed6a   h0
0000ed8c   p0
0000edae   named_calc
0000edce   pre_scale
0000edee   scale
0000ee0e   slide_fn
0000ee46   util_dispfn
0000ee5a   util_sxfn
0000ee6e   util_upfn
0000ee82   dow_offset
0000ee92   month_days
0000eea8   selection_Timeformat
0000eeae   BRRX__First_TXCB_t
0000eeb0   BRRX__Last_TXCB_t
0000eeb2   mrfiBroadcastAddr
0000eebe   __cinit__
0000eebe   cinit
0000fffe   _reset_vector
ffffffff   __binit__
ffffffff   __c_args__
ffffffff   __pinit__
ffffffff   binit
ffffffff   pinit

[1193 symbols]
