******************************************************************************
                  MSP430 Linker Unix v4.1.1                    
******************************************************************************
>> Linked Tue Oct 23 00:40:54 2012

OUTPUT FILE NAME:   <ez430_chronos_433MHz.out>
ENTRY POINT SYMBOL: "_c_int00"  address: 0000dbe0


MEMORY CONFIGURATION

         name            origin    length      used     unused   attr    fill
----------------------  --------  ---------  --------  --------  ----  --------
  SFR                   00000000   00000010  00000000  00000010  RWIX
  PERIPHERALS_8BIT      00000010   000000f0  00000000  000000f0  RWIX
  PERIPHERALS_16BIT     00000100   00000100  00000000  00000100  RWIX
  INFOD                 00001800   00000080  00000000  00000080  RWIX
  INFOC                 00001880   00000080  00000000  00000080  RWIX
  INFOB                 00001900   00000080  00000000  00000080  RWIX
  INFOA                 00001980   00000080  00000000  00000080  RWIX
  RAM                   00001c00   00000ffe  00000369  00000c95  RWIX
  FLASH                 00008000   00007f80  000070f9  00000e87  RWIX
  INT00                 0000ff80   00000002  00000000  00000002  RWIX
  INT01                 0000ff82   00000002  00000000  00000002  RWIX
  INT02                 0000ff84   00000002  00000000  00000002  RWIX
  INT03                 0000ff86   00000002  00000000  00000002  RWIX
  INT04                 0000ff88   00000002  00000000  00000002  RWIX
  INT05                 0000ff8a   00000002  00000000  00000002  RWIX
  INT06                 0000ff8c   00000002  00000000  00000002  RWIX
  INT07                 0000ff8e   00000002  00000000  00000002  RWIX
  INT08                 0000ff90   00000002  00000000  00000002  RWIX
  INT09                 0000ff92   00000002  00000000  00000002  RWIX
  INT10                 0000ff94   00000002  00000000  00000002  RWIX
  INT11                 0000ff96   00000002  00000000  00000002  RWIX
  INT12                 0000ff98   00000002  00000000  00000002  RWIX
  INT13                 0000ff9a   00000002  00000000  00000002  RWIX
  INT14                 0000ff9c   00000002  00000000  00000002  RWIX
  INT15                 0000ff9e   00000002  00000000  00000002  RWIX
  INT16                 0000ffa0   00000002  00000000  00000002  RWIX
  INT17                 0000ffa2   00000002  00000000  00000002  RWIX
  INT18                 0000ffa4   00000002  00000000  00000002  RWIX
  INT19                 0000ffa6   00000002  00000000  00000002  RWIX
  INT20                 0000ffa8   00000002  00000000  00000002  RWIX
  INT21                 0000ffaa   00000002  00000000  00000002  RWIX
  INT22                 0000ffac   00000002  00000000  00000002  RWIX
  INT23                 0000ffae   00000002  00000000  00000002  RWIX
  INT24                 0000ffb0   00000002  00000000  00000002  RWIX
  INT25                 0000ffb2   00000002  00000000  00000002  RWIX
  INT26                 0000ffb4   00000002  00000000  00000002  RWIX
  INT27                 0000ffb6   00000002  00000000  00000002  RWIX
  INT28                 0000ffb8   00000002  00000000  00000002  RWIX
  INT29                 0000ffba   00000002  00000000  00000002  RWIX
  INT30                 0000ffbc   00000002  00000000  00000002  RWIX
  INT31                 0000ffbe   00000002  00000000  00000002  RWIX
  INT32                 0000ffc0   00000002  00000000  00000002  RWIX
  INT33                 0000ffc2   00000002  00000000  00000002  RWIX
  INT34                 0000ffc4   00000002  00000000  00000002  RWIX
  INT35                 0000ffc6   00000002  00000000  00000002  RWIX
  INT36                 0000ffc8   00000002  00000000  00000002  RWIX
  INT37                 0000ffca   00000002  00000000  00000002  RWIX
  INT38                 0000ffcc   00000002  00000000  00000002  RWIX
  INT39                 0000ffce   00000002  00000000  00000002  RWIX
  INT40                 0000ffd0   00000002  00000000  00000002  RWIX
  INT41                 0000ffd2   00000002  00000000  00000002  RWIX
  INT42                 0000ffd4   00000002  00000000  00000002  RWIX
  INT43                 0000ffd6   00000002  00000000  00000002  RWIX
  INT44                 0000ffd8   00000002  00000000  00000002  RWIX
  INT45                 0000ffda   00000002  00000000  00000002  RWIX
  INT46                 0000ffdc   00000002  00000000  00000002  RWIX
  INT47                 0000ffde   00000002  00000000  00000002  RWIX
  INT48                 0000ffe0   00000002  00000002  00000000  RWIX
  INT49                 0000ffe2   00000002  00000000  00000002  RWIX
  INT50                 0000ffe4   00000002  00000000  00000002  RWIX
  INT51                 0000ffe6   00000002  00000000  00000002  RWIX
  INT52                 0000ffe8   00000002  00000000  00000002  RWIX
  INT53                 0000ffea   00000002  00000002  00000000  RWIX
  INT54                 0000ffec   00000002  00000002  00000000  RWIX
  INT55                 0000ffee   00000002  00000002  00000000  RWIX
  INT56                 0000fff0   00000002  00000002  00000000  RWIX
  INT57                 0000fff2   00000002  00000000  00000002  RWIX
  INT58                 0000fff4   00000002  00000000  00000002  RWIX
  INT59                 0000fff6   00000002  00000000  00000002  RWIX
  INT60                 0000fff8   00000002  00000000  00000002  RWIX
  INT61                 0000fffa   00000002  00000000  00000002  RWIX
  INT62                 0000fffc   00000002  00000000  00000002  RWIX
  RESET                 0000fffe   00000002  00000002  00000000  RWIX


SECTION ALLOCATION MAP

 output                                  attributes/
section   page    origin      length       input sections
--------  ----  ----------  ----------   ----------------
.pinit     0    00008000    00000000     UNINITIALIZED

.bss       0    00001c00    00000319     UNINITIALIZED
                  00001c00    0000008c     CC430_End_Device_433MHz.lib : nwk_QMgmt.obj (.bss)
                  00001c8c    0000005e     ez430_chronos_drivers.lib : display.obj (.bss)
                  00001cea    00000048     rfsimpliciti.obj (.bss)
                  00001d32    00000045     ez430_chronos_drivers.lib : vti_ps.obj (.bss)
                  00001d77    00000001     CC430_End_Device_433MHz.lib : main_ED_BM.obj (.bss)
                  00001d78    0000003d                                 : mrfi.obj (.bss)
                  00001db5    00000001                                 : nwk_api.obj (.bss)
                  00001db6    0000001e     main.obj (.bss)
                  00001dd4    0000001d     CC430_End_Device_433MHz.lib : nwk.obj (.bss)
                  00001df1    00000001                                 : nwk_ping.obj (.bss)
                  00001df2    0000001c     BlueRobin_RX_433MHz.lib : BRRX_Resource.obj (.bss)
                  00001e0e    0000001c     date.obj (.bss)
                  00001e2a    00000010     alarm.obj (.bss)
                  00001e3a    0000000f     altitude.obj (.bss)
                  00001e49    00000001     ez430_chronos_drivers.lib : vti_as.obj (.bss)
                  00001e4a    0000000e     clock.obj (.bss)
                  00001e58    0000000e     stopwatch.obj (.bss)
                  00001e66    0000000c     BlueRobin_RX_433MHz.lib : BRRX_Scheduler.obj (.bss)
                  00001e72    0000000a                             : BR_Common.obj (.bss)
                  00001e7c    0000000a     CC430_End_Device_433MHz.lib : nwk_frame.obj (.bss)
                  00001e86    0000000a                                 : nwk_link.obj (.bss)
                  00001e90    0000000a     acceleration.obj (.bss)
                  00001e9a    0000000a     ez430_chronos_drivers.lib : ports.obj (.bss)
                  00001ea4    0000000a     slide.obj (.bss)
                  00001eae    00000009     CC430_End_Device_433MHz.lib : nwk_globals.obj (.bss)
                  00001eb7    00000001     rfbsl.obj (.bss)
                  00001eb8    00000009     CC430_End_Device_433MHz.lib : nwk_join.obj (.bss)
                  00001ec1    00000001     --HOLE--
                  00001ec2    00000008     BlueRobin_RX_433MHz.lib : BRRX_Timer.obj (.bss)
                  00001eca    00000008     battery.obj (.bss)
                  00001ed2    00000008     ez430_chronos_drivers.lib : buzzer.obj (.bss)
                  00001eda    00000008     rts430x.lib : _lock.obj (.bss)
                  00001ee2    00000008                 : boot.obj (.bss)
                  00001eea    00000007     ez430_chronos_drivers.lib : timer.obj (.bss)
                  00001ef1    00000001     --HOLE--
                  00001ef2    00000007     temperature.obj (.bss)
                  00001ef9    00000001     --HOLE--
                  00001efa    00000006     BlueRobin_RX_433MHz.lib : BRRX_Radio.obj (.bss)
                  00001f00    00000005                             : BRRX_Packet.obj (.bss)
                  00001f05    00000001     --HOLE--
                  00001f06    00000004                             : BRRX_API.obj (.bss)
                  00001f0a    00000004     bluerobin.obj (.bss)
                  00001f0e    00000004     util.obj (.bss)
                  00001f12    00000003     CC430_End_Device_433MHz.lib : nwk_mgmt.obj (.bss)
                  00001f15    00000001     --HOLE--
                  00001f16    00000003     ez430_chronos_drivers.lib : adc12.obj (.bss)

.stack     0    00002bac    00000050     UNINITIALIZED
                  00002bac    00000002     rts430x.lib : boot.obj (.stack)
                  00002bae    0000004e     --HOLE--

.text      0    00008000    0000690e     
                  00008000    0000029a     ez430_chronos_drivers.lib : vti_ps.obj (.text:conv_pa_to_meter)
                  0000829a    00000284     BlueRobin_RX_433MHz.lib : BRRX_Scheduler.obj (.text:BRRX__Scheduler_v)
                  0000851e    0000025a     ez430_chronos_drivers.lib : timer.obj (.text:_isr:TIMER0_A0_ISR)
                  00008778    000001fa                               : ports.obj (.text:_isr:PORT2_ISR)
                  00008972    000001f4     clock.obj (.text:mx_time)
                  00008b66    000001e8     user.obj (.text:set_value)
                  00008d4e    000001d8     ez430_chronos_drivers.lib : vti_ps.obj (.text:update_pressure_table)
                  00008f26    000001d6     date.obj (.text:mx_date)
                  000090fc    00000198     CC430_End_Device_433MHz.lib : mrfi.obj (.text:MRFI_Init)
                  00009294    0000015e                                 : nwk_link.obj (.text:smpl_send_link_reply)
                  000093f2    00000152                                 : nwk_link.obj (.text:nwk_link)
                  00009544    0000014a     rfsimpliciti.obj (.text:simpliciti_sync_decode_ap_cmd_callback)
                  0000968e    00000130     rts430x.lib : fs_add.obj (.text)
                  000097be    00000126     stopwatch.obj (.text:display_stopwatchf)
                  000098e4    0000011e     CC430_End_Device_433MHz.lib : nwk_api.obj (.text:SMPL_Ioctl)
                  00009a02    0000011c     main.obj (.text:display_update)
                  00009b1e    00000112     stopwatch.obj (.text:stopwatch_tick)
                  00009c30    00000110     main.obj (.text:wakeup_event)
                  00009d40    0000010c     BlueRobin_RX_433MHz.lib : BRRX_Scheduler.obj (.text:PacketMissed_v)
                  00009e4c    0000010c     temperature.obj (.text:mx_temperature)
                  00009f58    000000fa     altitude.obj (.text:display_altitude)
                  0000a052    000000fa     clock.obj (.text:display_time)
                  0000a14c    000000fa     altitude.obj (.text:mx_altitude)
                  0000a246    000000f8     alarm.obj (.text:mx_alarm)
                  0000a33e    000000f8     CC430_End_Device_433MHz.lib : nwk_join.obj (.text:nwk_join)
                  0000a436    000000f6                                 : mrfi.obj (.text:Mrfi_SyncPinRxIsr)
                  0000a52c    000000f4     temperature.obj (.text:display_temperature)
                  0000a620    000000ee     CC430_End_Device_433MHz.lib : nwk_api.obj (.text:SMPL_SendOpt)
                  0000a70e    000000ee                                 : nwk_QMgmt.obj (.text:nwk_QfindOldest)
                  0000a7fc    000000e4     rfsimpliciti.obj (.text:simpliciti_sync_get_data_callback)
                  0000a8e0    000000d4     ez430_chronos_drivers.lib : display.obj (.text:display_chars)
                  0000a9b4    000000d4     CC430_End_Device_433MHz.lib : nwk.obj (.text:nwk_allocateLocalRxPort)
                  0000aa88    000000c6                                 : mrfi.obj (.text:MRFI_Transmit)
                  0000ab4e    000000c6     main.obj (.text:init_application)
                  0000ac14    000000c4     ez430_chronos_drivers.lib : display.obj (.text:int_to_array)
                  0000acd8    000000c4     main.obj (.text:read_calibration_values)
                  0000ad9c    000000b8     slide.obj (.text:irt)
                  0000ae54    000000b6     BlueRobin_RX_433MHz.lib : BRRX_Scheduler.obj (.text:SearchPacketHit_u8)
                  0000af0a    000000b6     rts430x.lib : fs_mpy.obj (.text)
                  0000afc0    000000b6     CC430_End_Device_433MHz.lib : main_ED_BM.obj (.text:simpliciti_link)
                  0000b076    000000b6                                 : main_ED_BM.obj (.text:simpliciti_main_sync)
                  0000b12c    000000b2     rfsimpliciti.obj (.text:start_simpliciti_tx_only)
                  0000b1de    000000a2     CC430_End_Device_433MHz.lib : nwk_frame.obj (.text:nwk_retrieveFrame)
                  0000b280    000000a0     rfsimpliciti.obj (.text:simpliciti_get_ed_data_callback)
                  0000b320    0000009c     CC430_End_Device_433MHz.lib : nwk_ioctl.obj (.text:nwk_radioControl)
                  0000b3bc    0000009c     rfsimpliciti.obj (.text:start_simpliciti_sync)
                  0000b458    0000009a     alarm.obj (.text:display_alarm)
                  0000b4f2    00000098     ez430_chronos_drivers.lib : vti_ps.obj (.text:ps_twi_sda)
                  0000b58a    00000096                               : rf1a.obj (.text:Strobe)
                  0000b620    00000094     CC430_End_Device_433MHz.lib : nwk.obj (.text:nwk_nwkInit)
                  0000b6b4    00000094     temperature.obj (.text:temperature_measurement)
                  0000b748    00000090     CC430_End_Device_433MHz.lib : mrfi.obj (.text:mrfiRadioInterfaceCmdStrobe)
                  0000b7d8    00000090                                 : nwk_frame.obj (.text:nwk_buildFrame)
                  0000b868    0000008e     rts430x.lib : fs_div.obj (.text)
                  0000b8f6    0000008c     CC430_End_Device_433MHz.lib : nwk_frame.obj (.text:dispatchFrame)
                  0000b982    0000008c                                 : nwk.obj (.text:nwk_isConnectionValid)
                  0000ba0e    0000008a     slide.obj (.text:calc_slide)
                  0000ba98    0000008a     altitude.obj (.text:do_altitude_measurement)
                  0000bb22    00000086     BlueRobin_RX_433MHz.lib : BRRX_Scheduler.obj (.text:GetData_v)
                  0000bba8    00000086                             : BRRX_Scheduler.obj (.text:TrimACLK_Offset_v)
                  0000bc2e    00000084     ez430_chronos_drivers.lib : timer.obj (.text:_isr:TIMER0_A1_5_ISR)
                  0000bcb2    00000080                               : vti_as.obj (.text:as_start)
                  0000bd32    00000080     CC430_End_Device_433MHz.lib : nwk_frame.obj (.text:nwk_sendAckReply)
                  0000bdb2    0000007e     BlueRobin_RX_433MHz.lib : BRRX_Radio.obj (.text:BRRX_RadioReceive_v)
                  0000be30    0000007e     battery.obj (.text:battery_measurement)
                  0000beae    0000007e     main.obj (.text:init_global_variables)
                  0000bf2c    0000007e     rts430x.lib : fs_tol.obj (.text)
                  0000bfaa    00000078     ez430_chronos_drivers.lib : vti_ps.obj (.text:ps_init)
                  0000c022    00000076     date.obj (.text:get_day)
                  0000c098    00000076     CC430_End_Device_433MHz.lib : nwk_QMgmt.obj (.text:nwk_QfindSlot)
                  0000c10e    00000072     ez430_chronos_drivers.lib : display.obj (.text:display_char)
                  0000c180    00000072     slide.obj (.text:mx_slide)
                  0000c1f2    00000072     ez430_chronos_drivers.lib : vti_ps.obj (.text:ps_read_register)
                  0000c264    0000006c                               : vti_as.obj (.text:as_read_register)
                  0000c2d0    00000068                               : adc12.obj (.text:adc12_single_conversion)
                  0000c338    00000068     main.obj (.text:process_requests)
                  0000c3a0    00000068     rts430x.lib : fs_toi.obj (.text)
                  0000c408    00000068     CC430_End_Device_433MHz.lib : nwk_link.obj (.text:smpl_send_unlink_reply)
                  0000c470    00000066     ez430_chronos_drivers.lib : vti_as.obj (.text:as_write_register)
                  0000c4d6    00000066                               : vti_ps.obj (.text:ps_get_pa)
                  0000c53c    00000064     CC430_End_Device_433MHz.lib : mrfi.obj (.text:mrfiRadioInterfaceReadRxFifo)
                  0000c5a0    00000062                                 : mrfi.obj (.text:MRFI_RadioIsr)
                  0000c602    00000062     slide.obj (.text:atanh)
                  0000c664    0000005e     BlueRobin_RX_433MHz.lib : BRRX_Radio.obj (.text:BRRX_PacketEndTimerTask_v)
                  0000c6c2    0000005e     ez430_chronos_drivers.lib : timer.obj (.text:Timer0_A4_Delay)
                  0000c720    0000005e     battery.obj (.text:display_battery_V)
                  0000c77e    0000005e     ez430_chronos_drivers.lib : display.obj (.text:write_lcd_mem)
                  0000c7dc    0000005c     BlueRobin_RX_433MHz.lib : BRRX_Scheduler.obj (.text:PrepareForFirstPacket_v)
                  0000c838    0000005c     clock.obj (.text:clock_tick)
                  0000c894    00000058     BlueRobin_RX_433MHz.lib : BRRX_Scheduler.obj (.text:BRRX__StartNewSearch_v)
                  0000c8ec    00000058     ez430_chronos_drivers.lib : vti_ps.obj (.text:ps_write_register)
                  0000c944    00000058     rts430x.lib : div32u.obj (.text)
                  0000c99c    00000056     date.obj (.text:display_date)
                  0000c9f2    00000056     slide.obj (.text:log)
                  0000ca48    00000054     rfbsl.obj (.text:sx_rfbsl)
                  0000ca9c    00000052     BlueRobin_RX_433MHz.lib : BRRX_Scheduler.obj (.text:TestStartTime_v)
                  0000caee    00000052     ez430_chronos_drivers.lib : display.obj (.text:clear_line)
                  0000cb40    00000052     CC430_End_Device_433MHz.lib : nwk_ioctl.obj (.text:nwk_rawSend)
                  0000cb92    00000052     ez430_chronos_drivers.lib : vti_ps.obj (.text:ps_twi_read)
                  0000cbe4    0000004e     BlueRobin_RX_433MHz.lib : BRRX_Scheduler.obj (.text:SearchPacketCheck_u8)
                  0000cc32    0000004c     ez430_chronos_drivers.lib : ports.obj (.text:button_repeat_function)
                  0000cc7e    0000004c                               : vti_ps.obj (.text:ps_get_temp)
                  0000ccca    0000004a     rts430x.lib : fs_cmp.obj (.text)
                  0000cd14    0000004a                 : fs_ltof.obj (.text)
                  0000cd5e    0000004a     ez430_chronos_drivers.lib : buzzer.obj (.text:toggle_buzzer)
                  0000cda8    00000048     BlueRobin_RX_433MHz.lib : BR_Common.obj (.text:BR__CalcRandomTimeOffset_u16)
                  0000cdf0    00000048     ez430_chronos_drivers.lib : buzzer.obj (.text:start_buzzer)
                  0000ce38    00000046                               : pmm.obj (.text:SetVCoreUp)
                  0000ce7e    00000046     rts430x.lib : autoinit.obj (.text:_auto_init)
                  0000cec4    00000046     ez430_chronos_drivers.lib : display.obj (.text:display_hours)
                  0000cf0a    00000046     CC430_End_Device_433MHz.lib : mrfi.obj (.text:mrfiRadioInterfaceReadReg)
                  0000cf50    00000046     rts430x.lib : fs_tou.obj (.text)
                  0000cf96    00000046     CC430_End_Device_433MHz.lib : main_ED_BM.obj (.text:simpliciti_main_tx_only)
                  0000cfdc    00000044     ez430_chronos_drivers.lib : rf1a.obj (.text:ReadBurstReg)
                  0000d020    00000044     CC430_End_Device_433MHz.lib : nwk_api.obj (.text:SMPL_Receive)
                  0000d064    00000044     date.obj (.text:add_day)
                  0000d0a8    00000044     CC430_End_Device_433MHz.lib : nwk_ping.obj (.text:smpl_send_ping_reply)
                  0000d0ec    00000042     BlueRobin_RX_433MHz.lib : BRRX_Scheduler.obj (.text:PacketHit_u8)
                  0000d12e    00000042     ez430_chronos_drivers.lib : vti_ps.obj (.text:ps_twi_write)
                  0000d170    00000040     BlueRobin_RX_433MHz.lib : BRRX_API.obj (.text:BRRX__NewInfo_v)
                  0000d1b0    00000040     CC430_End_Device_433MHz.lib : nwk.obj (.text:nwk_isValidReply)
                  0000d1f0    00000040     altitude.obj (.text:reset_altitude_measurement)
                  0000d230    00000040     rts430x.lib : div32s.obj (.text)
                  0000d270    00000040     altitude.obj (.text:start_altitude_measurement)
                  0000d2b0    0000003e     BlueRobin_RX_433MHz.lib : BRRX_Packet.obj (.text:BRRX__DecodePacket_u8)
                  0000d2ee    0000003e     rts430x.lib : asr32.obj (.text:l_asr_const)
                  0000d32c    0000003e                 : lsl32.obj (.text:l_lsl_const)
                  0000d36a    0000003e                 : lsr32.obj (.text:l_lsr_const)
                  0000d3a8    0000003e     CC430_End_Device_433MHz.lib : nwk.obj (.text:nwk_getNextConnection)
                  0000d3e6    0000003c     BlueRobin_RX_433MHz.lib : BRRX_Timer.obj (.text:BRRX_TimerTask_v)
                  0000d422    0000003c     CC430_End_Device_433MHz.lib : mrfi.obj (.text:MRFI_ReplyDelay)
                  0000d45e    0000003c                                 : nwk.obj (.text:nwk_findPeer)
                  0000d49a    0000003c                                 : nwk.obj (.text:nwk_isLinkDuplicate)
                  0000d4d6    0000003c     stopwatch.obj (.text:update_stopwatch_timer)
                  0000d512    0000003a     CC430_End_Device_433MHz.lib : mrfi.obj (.text:Mrfi_RxAddrIsFiltered)
                  0000d54c    0000003a                                 : nwk_mgmt.obj (.text:nwk_processMgmt)
                  0000d586    00000038     ez430_chronos_drivers.lib : rf1a.obj (.text:WriteSingleReg)
                  0000d5be    00000038                               : radio.obj (.text:_isr:radio_ISR)
                  0000d5f6    00000038     CC430_End_Device_433MHz.lib : nwk.obj (.text:initializeConnection)
                  0000d62e    00000036                                 : nwk.obj (.text:nwk_putNumObjectIntoMsg)
                  0000d664    00000036     rts430x.lib : fs_itof.obj (.text)
                  0000d69a    00000034     BlueRobin_RX_433MHz.lib : BR_Common.obj (.text:BR__CalcCRC_u8)
                  0000d6ce    00000034     CC430_End_Device_433MHz.lib : bsp.obj (.text:BSP_Delay)
                  0000d702    00000034                                 : nwk_api.obj (.text:SMPL_Init)
                  0000d736    00000034     BlueRobin_RX_433MHz.lib : BRRX_Scheduler.obj (.text:TrimRFCLK_Offset_v)
                  0000d76a    00000034     CC430_End_Device_433MHz.lib : mrfi.obj (.text:mrfiRadioInterfaceWriteReg)
                  0000d79e    00000034                                 : mrfi.obj (.text:mrfiRadioInterfaceWriteTxFifo)
                  0000d7d2    00000034     util.obj (.text:pin_generate)
                  0000d806    00000032     BlueRobin_RX_433MHz.lib : BRRX_Radio.obj (.text:BRRX_RadioStop_v)
                  0000d838    00000032     CC430_End_Device_433MHz.lib : mrfi.obj (.text:MRFI_SetLogicalChannel)
                  0000d86a    00000032     ez430_chronos_drivers.lib : vti_as.obj (.text:as_stop)
                  0000d89c    00000032     slide.obj (.text:bend)
                  0000d8ce    00000032     main.obj (.text:main)
                  0000d900    00000032     CC430_End_Device_433MHz.lib : nwk_ioctl.obj (.text:nwk_deviceAddress)
                  0000d932    00000032     ez430_chronos_drivers.lib : radio.obj (.text:radio_reset)
                  0000d964    00000032     rts430x.lib : fs_ultof.obj (.text)
                  0000d996    00000032     alarm.obj (.text:sx_alarm)
                  0000d9c8    00000030     CC430_End_Device_433MHz.lib : nwk_link.obj (.text:nwk_linkInit)
                  0000d9f8    00000030                                 : nwk_ioctl.obj (.text:nwk_rawReceive)
                  0000da28    00000030                                 : nwk_frame.obj (.text:nwk_sendFrame)
                  0000da58    0000002e                                 : mrfi.obj (.text:Mrfi_CalculateRssi)
                  0000da86    0000002e     ez430_chronos_drivers.lib : vti_as.obj (.text:as_init)
                  0000dab4    0000002c     CC430_End_Device_433MHz.lib : mrfi.obj (.text:Mrfi_RxModeOff)
                  0000dae0    0000002c                                 : nwk_QMgmt.obj (.text:nwk_QadjustOrder)
                  0000db0c    0000002c     rts430x.lib : div16s.obj (.text)
                  0000db38    0000002a     CC430_End_Device_433MHz.lib : mrfi.obj (.text:MRFI_SetRxAddrFilter)
                  0000db62    0000002a                                 : mrfi.obj (.text:Mrfi_DelayUsecSem)
                  0000db8c    0000002a     BlueRobin_RX_433MHz.lib : BRRX_Scheduler.obj (.text:SearchPacketMissed_u8)
                  0000dbb6    0000002a     ez430_chronos_drivers.lib : timer.obj (.text:Timer0_A3_Start)
                  0000dbe0    0000002a     rts430x.lib : boot.obj (.text:_isr:_c_int00_noexit)
                  0000dc0a    0000002a     ez430_chronos_drivers.lib : vti_as.obj (.text:as_get_data)
                  0000dc34    0000002a     rfbsl.obj (.text:display_rfbsl)
                  0000dc5e    0000002a     ez430_chronos_drivers.lib : display.obj (.text:lcd_init)
                  0000dc88    00000028     CC430_End_Device_433MHz.lib : nwk.obj (.text:map_lid2idx)
                  0000dcb0    00000028                                 : nwk.obj (.text:nwk_getConnInfo)
                  0000dcd8    00000028                                 : nwk_ping.obj (.text:nwk_processPing)
                  0000dd00    00000026     ez430_chronos_drivers.lib : pmm.obj (.text:SetVCore)
                  0000dd26    00000026                               : pmm.obj (.text:SetVCoreDown)
                  0000dd4c    00000026     CC430_End_Device_433MHz.lib : nwk_link.obj (.text:handleLinkRequest)
                  0000dd72    00000026     ez430_chronos_drivers.lib : ports.obj (.text:init_buttons)
                  0000dd98    00000026                               : vti_ps.obj (.text:init_pressure_table)
                  0000ddbe    00000026     CC430_End_Device_433MHz.lib : nwk.obj (.text:nwk_checkConnInfo)
                  0000dde4    00000026                                 : nwk_globals.obj (.text:nwk_globalsInit)
                  0000de0a    00000026                                 : nwk_join.obj (.text:nwk_joinInit)
                  0000de30    00000026                                 : nwk_link.obj (.text:nwk_processLink)
                  0000de56    00000026     rfsimpliciti.obj (.text:sx_rf)
                  0000de7c    00000026     rfsimpliciti.obj (.text:sx_sync)
                  0000dea2    00000024     BlueRobin_RX_433MHz.lib : BRRX_API.obj (.text:BRRX_GetState_t)
                  0000dec6    00000024     CC430_End_Device_433MHz.lib : mrfi.obj (.text:MRFI_Sleep)
                  0000deea    00000024                                 : mrfi.obj (.text:Mrfi_DelayUsec)
                  0000df0e    00000024     rts430x.lib : memcmp.obj (.text:memcmp)
                  0000df32    00000024                 : fs_utof.obj (.text)
                  0000df56    00000022     CC430_End_Device_433MHz.lib : mrfi.obj (.text:MRFI_WakeUp)
                  0000df78    00000022     ez430_chronos_drivers.lib : display.obj (.text:display_value)
                  0000df9a    00000022     CC430_End_Device_433MHz.lib : nwk_frame.obj (.text:nwk_buildAckReqFrame)
                  0000dfbc    00000022     stopwatch.obj (.text:start_stopwatch)
                  0000dfde    00000020     CC430_End_Device_433MHz.lib : mrfi.obj (.text:MRFI_Rssi)
                  0000dffe    00000020                                 : nwk_frame.obj (.text:MRFI_RxCompleteISR)
                  0000e01e    00000020                                 : mrfi.obj (.text:MRFI_RxIdle)
                  0000e03e    00000020                                 : mrfi.obj (.text:MRFI_RxOn)
                  0000e05e    00000020     alarm.obj (.text:check_alarm)
                  0000e07e    00000020     util.obj (.text:display_pin)
                  0000e09e    00000020     rts430x.lib : memmov.obj (.text:memmove)
                  0000e0be    00000020     CC430_End_Device_433MHz.lib : nwk_ioctl.obj (.text:nwk_connectionControl)
                  0000e0de    00000020     clock.obj (.text:reset_clock)
                  0000e0fe    00000020     stopwatch.obj (.text:reset_stopwatch)
                  0000e11e    00000020     ez430_chronos_drivers.lib : buzzer.obj (.text:stop_buzzer)
                  0000e13e    00000020     alarm.obj (.text:tune)
                  0000e15e    0000001e     CC430_End_Device_433MHz.lib : mrfi.obj (.text:MRFI_EnableRxAddrFilter)
                  0000e17c    0000001e                                 : mrfi.obj (.text:Mrfi_RandomBackoffDelay)
                  0000e19a    0000001e     BlueRobin_RX_433MHz.lib : BRRX_Timer.obj (.text:SetAbsoluteTimer_v)
                  0000e1b8    0000001e     temperature.obj (.text:convert_C_to_F)
                  0000e1d6    0000001e     CC430_End_Device_433MHz.lib : nwk_frame.obj (.text:nwk_frameInit)
                  0000e1f4    0000001e                                 : nwk_globals.obj (.text:nwk_setMyAddress)
                  0000e212    0000001c     ez430_chronos_drivers.lib : display.obj (.text:clear_display_all)
                  0000e22e    0000001c                               : display.obj (.text:display_am_pm_symbol)
                  0000e24a    0000001c     CC430_End_Device_433MHz.lib : nwk_QMgmt.obj (.text:nwk_QInit)
                  0000e266    0000001c                                 : nwk_join.obj (.text:nwk_processJoin)
                  0000e282    0000001c     altitude.obj (.text:stop_altitude_measurement)
                  0000e29e    0000001a     BlueRobin_RX_433MHz.lib : BRRX_Scheduler.obj (.text:GetPacketTolerance_u8)
                  0000e2b8    0000001a     CC430_End_Device_433MHz.lib : mrfi.obj (.text:MRFI_SetRFPwr)
                  0000e2d2    0000001a     ez430_chronos_drivers.lib : adc12.obj (.text:_isr:ADC12ISR)
                  0000e2ec    0000001a     util.obj (.text:mx_util)
                  0000e306    0000001a     stopwatch.obj (.text:stop_stopwatch)
                  0000e320    00000018     CC430_End_Device_433MHz.lib : mrfi.obj (.text:MRFI_DelayMs)
                  0000e338    00000018     slide.obj (.text:atan)
                  0000e350    00000018     temperature.obj (.text:convert_F_to_C)
                  0000e368    00000018     clock.obj (.text:convert_hour_to_12H_format)
                  0000e380    00000018     alarm.obj (.text:reset_alarm)
                  0000e398    00000018     date.obj (.text:reset_date)
                  0000e3b0    00000016     CC430_End_Device_433MHz.lib : mrfi.obj (.text:MRFI_RandomByte)
                  0000e3c6    00000016                                 : mrfi.obj (.text:Mrfi_RxModeOn)
                  0000e3dc    00000016     ez430_chronos_drivers.lib : rf1a.obj (.text:ReadSingleReg)
                  0000e3f2    00000016                               : ports.obj (.text:button_repeat_on)
                  0000e408    00000016                               : display.obj (.text:display_symbol)
                  0000e41e    00000016     slide.obj (.text:rel)
                  0000e434    00000016     rts430x.lib : div16u.obj (.text)
                  0000e44a    00000016                 : mult16_f5hw.obj (.text)
                  0000e460    00000016     slide.obj (.text:sqrt)
                  0000e476    00000016     stopwatch.obj (.text:sx_stopwatch)
                  0000e48c    00000014     ez430_chronos_drivers.lib : timer.obj (.text:Timer0_Init)
                  0000e4a0    00000014     altitude.obj (.text:convert_ft_to_m)
                  0000e4b4    00000014     altitude.obj (.text:convert_m_to_ft)
                  0000e4c8    00000014     ez430_chronos_drivers.lib : buzzer.obj (.text:countdown_buzzer)
                  0000e4dc    00000014     rfsimpliciti.obj (.text:display_rf)
                  0000e4f0    00000014     slide.obj (.text:display_slide)
                  0000e504    00000014     rfsimpliciti.obj (.text:display_sync)
                  0000e518    00000014     date.obj (.text:get_numberOfDays)
                  0000e52c    00000014     CC430_End_Device_433MHz.lib : nwk_api.obj (.text:ioctlPreInitAccessIsOK)
                  0000e540    00000014     rts430x.lib : memset.obj (.text:memset)
                  0000e554    00000012     BlueRobin_RX_433MHz.lib : BRRX_Radio.obj (.text:BlueRobin_RadioISR_v)
                  0000e566    00000012     acceleration.obj (.text:is_acceleration_measurement)
                  0000e578    00000012     altitude.obj (.text:is_altitude_measurement)
                  0000e58a    00000012     stopwatch.obj (.text:is_stopwatch)
                  0000e59c    00000012     rts430x.lib : memcpy.obj (.text:memcpy)
                  0000e5ae    00000012     CC430_End_Device_433MHz.lib : nwk_join.obj (.text:nwk_getJoinToken)
                  0000e5c0    00000012                                 : nwk_link.obj (.text:nwk_getLinkToken)
                  0000e5d2    00000012                                 : nwk_globals.obj (.text:nwk_getMyAddress)
                  0000e5e4    00000012                                 : nwk_join.obj (.text:nwk_setJoinToken)
                  0000e5f6    00000012                                 : nwk_link.obj (.text:nwk_setLinkToken)
                  0000e608    00000012     ez430_chronos_drivers.lib : radio.obj (.text:open_radio)
                  0000e61a    00000012     battery.obj (.text:reset_batt_measurement)
                  0000e62c    00000012     slide.obj (.text:sx_slide)
                  0000e63e    00000010     CC430_End_Device_433MHz.lib : bsp.obj (.text:BSP_InitBoard)
                  0000e64e    00000010     ez430_chronos_drivers.lib : radio.obj (.text:close_radio)
                  0000e65e    00000010     clock.obj (.text:display_selection_Timeformat1)
                  0000e66e    00000010     ez430_chronos_drivers.lib : radio.obj (.text:radio_powerdown)
                  0000e67e    00000010                               : display.obj (.text:switch_seg)
                  0000e68e    00000010     date.obj (.text:sx_date)
                  0000e69e    00000010     clock.obj (.text:sx_time)
                  0000e6ae    0000000e     util.obj (.text:display_util)
                  0000e6bc    0000000e     clock.obj (.text:is_hour_am)
                  0000e6ca    0000000e     stopwatch.obj (.text:mx_stopwatch)
                  0000e6d8    0000000e     acceleration.obj (.text:reset_acceleration)
                  0000e6e6    0000000e     ez430_chronos_drivers.lib : display.obj (.text:set_blink_rate)
                  0000e6f4    0000000c     BlueRobin_RX_433MHz.lib : BRRX_Timer.obj (.text:BRRX__GetCurrentTime_u16)
                  0000e700    0000000c     CC430_End_Device_433MHz.lib : mrfi.obj (.text:MRFI_PostKillSem)
                  0000e70c    0000000c                                 : mrfi.obj (.text:MRFI_Receive)
                  0000e718    0000000c     ez430_chronos_drivers.lib : timer.obj (.text:Timer0_Stop)
                  0000e724    0000000c                               : display.obj (.text:clear_display)
                  0000e730    0000000c     acceleration.obj (.text:do_acceleration_measurement)
                  0000e73c    0000000c     CC430_End_Device_433MHz.lib : nwk_ping.obj (.text:handlePingRequest)
                  0000e748    0000000c     main.obj (.text:idle_loop)
                  0000e754    0000000c     rfsimpliciti.obj (.text:is_rf)
                  0000e760    0000000c     temperature.obj (.text:is_temp_measurement)
                  0000e76c    0000000c     CC430_End_Device_433MHz.lib : nwk.obj (.text:nwk_getNumObjectFromMsg)
                  0000e778    0000000c                                 : nwk_globals.obj (.text:nwk_setAPAddress)
                  0000e784    0000000c     ez430_chronos_drivers.lib : vti_ps.obj (.text:ps_start)
                  0000e790    0000000c     util.obj (.text:sx_util)
                  0000e79c    0000000c     menu.obj (.text:update_alarm)
                  0000e7a8    0000000c     menu.obj (.text:update_battery_voltage)
                  0000e7b4    0000000c     menu.obj (.text:update_stopwatch)
                  0000e7c0    0000000c     menu.obj (.text:update_temperature)
                  0000e7cc    0000000c     util.obj (.text:update_util)
                  0000e7d8    0000000a     BlueRobin_RX_433MHz.lib : BRRX_Timer.obj (.text:BRRX__StopTimer_v)
                  0000e7e2    0000000a     ez430_chronos_drivers.lib : ports.obj (.text:button_repeat_off)
                  0000e7ec    0000000a     CC430_End_Device_433MHz.lib : nwk_mgmt.obj (.text:nwk_mgmtInit)
                  0000e7f6    0000000a                                 : nwk_ping.obj (.text:nwk_pingInit)
                  0000e800    0000000a     ez430_chronos_drivers.lib : vti_ps.obj (.text:ps_stop)
                  0000e80a    0000000a                               : buzzer.obj (.text:reset_buzzer)
                  0000e814    0000000a     rfsimpliciti.obj (.text:reset_rf)
                  0000e81e    0000000a     temperature.obj (.text:reset_temp_measurement)
                  0000e828    0000000a     util.obj (.text:restore_util)
                  0000e832    0000000a     rts430x.lib : fs_neg.obj (.text)
                  0000e83c    0000000a     altitude.obj (.text:sx_altitude)
                  0000e846    0000000a     menu.obj (.text:update_date)
                  0000e850    0000000a     menu.obj (.text:update_time)
                  0000e85a    00000008     BlueRobin_RX_433MHz.lib : BRRX_Radio.obj (.text:BRRX_GetFS_Offset_s8)
                  0000e862    00000008     ez430_chronos_drivers.lib : timer.obj (.text:Timer0_A3_Stop)
                  0000e86a    00000008                               : timer.obj (.text:Timer0_Start)
                  0000e872    00000008     slide.obj (.text:inv)
                  0000e87a    00000008     slide.obj (.text:square)
                  0000e882    00000008     alarm.obj (.text:stop_alarm)
                  0000e88a    00000008     main.obj (.text:to_lpm)
                  0000e892    00000006     BlueRobin_RX_433MHz.lib : BRRX_Timer.obj (.text:BRRX__CallTimer_v)
                  0000e898    00000006     CC430_End_Device_433MHz.lib : mrfi.obj (.text:MRFI_GetRadioState)
                  0000e89e    00000006     ez430_chronos_drivers.lib : display.obj (.text:clear_blink_mem)
                  0000e8a4    00000006     stopwatch.obj (.text:display_stopwatch)
                  0000e8aa    00000006     main.obj (.text:line1)
                  0000e8b0    00000006     main.obj (.text:line2)
                  0000e8b6    00000006     CC430_End_Device_433MHz.lib : nwk.obj (.text:nwk_freeConnection)
                  0000e8bc    00000006                                 : nwk_globals.obj (.text:nwk_getBCastAddress)
                  0000e8c2    00000006                                 : nwk_globals.obj (.text:nwk_getFWVersion)
                  0000e8c8    00000006                                 : nwk_frame.obj (.text:nwk_getMyRxType)
                  0000e8ce    00000006     ez430_chronos_drivers.lib : display.obj (.text:start_blink)
                  0000e8d4    00000006                               : display.obj (.text:stop_blink)
                  0000e8da    00000006     temperature.obj (.text:sx_temperature)
                  0000e8e0    00000004     CC430_End_Device_433MHz.lib : nwk_api.obj (.text:SMPL_Link)
                  0000e8e4    00000004     rts430x.lib : pre_init.obj (.text:_system_pre_init)
                  0000e8e8    00000004                 : exit.obj (.text:abort)
                  0000e8ec    00000004     bluerobin.obj (.text:is_bluerobin)
                  0000e8f0    00000004     bluerobin.obj (.text:is_bluerobin_searching)
                  0000e8f4    00000004     CC430_End_Device_433MHz.lib : nwk.obj (.text:nwk_NVObj)
                  0000e8f8    00000004                                 : nwk_globals.obj (.text:nwk_getProtocolVersion)
                  0000e8fc    00000004                                 : nwk_freq.obj (.text:nwk_processFreq)
                  0000e900    00000004                                 : nwk_security.obj (.text:nwk_processSecurity)
                  0000e904    00000004     ez430_chronos_drivers.lib : vti_ps.obj (.text:twi_delay)
                  0000e908    00000002     rts430x.lib : _lock.obj (.text:_nop)
                  0000e90a    00000002     CC430_End_Device_433MHz.lib : nwk_freq.obj (.text:nwk_freqInit)
                  0000e90c    00000002                                 : nwk_security.obj (.text:nwk_securityInit)

.const     0    0000e90e    00000609     
                  0000e90e    0000021f     ez430_chronos_drivers.lib : display.obj (.const:int_to_array_conversion_table)
                  0000eb2d    00000001     --HOLE-- [fill = 0]
                  0000eb2e    00000100     BlueRobin_RX_433MHz.lib : BR_Common.obj (.const:RandomValue_u8)
                  0000ec2e    00000090     menu.obj (.const)
                  0000ecbe    00000070     <whole-program> (.const:.string)
                  0000ed2e    00000040     CC430_End_Device_433MHz.lib : mrfi.obj (.const:mrfiRadioCfg)
                  0000ed6e    0000002b     ez430_chronos_drivers.lib : display.obj (.const:.string:lcd_font)
                  0000ed99    00000001     --HOLE-- [fill = 0]
                  0000ed9a    0000002a                               : display.obj (.const:.string:segments_bitmask)
                  0000edc4    00000022                               : vti_ps.obj (.const:h0)
                  0000ede6    00000022                               : vti_ps.obj (.const:p0)
                  0000ee08    00000020     slide.obj (.const:named_calc)
                  0000ee28    00000020     slide.obj (.const:pre_scale)
                  0000ee48    00000020     slide.obj (.const:scale)
                  0000ee68    00000020     slide.obj (.const:slide_fn)
                  0000ee88    00000018     CC430_End_Device_433MHz.lib : nwk_frame.obj (.const:func)
                  0000eea0    00000014     util.obj (.const:util_dispfn)
                  0000eeb4    00000014     util.obj (.const:util_sxfn)
                  0000eec8    00000014     util.obj (.const:util_upfn)
                  0000eedc    00000010     date.obj (.const:.string:dow_offset)
                  0000eeec    0000000c     date.obj (.const:.string:month_days)
                  0000eef8    00000009     CC430_End_Device_433MHz.lib : nwk_globals.obj (.const)
                  0000ef01    00000001     --HOLE-- [fill = 0]
                  0000ef02    00000006     clock.obj (.const:selection_Timeformat)
                  0000ef08    00000004     BlueRobin_RX_433MHz.lib : BRRX_Resource.obj (.const)
                  0000ef0c    00000004     CC430_End_Device_433MHz.lib : mrfi.obj (.const:mrfiBroadcastAddr)
                  0000ef10    00000004                                 : mrfi.obj (.const:mrfiLogicalChanTable)
                  0000ef14    00000003                                 : mrfi.obj (.const:mrfiRFPowerTable)

.cinit     0    0000ef18    000001e2     
                  0000ef18    000000d6     <whole-program> (.cinit)
                  0000efee    0000004d     CC430_End_Device_433MHz.lib : mrfi.obj (.cinit)
                  0000f03b    00000001     --HOLE-- [fill = 0]
                  0000f03c    00000020                                 : nwk_frame.obj (.cinit)
                  0000f05c    00000019                                 : nwk_link.obj (.cinit)
                  0000f075    00000001     --HOLE-- [fill = 0]
                  0000f076    00000017     BlueRobin_RX_433MHz.lib : BRRX_Scheduler.obj (.cinit)
                  0000f08d    00000001     --HOLE-- [fill = 0]
                  0000f08e    00000017                             : BRRX_Timer.obj (.cinit)
                  0000f0a5    00000001     --HOLE-- [fill = 0]
                  0000f0a6    00000015     CC430_End_Device_433MHz.lib : nwk_join.obj (.cinit)
                  0000f0bb    00000001     --HOLE-- [fill = 0]
                  0000f0bc    0000000c     BlueRobin_RX_433MHz.lib : BRRX_Radio.obj (.cinit)
                  0000f0c8    0000000b                             : BRRX_Packet.obj (.cinit)
                  0000f0d3    00000001     --HOLE-- [fill = 0]
                  0000f0d4    0000000b     CC430_End_Device_433MHz.lib : nwk_mgmt.obj (.cinit)
                  0000f0df    00000001     --HOLE-- [fill = 0]
                  0000f0e0    00000005                                 : nwk.obj (.cinit)
                  0000f0e5    00000001     --HOLE-- [fill = 0]
                  0000f0e6    00000005                                 : nwk_api.obj (.cinit)
                  0000f0eb    00000001     --HOLE-- [fill = 0]
                  0000f0ec    00000005                                 : nwk_globals.obj (.cinit)
                  0000f0f1    00000001     --HOLE-- [fill = 0]
                  0000f0f2    00000005                                 : nwk_ping.obj (.cinit)
                  0000f0f7    00000001     --HOLE-- [fill = 0]
                  0000f0f8    00000002     (.pad.cinit) [fill = 0]

.int48     0    0000ffe0    00000002     
                  0000ffe0    00000002     <whole-program> (.int48)

.int53     0    0000ffea    00000002     
                  0000ffea    00000002     ez430_chronos_drivers.lib : radio.obj (.int53)

.int54     0    0000ffec    00000002     
                  0000ffec    00000002     <whole-program> (.int54)

.int55     0    0000ffee    00000002     
                  0000ffee    00000002     <whole-program> (.int55)

.int56     0    0000fff0    00000002     
                  0000fff0    00000002     <whole-program> (.int56)

.reset     0    0000fffe    00000002     
                  0000fffe    00000002     rts430x.lib : boot.obj (.reset)


GLOBAL SYMBOLS: SORTED ALPHABETICALLY BY Name 

address    name
--------   ----
00001c00   .bss
00008000   .text
00000700   ADC12CTL0
00000701   ADC12CTL0_H
00000700   ADC12CTL0_L
00000702   ADC12CTL1
00000703   ADC12CTL1_H
00000702   ADC12CTL1_L
00000704   ADC12CTL2
00000705   ADC12CTL2_H
00000704   ADC12CTL2_L
0000070c   ADC12IE
0000070d   ADC12IE_H
0000070c   ADC12IE_L
0000070a   ADC12IFG
0000070b   ADC12IFG_H
0000070a   ADC12IFG_L
0000e2d2   ADC12ISR
0000070e   ADC12IV
0000070f   ADC12IV_H
0000070e   ADC12IV_L
00000710   ADC12MCTL0
00000711   ADC12MCTL1
0000071a   ADC12MCTL10
0000071b   ADC12MCTL11
0000071c   ADC12MCTL12
0000071d   ADC12MCTL13
0000071e   ADC12MCTL14
0000071f   ADC12MCTL15
00000712   ADC12MCTL2
00000713   ADC12MCTL3
00000714   ADC12MCTL4
00000715   ADC12MCTL5
00000716   ADC12MCTL6
00000717   ADC12MCTL7
00000718   ADC12MCTL8
00000719   ADC12MCTL9
00000720   ADC12MEM0
00000721   ADC12MEM0_H
00000720   ADC12MEM0_L
00000722   ADC12MEM1
00000734   ADC12MEM10
00000735   ADC12MEM10_H
00000734   ADC12MEM10_L
00000736   ADC12MEM11
00000737   ADC12MEM11_H
00000736   ADC12MEM11_L
00000738   ADC12MEM12
00000739   ADC12MEM12_H
00000738   ADC12MEM12_L
0000073a   ADC12MEM13
0000073b   ADC12MEM13_H
0000073a   ADC12MEM13_L
0000073c   ADC12MEM14
0000073d   ADC12MEM14_H
0000073c   ADC12MEM14_L
0000073e   ADC12MEM15
0000073f   ADC12MEM15_H
0000073e   ADC12MEM15_L
00000723   ADC12MEM1_H
00000722   ADC12MEM1_L
00000724   ADC12MEM2
00000725   ADC12MEM2_H
00000724   ADC12MEM2_L
00000726   ADC12MEM3
00000727   ADC12MEM3_H
00000726   ADC12MEM3_L
00000728   ADC12MEM4
00000729   ADC12MEM4_H
00000728   ADC12MEM4_L
0000072a   ADC12MEM5
0000072b   ADC12MEM5_H
0000072a   ADC12MEM5_L
0000072c   ADC12MEM6
0000072d   ADC12MEM6_H
0000072c   ADC12MEM6_L
0000072e   ADC12MEM7
0000072f   ADC12MEM7_H
0000072e   ADC12MEM7_L
00000730   ADC12MEM8
00000731   ADC12MEM8_H
00000730   ADC12MEM8_L
00000732   ADC12MEM9
00000733   ADC12MEM9_H
00000732   ADC12MEM9_L
000009c0   AESACTL0
000009c1   AESACTL0_H
000009c0   AESACTL0_L
000009c8   AESADIN
000009c9   AESADIN_H
000009c8   AESADIN_L
000009ca   AESADOUT
000009cb   AESADOUT_H
000009ca   AESADOUT_L
000009c6   AESAKEY
000009c7   AESAKEY_H
000009c6   AESAKEY_L
000009c4   AESASTAT
000009c5   AESASTAT_H
000009c4   AESASTAT_L
0000e85a   BRRX_GetFS_Offset_s8
0000dea2   BRRX_GetState_t
0000c664   BRRX_PacketEndTimerTask_v
0000bdb2   BRRX_RadioReceive_v
0000d806   BRRX_RadioStop_v
0000d3e6   BRRX_TimerTask_v
0000e892   BRRX__CallTimer_v
00001f02   BRRX__CurrentPacketTime_u16
00001f04   BRRX__CurrentSignalLevel_u8
0000d2b0   BRRX__DecodePacket_u8
0000ef08   BRRX__First_TXCB_t
0000e6f4   BRRX__GetCurrentTime_u16
0000ef0a   BRRX__Last_TXCB_t
00001e6e   BRRX__MaxSearchTries_u8
0000d170   BRRX__NewInfo_v
00001ec4   BRRX__NextEndTime_u16
00001ec2   BRRX__NextEventTime_u16
00001ec7   BRRX__NextFrequencyOffset_s8
00001ec6   BRRX__NextFrequency_u8
00001e72   BRRX__PacketBits_t
00001e6c   BRRX__PowerdownDelay_u8
0000829a   BRRX__Scheduler_v
00001e6f   BRRX__SearchRatio_u8
00001e6d   BRRX__SignalLevelReduction
0000c894   BRRX__StartNewSearch_v
00001f00   BRRX__StatusFlags_t
0000e7d8   BRRX__StopTimer_v
00001df2   BRRX__TXCB_t
00001e70   BRRX__TestMode_u8
00001ec8   BRRX__TimerState_t
0000d69a   BR__CalcCRC_u8
0000cda8   BR__CalcRandomTimeOffset_u16
0000d6ce   BSP_Delay
0000e63e   BSP_InitBoard
0000e554   BlueRobin_RadioISR_v
0000e8e8   C$$EXIT
000008c0   CBCTL0
000008c1   CBCTL0_H
000008c0   CBCTL0_L
000008c2   CBCTL1
000008c3   CBCTL1_H
000008c2   CBCTL1_L
000008c4   CBCTL2
000008c5   CBCTL2_H
000008c4   CBCTL2_L
000008c6   CBCTL3
000008c7   CBCTL3_H
000008c6   CBCTL3_L
000008cc   CBINT
000008cd   CBINT_H
000008cc   CBINT_L
000008ce   CBIV
00000150   CRCDI
00000152   CRCDIRB
00000153   CRCDIRB_H
00000152   CRCDIRB_L
00000151   CRCDI_H
00000150   CRCDI_L
00000154   CRCINIRES
00000155   CRCINIRES_H
00000154   CRCINIRES_L
00000156   CRCRESR
00000157   CRCRESR_H
00000156   CRCRESR_L
00000510   DMA0CTL
00000511   DMA0CTL_H
00000510   DMA0CTL_L
00000516   DMA0DA
00000516   DMA0DAL
00000512   DMA0SA
00000512   DMA0SAL
0000051a   DMA0SZ
00000520   DMA1CTL
00000521   DMA1CTL_H
00000520   DMA1CTL_L
00000526   DMA1DA
00000526   DMA1DAL
00000522   DMA1SA
00000522   DMA1SAL
0000052a   DMA1SZ
00000530   DMA2CTL
00000531   DMA2CTL_H
00000530   DMA2CTL_L
00000536   DMA2DA
00000536   DMA2DAL
00000532   DMA2SA
00000532   DMA2SAL
0000053a   DMA2SZ
00000500   DMACTL0
00000501   DMACTL0_H
00000500   DMACTL0_L
00000502   DMACTL1
00000503   DMACTL1_H
00000502   DMACTL1_L
00000504   DMACTL2
00000505   DMACTL2_H
00000504   DMACTL2_L
00000506   DMACTL3
00000507   DMACTL3_H
00000506   DMACTL3_L
00000508   DMACTL4
00000509   DMACTL4_H
00000508   DMACTL4_L
0000050e   DMAIV
0000050f   DMAIV_H
0000050e   DMAIV_L
00000140   FCTL1
00000141   FCTL1_H
00000140   FCTL1_L
00000144   FCTL3
00000145   FCTL3_H
00000144   FCTL3_L
00000146   FCTL4
00000147   FCTL4_H
00000146   FCTL4_L
00000a04   LCDBBLKCTL
00000a05   LCDBBLKCTL_H
00000a04   LCDBBLKCTL_L
00000a12   LCDBCPCTL
00000a13   LCDBCPCTL_H
00000a12   LCDBCPCTL_L
00000a00   LCDBCTL0
00000a01   LCDBCTL0_H
00000a00   LCDBCTL0_L
00000a02   LCDBCTL1
00000a03   LCDBCTL1_H
00000a02   LCDBCTL1_L
00000a1e   LCDBIV
00000a40   LCDBM1
00000a49   LCDBM10
00000a4a   LCDBM11
00000a4b   LCDBM12
00000a4c   LCDBM13
00000a4d   LCDBM14
00000a4e   LCDBM15
00000a4f   LCDBM16
00000a50   LCDBM17
00000a51   LCDBM18
00000a52   LCDBM19
00000a41   LCDBM2
00000a53   LCDBM20
00000a54   LCDBM21
00000a55   LCDBM22
00000a56   LCDBM23
00000a57   LCDBM24
00000a42   LCDBM3
00000a43   LCDBM4
00000a44   LCDBM5
00000a45   LCDBM6
00000a46   LCDBM7
00000a47   LCDBM8
00000a48   LCDBM9
00000a06   LCDBMEMCTL
00000a07   LCDBMEMCTL_H
00000a06   LCDBMEMCTL_L
00000a0a   LCDBPCTL0
00000a0b   LCDBPCTL0_H
00000a0a   LCDBPCTL0_L
00000a0c   LCDBPCTL1
00000a0d   LCDBPCTL1_H
00000a0c   LCDBPCTL1_L
00000a0e   LCDBPCTL2
00000a0f   LCDBPCTL2_H
00000a0e   LCDBPCTL2_L
00000a10   LCDBPCTL3
00000a11   LCDBPCTL3_H
00000a10   LCDBPCTL3_L
00000a08   LCDBVCTL
00000a09   LCDBVCTL_H
00000a08   LCDBVCTL_L
00000a20   LCDM1
00000a29   LCDM10
00000a2a   LCDM11
00000a2b   LCDM12
00000a2c   LCDM13
00000a2d   LCDM14
00000a2e   LCDM15
00000a2f   LCDM16
00000a30   LCDM17
00000a31   LCDM18
00000a32   LCDM19
00000a21   LCDM2
00000a33   LCDM20
00000a34   LCDM21
00000a35   LCDM22
00000a36   LCDM23
00000a37   LCDM24
00000a22   LCDM3
00000a23   LCDM4
00000a24   LCDM5
00000a25   LCDM6
00000a26   LCDM7
00000a27   LCDM8
00000a28   LCDM9
0000d326   L_ASR_1
0000d302   L_ASR_10
0000d2fe   L_ASR_11
0000d2fa   L_ASR_12
0000d2f6   L_ASR_13
0000d2f2   L_ASR_14
0000d2ee   L_ASR_15
0000d322   L_ASR_2
0000d31e   L_ASR_3
0000d31a   L_ASR_4
0000d316   L_ASR_5
0000d312   L_ASR_6
0000d30e   L_ASR_7
0000d30a   L_ASR_8
0000d306   L_ASR_9
0000d364   L_LSL_1
0000d340   L_LSL_10
0000d33c   L_LSL_11
0000d338   L_LSL_12
0000d334   L_LSL_13
0000d330   L_LSL_14
0000d32c   L_LSL_15
0000d360   L_LSL_2
0000d35c   L_LSL_3
0000d358   L_LSL_4
0000d354   L_LSL_5
0000d350   L_LSL_6
0000d34c   L_LSL_7
0000d348   L_LSL_8
0000d344   L_LSL_9
0000d3a2   L_LSR_1
0000d37e   L_LSR_10
0000d37a   L_LSR_11
0000d376   L_LSR_12
0000d372   L_LSR_13
0000d36e   L_LSR_14
0000d36a   L_LSR_15
0000d39e   L_LSR_2
0000d39a   L_LSR_3
0000d396   L_LSR_4
0000d392   L_LSR_5
0000d38e   L_LSR_6
0000d38a   L_LSR_7
0000d386   L_LSR_8
0000d382   L_LSR_9
000004c4   MAC
000004da   MAC32H
000004db   MAC32H_H
000004da   MAC32H_L
000004d8   MAC32L
000004d9   MAC32L_H
000004d8   MAC32L_L
000004c6   MACS
000004de   MACS32H
000004df   MACS32H_H
000004de   MACS32H_L
000004dc   MACS32L
000004dd   MACS32L_H
000004dc   MACS32L_L
000004c7   MACS_H
000004c6   MACS_L
000004c5   MAC_H
000004c4   MAC_L
000004c0   MPY
000004ec   MPY32CTL0
000004ed   MPY32CTL0_H
000004ec   MPY32CTL0_L
000004d2   MPY32H
000004d3   MPY32H_H
000004d2   MPY32H_L
000004d0   MPY32L
000004d1   MPY32L_H
000004d0   MPY32L_L
000004c2   MPYS
000004d6   MPYS32H
000004d7   MPYS32H_H
000004d6   MPYS32H_L
000004d4   MPYS32L
000004d5   MPYS32L_H
000004d4   MPYS32L_L
000004c3   MPYS_H
000004c2   MPYS_L
000004c1   MPY_H
000004c0   MPY_L
0000e320   MRFI_DelayMs
0000e15e   MRFI_EnableRxAddrFilter
0000e898   MRFI_GetRadioState
000090fc   MRFI_Init
0000e700   MRFI_PostKillSem
0000c5a0   MRFI_RadioIsr
0000e3b0   MRFI_RandomByte
0000e70c   MRFI_Receive
0000d422   MRFI_ReplyDelay
0000dfde   MRFI_Rssi
0000dffe   MRFI_RxCompleteISR
0000e01e   MRFI_RxIdle
0000e03e   MRFI_RxOn
0000d838   MRFI_SetLogicalChannel
0000e2b8   MRFI_SetRFPwr
0000db38   MRFI_SetRxAddrFilter
0000dec6   MRFI_Sleep
0000aa88   MRFI_Transmit
0000df56   MRFI_WakeUp
000004c8   OP2
000004e2   OP2H
000004e3   OP2H_H
000004e2   OP2H_L
000004e0   OP2L
000004e1   OP2L_H
000004e0   OP2L_L
000004c9   OP2_H
000004c8   OP2_L
0000020e   P1IV
000001c8   P1MAP01
000001c9   P1MAP01_H
000001c8   P1MAP01_L
000001ca   P1MAP23
000001cb   P1MAP23_H
000001ca   P1MAP23_L
000001cc   P1MAP45
000001cd   P1MAP45_H
000001cc   P1MAP45_L
000001ce   P1MAP67
000001cf   P1MAP67_H
000001ce   P1MAP67_L
0000021e   P2IV
000001d0   P2MAP01
000001d1   P2MAP01_H
000001d0   P2MAP01_L
000001d2   P2MAP23
000001d3   P2MAP23_H
000001d2   P2MAP23_L
000001d4   P2MAP45
000001d5   P2MAP45_H
000001d4   P2MAP45_L
000001d6   P2MAP67
000001d7   P2MAP67_H
000001d6   P2MAP67_L
000001d8   P3MAP01
000001d9   P3MAP01_H
000001d8   P3MAP01_L
000001da   P3MAP23
000001db   P3MAP23_H
000001da   P3MAP23_L
000001dc   P3MAP45
000001dd   P3MAP45_H
000001dc   P3MAP45_L
000001de   P3MAP67
000001df   P3MAP67_H
000001de   P3MAP67_L
00000204   PADIR
00000205   PADIR_H
00000204   PADIR_L
00000208   PADS
00000209   PADS_H
00000208   PADS_L
0000021a   PAIE
00000218   PAIES
00000219   PAIES_H
00000218   PAIES_L
0000021b   PAIE_H
0000021a   PAIE_L
0000021c   PAIFG
0000021d   PAIFG_H
0000021c   PAIFG_L
00000200   PAIN
00000201   PAIN_H
00000200   PAIN_L
00000202   PAOUT
00000203   PAOUT_H
00000202   PAOUT_L
00000206   PAREN
00000207   PAREN_H
00000206   PAREN_L
0000020a   PASEL
0000020b   PASEL_H
0000020a   PASEL_L
00000224   PBDIR
00000225   PBDIR_H
00000224   PBDIR_L
00000228   PBDS
00000229   PBDS_H
00000228   PBDS_L
00000220   PBIN
00000221   PBIN_H
00000220   PBIN_L
00000222   PBOUT
00000223   PBOUT_H
00000222   PBOUT_L
00000226   PBREN
00000227   PBREN_H
00000226   PBREN_L
0000022a   PBSEL
0000022b   PBSEL_H
0000022a   PBSEL_L
00000244   PCDIR
00000245   PCDIR_H
00000244   PCDIR_L
00000248   PCDS
00000249   PCDS_H
00000248   PCDS_L
00000240   PCIN
00000241   PCIN_H
00000240   PCIN_L
00000242   PCOUT
00000243   PCOUT_H
00000242   PCOUT_L
00000246   PCREN
00000247   PCREN_H
00000246   PCREN_L
0000024a   PCSEL
0000024b   PCSEL_H
0000024a   PCSEL_L
00000324   PJDIR
00000325   PJDIR_H
00000324   PJDIR_L
00000328   PJDS
00000329   PJDS_H
00000328   PJDS_L
00000320   PJIN
00000321   PJIN_H
00000320   PJIN_L
00000322   PJOUT
00000323   PJOUT_H
00000322   PJOUT_L
00000326   PJREN
00000327   PJREN_H
00000326   PJREN_L
000001c2   PMAPCTL
000001c3   PMAPCTL_H
000001c2   PMAPCTL_L
000001c0   PMAPKEYID
000001c1   PMAPKEYID_H
000001c0   PMAPKEYID_L
00000120   PMMCTL0
00000121   PMMCTL0_H
00000120   PMMCTL0_L
00000122   PMMCTL1
00000123   PMMCTL1_H
00000122   PMMCTL1_L
0000012c   PMMIFG
0000012d   PMMIFG_H
0000012c   PMMIFG_L
0000012e   PMMRIE
0000012f   PMMRIE_H
0000012e   PMMRIE_L
00008778   PORT2_ISR
00000158   RCCTL0
00000159   RCCTL0_H
00000158   RCCTL0_L
000001b0   REFCTL0
000001b1   REFCTL0_H
000001b0   REFCTL0_L
000004e4   RES0
000004e5   RES0_H
000004e4   RES0_L
000004e6   RES1
000004e7   RES1_H
000004e6   RES1_L
000004e8   RES2
000004e9   RES2_H
000004e8   RES2_L
000004ea   RES3
000004eb   RES3_H
000004ea   RES3_L
000004cc   RESHI
000004cd   RESHI_H
000004cc   RESHI_L
000004ca   RESLO
000004cb   RESLO_H
000004ca   RESLO_L
00000f16   RF1ADINW
00000f17   RF1ADINW_H
00000f16   RF1ADINW_L
00000f28   RF1ADOUT0W
00000f29   RF1ADOUT0W_H
00000f28   RF1ADOUT0W_L
00000f2a   RF1ADOUT1W
00000f2b   RF1ADOUT1W_H
00000f2a   RF1ADOUT1W_L
00000f2c   RF1ADOUT2W
00000f2d   RF1ADOUT2W_H
00000f2c   RF1ADOUT2W_L
00000f36   RF1AIE
00000f34   RF1AIES
00000f35   RF1AIES_H
00000f34   RF1AIES_L
00000f37   RF1AIE_H
00000f36   RF1AIE_L
00000f00   RF1AIFCTL0
00000f01   RF1AIFCTL0_H
00000f00   RF1AIFCTL0_L
00000f02   RF1AIFCTL1
00000f03   RF1AIFCTL1_H
00000f02   RF1AIFCTL1_L
00000f04   RF1AIFCTL2
00000f05   RF1AIFCTL2_H
00000f04   RF1AIFCTL2_L
00000f06   RF1AIFERR
00000f0c   RF1AIFERRV
00000f0d   RF1AIFERRV_H
00000f0c   RF1AIFERRV_L
00000f07   RF1AIFERR_H
00000f06   RF1AIFERR_L
00000f32   RF1AIFG
00000f33   RF1AIFG_H
00000f32   RF1AIFG_L
00000f0e   RF1AIFIV
00000f0f   RF1AIFIV_H
00000f0e   RF1AIFIV_L
00000f30   RF1AIN
00000f12   RF1AINSTR1W
00000f13   RF1AINSTR1W_H
00000f12   RF1AINSTR1W_L
00000f14   RF1AINSTR2W
00000f15   RF1AINSTR2W_H
00000f14   RF1AINSTR2W_L
00000f10   RF1AINSTRW
00000f11   RF1AINSTRW_H
00000f10   RF1AINSTRW_L
00000f31   RF1AIN_H
00000f30   RF1AIN_L
00000f38   RF1AIV
00000f39   RF1AIV_H
00000f38   RF1AIV_L
00000f3c   RF1ARXFIFO
00000f3d   RF1ARXFIFO_H
00000f3c   RF1ARXFIFO_L
00000f20   RF1ASTAT0W
00000f21   RF1ASTAT0W_H
00000f20   RF1ASTAT0W_L
00000f22   RF1ASTAT1W
00000f23   RF1ASTAT1W_H
00000f22   RF1ASTAT1W_L
00000f24   RF1ASTAT2W
00000f25   RF1ASTAT2W_H
00000f24   RF1ASTAT2W_L
00000f3e   RF1ATXFIFO
00000f3f   RF1ATXFIFO_H
00000f3e   RF1ATXFIFO_L
000004ba   RTCADOWDAY
000004bb   RTCADOWDAY_H
000004ba   RTCADOWDAY_L
000004b8   RTCAMINHR
000004b9   RTCAMINHR_H
000004b8   RTCAMINHR_L
000004a0   RTCCTL01
000004a1   RTCCTL01_H
000004a0   RTCCTL01_L
000004a2   RTCCTL23
000004a3   RTCCTL23_H
000004a2   RTCCTL23_L
000004b4   RTCDATE
000004b5   RTCDATE_H
000004b4   RTCDATE_L
000004ae   RTCIV
000004ac   RTCPS
000004a8   RTCPS0CTL
000004a9   RTCPS0CTL_H
000004a8   RTCPS0CTL_L
000004aa   RTCPS1CTL
000004ab   RTCPS1CTL_H
000004aa   RTCPS1CTL_L
000004ad   RTCPS_H
000004ac   RTCPS_L
000004b0   RTCTIM0
000004b1   RTCTIM0_H
000004b0   RTCTIM0_L
000004b2   RTCTIM1
000004b3   RTCTIM1_H
000004b2   RTCTIM1_L
000004b6   RTCYEAR
000004b7   RTCYEAR_H
000004b6   RTCYEAR_L
0000eb2e   RandomValue_u8
0000cfdc   ReadBurstReg
0000e3dc   ReadSingleReg
00000100   SFRIE1
00000101   SFRIE1_H
00000100   SFRIE1_L
00000102   SFRIFG1
00000103   SFRIFG1_H
00000102   SFRIFG1_L
00000104   SFRRPCR
00000105   SFRRPCR_H
00000104   SFRRPCR_L
0000d702   SMPL_Init
000098e4   SMPL_Ioctl
0000e8e0   SMPL_Link
0000d020   SMPL_Receive
0000a620   SMPL_SendOpt
000004ce   SUMEXT
000004cf   SUMEXT_H
000004ce   SUMEXT_L
00000124   SVSMHCTL
00000125   SVSMHCTL_H
00000124   SVSMHCTL_L
00000128   SVSMIO
00000129   SVSMIO_H
00000128   SVSMIO_L
00000126   SVSMLCTL
00000127   SVSMLCTL_H
00000126   SVSMLCTL_L
00000198   SYSBERRIV
00000199   SYSBERRIV_H
00000198   SYSBERRIV_L
00000182   SYSBSLC
00000183   SYSBSLC_H
00000182   SYSBSLC_L
00000180   SYSCTL
00000181   SYSCTL_H
00000180   SYSCTL_L
00000186   SYSJMBC
00000187   SYSJMBC_H
00000186   SYSJMBC_L
00000188   SYSJMBI0
00000189   SYSJMBI0_H
00000188   SYSJMBI0_L
0000018a   SYSJMBI1
0000018b   SYSJMBI1_H
0000018a   SYSJMBI1_L
0000018c   SYSJMBO0
0000018d   SYSJMBO0_H
0000018c   SYSJMBO0_L
0000018e   SYSJMBO1
0000018f   SYSJMBO1_H
0000018e   SYSJMBO1_L
0000019e   SYSRSTIV
0000019f   SYSRSTIV_H
0000019e   SYSRSTIV_L
0000019c   SYSSNIV
0000019d   SYSSNIV_H
0000019c   SYSSNIV_L
0000019a   SYSUNIV
0000019b   SYSUNIV_H
0000019a   SYSUNIV_L
0000dd00   SetVCore
0000dd26   SetVCoreDown
0000ce38   SetVCoreUp
0000b58a   Strobe
00000352   TA0CCR0
00000354   TA0CCR1
00000356   TA0CCR2
00000358   TA0CCR3
0000035a   TA0CCR4
00000342   TA0CCTL0
00000344   TA0CCTL1
00000346   TA0CCTL2
00000348   TA0CCTL3
0000034a   TA0CCTL4
00000340   TA0CTL
00000360   TA0EX0
0000036e   TA0IV
00000350   TA0R
00000392   TA1CCR0
00000394   TA1CCR1
00000396   TA1CCR2
00000382   TA1CCTL0
00000384   TA1CCTL1
00000386   TA1CCTL2
00000380   TA1CTL
000003a0   TA1EX0
000003ae   TA1IV
00000390   TA1R
0000851e   TIMER0_A0_ISR
0000bc2e   TIMER0_A1_5_ISR
0000dbb6   Timer0_A3_Start
0000e862   Timer0_A3_Stop
0000c6c2   Timer0_A4_Delay
0000e48c   Timer0_Init
0000e86a   Timer0_Start
0000e718   Timer0_Stop
000005d0   UCA0ABCTL
000005c6   UCA0BRW
000005c7   UCA0BRW_H
000005c6   UCA0BRW_L
000005c0   UCA0CTLW0
000005c1   UCA0CTLW0_H
000005c0   UCA0CTLW0_L
000005dc   UCA0ICTL
000005dd   UCA0ICTL_H
000005dc   UCA0ICTL_L
000005d2   UCA0IRCTL
000005d3   UCA0IRCTL_H
000005d2   UCA0IRCTL_L
000005de   UCA0IV
000005c8   UCA0MCTL
000005cc   UCA0RXBUF
000005ca   UCA0STAT
000005ce   UCA0TXBUF
000005e6   UCB0BRW
000005e7   UCB0BRW_H
000005e6   UCB0BRW_L
000005e0   UCB0CTLW0
000005e1   UCB0CTLW0_H
000005e0   UCB0CTLW0_L
000005f0   UCB0I2COA
000005f1   UCB0I2COA_H
000005f0   UCB0I2COA_L
000005f2   UCB0I2CSA
000005f3   UCB0I2CSA_H
000005f2   UCB0I2CSA_L
000005fc   UCB0ICTL
000005fd   UCB0ICTL_H
000005fc   UCB0ICTL_L
000005fe   UCB0IV
000005ec   UCB0RXBUF
000005ea   UCB0STAT
000005ee   UCB0TXBUF
00000160   UCSCTL0
00000161   UCSCTL0_H
00000160   UCSCTL0_L
00000162   UCSCTL1
00000163   UCSCTL1_H
00000162   UCSCTL1_L
00000164   UCSCTL2
00000165   UCSCTL2_H
00000164   UCSCTL2_L
00000166   UCSCTL3
00000167   UCSCTL3_H
00000166   UCSCTL3_L
00000168   UCSCTL4
00000169   UCSCTL4_H
00000168   UCSCTL4_L
0000016a   UCSCTL5
0000016b   UCSCTL5_H
0000016a   UCSCTL5_L
0000016c   UCSCTL6
0000016d   UCSCTL6_H
0000016c   UCSCTL6_L
0000016e   UCSCTL7
0000016f   UCSCTL7_H
0000016e   UCSCTL7_L
00000170   UCSCTL8
00000171   UCSCTL8_H
00000170   UCSCTL8_L
0000015c   WDTCTL
0000015d   WDTCTL_H
0000015c   WDTCTL_L
0000d586   WriteSingleReg
00002bfc   __STACK_END
00000050   __STACK_SIZE
00000001   __TI_args_main
00000001   __TI_auto_init
00000001   __TI_exit
ffffffff   __binit__
00001c00   __bss__
ffffffff   __c_args__
0000ef18   __cinit__
0000db0c   __divi
0000d230   __divli
0000e434   __divu
0000c944   __divul
00001f19   __end__
0000e90e   __etext__
00009694   __fs_add
0000ccca   __fs_cmp
0000b868   __fs_div
0000d664   __fs_itof
0000cd14   __fs_ltof
0000af0a   __fs_mpy
0000e832   __fs_neg
0000968e   __fs_sub
0000c3a0   __fs_toi
0000bf2c   __fs_tol
0000cf50   __fs_tou
0000d964   __fs_ultof
0000df32   __fs_utof
0000e44a   __mpyi_f5hw
ffffffff   __pinit__
0000db0c   __remi
0000d230   __remli
0000e434   __remu
0000c944   __remul
00008000   __text__
0000ce7e   _auto_init
0000dbe0   _c_int00
0000dbe0   _c_int00_noexit
00001ee2   _cleanup_ptr
00001ee6   _dtors_ptr
00001eda   _lock
0000e908   _nop
0000fffe   _reset_vector
00002bac   _stack
0000e8e4   _system_pre_init
00001ede   _unlock
0000e8e8   abort
00001f18   adc12_data_ready
00001f16   adc12_result
0000c2d0   adc12_single_conversion
0000d064   add_day
0000dc0a   as_get_data
0000da86   as_init
00001e49   as_ok
0000c264   as_read_register
0000bcb2   as_start
0000d86a   as_stop
0000c470   as_write_register
0000e338   atan
0000c602   atanh
0000be30   battery_measurement
0000d89c   bend
ffffffff   binit
00001efe   brrx_packet_end_cap_value
00001d1c   burst_end
00001d18   burst_mode
00001d1e   burst_packet
00001d30   burst_packet_index
00001d1a   burst_start
00001e9a   button
0000cc32   button_repeat_function
0000e7e2   button_repeat_off
0000e3f2   button_repeat_on
0000ba0e   calc_slide
0000e05e   check_alarm
0000ef18   cinit
0000e89e   clear_blink_mem
0000e724   clear_display
0000e212   clear_display_all
0000caee   clear_line
0000c838   clock_tick
0000e64e   close_radio
00008000   conv_pa_to_meter
0000e1b8   convert_C_to_F
0000e350   convert_F_to_C
0000e4a0   convert_ft_to_m
0000e368   convert_hour_to_12H_format
0000e4b4   convert_m_to_ft
0000e4c8   countdown_buzzer
00001e14   day_names
00001c8c   display
0000b458   display_alarm
00009f58   display_altitude
0000e22e   display_am_pm_symbol
0000c720   display_battery_V
0000c10e   display_char
0000a8e0   display_chars
0000c99c   display_date
0000cec4   display_hours
0000e07e   display_pin
0000e4dc   display_rf
0000dc34   display_rfbsl
0000e65e   display_selection_Timeformat1
0000e4f0   display_slide
0000e8a4   display_stopwatch
000097be   display_stopwatchf
0000e408   display_symbol
0000e504   display_sync
0000a52c   display_temperature
0000a052   display_time
00009a02   display_update
0000e6ae   display_util
0000df78   display_value
0000e730   do_acceleration_measurement
0000ba98   do_altitude_measurement
0000eedc   dow_offset
00001f19   end
0000e90e   etext
00001e48   flip_alt
00001ef8   flip_temp
00001ea4   fn_calc
00001f0e   fn_util
00001eea   fptr_Timer0_A3_function
00001dc8   fptr_lcd_function_line1
00001dbc   fptr_lcd_function_line1m
00001dcc   fptr_lcd_function_line2
00001dc4   fptr_lcd_function_line2m
0000c022   get_day
0000e518   get_numberOfDays
0000edc4   h0
0000e748   idle_loop
00001ea6   in_calc
0000ab4e   init_application
0000dd72   init_buttons
0000beae   init_global_variables
0000dd98   init_pressure_table
0000ac14   int_to_array
0000e90e   int_to_array_conversion_table
00001ce2   int_to_array_str
0000e872   inv
0000ad9c   irt
0000e566   is_acceleration_measurement
0000e578   is_altitude_measurement
0000e8ec   is_bluerobin
0000e8f0   is_bluerobin_searching
0000e6bc   is_hour_am
0000e754   is_rf
0000e58a   is_stopwatch
0000e760   is_temp_measurement
0000ed6e   lcd_font
0000dc5e   lcd_init
0000e8aa   line1
0000e8b0   line2
0000c9f2   log
0000d8ce   main
0000df0e   memcmp
0000e59c   memcpy
0000e09e   memmove
0000e540   memset
0000ec40   menu_L1_Alarm
0000ec64   menu_L1_Altitude
0000ec52   menu_L1_Temperature
0000ec2e   menu_L1_Time
0000ec76   menu_L2_Date
0000ec88   menu_L2_Slide
0000ec9a   menu_L2_Stopwatch
0000ecac   menu_L2_Util
00001dc0   message
00001db4   method
0000eeec   month_days
0000ef0c   mrfiBroadcastAddr
0000ed2e   mrfiRadioCfg
0000b748   mrfiRadioInterfaceCmdStrobe
0000cf0a   mrfiRadioInterfaceReadReg
0000c53c   mrfiRadioInterfaceReadRxFifo
0000d76a   mrfiRadioInterfaceWriteReg
0000d79e   mrfiRadioInterfaceWriteTxFifo
0000a246   mx_alarm
0000a14c   mx_altitude
00008f26   mx_date
0000c180   mx_slide
0000e6ca   mx_stopwatch
00009e4c   mx_temperature
00008972   mx_time
0000e2ec   mx_util
0000ee08   named_calc
0000e8f4   nwk_NVObj
0000e24a   nwk_QInit
0000dae0   nwk_QadjustOrder
0000a70e   nwk_QfindOldest
0000c098   nwk_QfindSlot
0000a9b4   nwk_allocateLocalRxPort
0000df9a   nwk_buildAckReqFrame
0000b7d8   nwk_buildFrame
0000ddbe   nwk_checkConnInfo
0000e0be   nwk_connectionControl
0000d900   nwk_deviceAddress
0000d45e   nwk_findPeer
0000e1d6   nwk_frameInit
0000e8b6   nwk_freeConnection
0000e90a   nwk_freqInit
0000e8bc   nwk_getBCastAddress
0000dcb0   nwk_getConnInfo
0000e8c2   nwk_getFWVersion
0000e5ae   nwk_getJoinToken
0000e5c0   nwk_getLinkToken
0000e5d2   nwk_getMyAddress
0000e8c8   nwk_getMyRxType
0000d3a8   nwk_getNextConnection
0000e76c   nwk_getNumObjectFromMsg
0000e8f8   nwk_getProtocolVersion
0000dde4   nwk_globalsInit
0000b982   nwk_isConnectionValid
0000d49a   nwk_isLinkDuplicate
0000d1b0   nwk_isValidReply
0000a33e   nwk_join
0000de0a   nwk_joinInit
000093f2   nwk_link
0000d9c8   nwk_linkInit
0000e7ec   nwk_mgmtInit
0000b620   nwk_nwkInit
0000e7f6   nwk_pingInit
0000e8fc   nwk_processFreq
0000e266   nwk_processJoin
0000de30   nwk_processLink
0000d54c   nwk_processMgmt
0000dcd8   nwk_processPing
0000e900   nwk_processSecurity
0000d62e   nwk_putNumObjectIntoMsg
0000b320   nwk_radioControl
0000d9f8   nwk_rawReceive
0000cb40   nwk_rawSend
0000b1de   nwk_retrieveFrame
0000e90c   nwk_securityInit
0000bd32   nwk_sendAckReply
0000da28   nwk_sendFrame
0000e778   nwk_setAPAddress
0000e5e4   nwk_setJoinToken
0000e5f6   nwk_setLinkToken
0000e1f4   nwk_setMyAddress
0000e608   open_radio
00001eaa   out_calc
00001d32   p
0000ede6   p0
00001f10   pin_gen
0000d7d2   pin_generate
ffffffff   pinit
0000ee28   pre_scale
0000c338   process_requests
0000c4d6   ps_get_pa
0000cc7e   ps_get_temp
0000bfaa   ps_init
00001d76   ps_ok
0000c1f2   ps_read_register
0000e784   ps_start
0000e800   ps_stop
0000cb92   ps_twi_read
0000b4f2   ps_twi_sda
0000d12e   ps_twi_write
0000c8ec   ps_write_register
00001dd0   ptrMenu_L1
00001dd2   ptrMenu_L2
00001db8   quick
0000d5be   radio_ISR
0000e66e   radio_powerdown
0000d932   radio_reset
0000acd8   read_calibration_values
0000e41e   rel
00001dba   request
0000e6d8   reset_acceleration
0000e380   reset_alarm
0000d1f0   reset_altitude_measurement
0000e61a   reset_batt_measurement
0000e80a   reset_buzzer
0000e0de   reset_clock
0000e398   reset_date
0000e814   reset_rf
0000e0fe   reset_stopwatch
0000e81e   reset_temp_measurement
0000e828   restore_util
00001eb7   rfBSL_button_confirmation
00001dc2   rf_frequoffset
00001e90   sAccel
00001e2a   sAlarm
00001e3a   sAlt
00001eca   sBatt
00001f0a   sBlueRobin
00001e9c   sButton
00001ed2   sBuzzer
00001e0e   sDate
00001db5   sInit_done
00001cea   sRFsmpl
00001e58   sStopwatch
00001ef2   sTemp
00001e4a   sTime
00001eee   sTimer
0000ee48   scale
0000ed9a   segments_bitmask
00001c8e   segments_lcdmem
0000ef02   selection_Timeformat
0000e6e6   set_blink_rate
00008b66   set_value
00001cf2   simpliciti_data
00001d12   simpliciti_ed_address
00001cf0   simpliciti_flag
0000b280   simpliciti_get_ed_data_callback
0000afc0   simpliciti_link
0000b076   simpliciti_main_sync
0000cf96   simpliciti_main_tx_only
00001d16   simpliciti_payload_length
00001d17   simpliciti_reply_count
00009544   simpliciti_sync_decode_ap_cmd_callback
0000a7fc   simpliciti_sync_get_data_callback
0000ee68   slide_fn
0000e460   sqrt
0000e87a   square
0000d270   start_altitude_measurement
0000e8ce   start_blink
0000cdf0   start_buzzer
0000b3bc   start_simpliciti_sync
0000b12c   start_simpliciti_tx_only
0000dfbc   start_stopwatch
0000e882   stop_alarm
0000e282   stop_altitude_measurement
0000e8d4   stop_blink
0000e11e   stop_buzzer
0000e306   stop_stopwatch
00009b1e   stopwatch_tick
0000e67e   switch_seg
0000d996   sx_alarm
0000e83c   sx_altitude
0000e68e   sx_date
0000de56   sx_rf
0000ca48   sx_rfbsl
0000e62c   sx_slide
0000e476   sx_stopwatch
0000de7c   sx_sync
0000e8da   sx_temperature
0000e69e   sx_time
0000e790   sx_util
00001db6   sys
0000b6b4   temperature_measurement
0000e88a   to_lpm
0000cd5e   toggle_buzzer
00001e2e   tricky
0000e13e   tune
00001e36   tune_idx
0000e904   twi_delay
0000e79c   update_alarm
0000e7a8   update_battery_voltage
0000e846   update_date
00008d4e   update_pressure_table
0000e7b4   update_stopwatch
0000d4d6   update_stopwatch_timer
0000e7c0   update_temperature
0000e850   update_time
0000e7cc   update_util
0000eea0   util_dispfn
0000eeb4   util_sxfn
0000eec8   util_upfn
00009c30   wakeup_event
0000c77e   write_lcd_mem


GLOBAL SYMBOLS: SORTED BY Symbol Address 

address    name
--------   ----
00000001   __TI_args_main
00000001   __TI_auto_init
00000001   __TI_exit
00000050   __STACK_SIZE
00000100   SFRIE1
00000100   SFRIE1_L
00000101   SFRIE1_H
00000102   SFRIFG1
00000102   SFRIFG1_L
00000103   SFRIFG1_H
00000104   SFRRPCR
00000104   SFRRPCR_L
00000105   SFRRPCR_H
00000120   PMMCTL0
00000120   PMMCTL0_L
00000121   PMMCTL0_H
00000122   PMMCTL1
00000122   PMMCTL1_L
00000123   PMMCTL1_H
00000124   SVSMHCTL
00000124   SVSMHCTL_L
00000125   SVSMHCTL_H
00000126   SVSMLCTL
00000126   SVSMLCTL_L
00000127   SVSMLCTL_H
00000128   SVSMIO
00000128   SVSMIO_L
00000129   SVSMIO_H
0000012c   PMMIFG
0000012c   PMMIFG_L
0000012d   PMMIFG_H
0000012e   PMMRIE
0000012e   PMMRIE_L
0000012f   PMMRIE_H
00000140   FCTL1
00000140   FCTL1_L
00000141   FCTL1_H
00000144   FCTL3
00000144   FCTL3_L
00000145   FCTL3_H
00000146   FCTL4
00000146   FCTL4_L
00000147   FCTL4_H
00000150   CRCDI
00000150   CRCDI_L
00000151   CRCDI_H
00000152   CRCDIRB
00000152   CRCDIRB_L
00000153   CRCDIRB_H
00000154   CRCINIRES
00000154   CRCINIRES_L
00000155   CRCINIRES_H
00000156   CRCRESR
00000156   CRCRESR_L
00000157   CRCRESR_H
00000158   RCCTL0
00000158   RCCTL0_L
00000159   RCCTL0_H
0000015c   WDTCTL
0000015c   WDTCTL_L
0000015d   WDTCTL_H
00000160   UCSCTL0
00000160   UCSCTL0_L
00000161   UCSCTL0_H
00000162   UCSCTL1
00000162   UCSCTL1_L
00000163   UCSCTL1_H
00000164   UCSCTL2
00000164   UCSCTL2_L
00000165   UCSCTL2_H
00000166   UCSCTL3
00000166   UCSCTL3_L
00000167   UCSCTL3_H
00000168   UCSCTL4
00000168   UCSCTL4_L
00000169   UCSCTL4_H
0000016a   UCSCTL5
0000016a   UCSCTL5_L
0000016b   UCSCTL5_H
0000016c   UCSCTL6
0000016c   UCSCTL6_L
0000016d   UCSCTL6_H
0000016e   UCSCTL7
0000016e   UCSCTL7_L
0000016f   UCSCTL7_H
00000170   UCSCTL8
00000170   UCSCTL8_L
00000171   UCSCTL8_H
00000180   SYSCTL
00000180   SYSCTL_L
00000181   SYSCTL_H
00000182   SYSBSLC
00000182   SYSBSLC_L
00000183   SYSBSLC_H
00000186   SYSJMBC
00000186   SYSJMBC_L
00000187   SYSJMBC_H
00000188   SYSJMBI0
00000188   SYSJMBI0_L
00000189   SYSJMBI0_H
0000018a   SYSJMBI1
0000018a   SYSJMBI1_L
0000018b   SYSJMBI1_H
0000018c   SYSJMBO0
0000018c   SYSJMBO0_L
0000018d   SYSJMBO0_H
0000018e   SYSJMBO1
0000018e   SYSJMBO1_L
0000018f   SYSJMBO1_H
00000198   SYSBERRIV
00000198   SYSBERRIV_L
00000199   SYSBERRIV_H
0000019a   SYSUNIV
0000019a   SYSUNIV_L
0000019b   SYSUNIV_H
0000019c   SYSSNIV
0000019c   SYSSNIV_L
0000019d   SYSSNIV_H
0000019e   SYSRSTIV
0000019e   SYSRSTIV_L
0000019f   SYSRSTIV_H
000001b0   REFCTL0
000001b0   REFCTL0_L
000001b1   REFCTL0_H
000001c0   PMAPKEYID
000001c0   PMAPKEYID_L
000001c1   PMAPKEYID_H
000001c2   PMAPCTL
000001c2   PMAPCTL_L
000001c3   PMAPCTL_H
000001c8   P1MAP01
000001c8   P1MAP01_L
000001c9   P1MAP01_H
000001ca   P1MAP23
000001ca   P1MAP23_L
000001cb   P1MAP23_H
000001cc   P1MAP45
000001cc   P1MAP45_L
000001cd   P1MAP45_H
000001ce   P1MAP67
000001ce   P1MAP67_L
000001cf   P1MAP67_H
000001d0   P2MAP01
000001d0   P2MAP01_L
000001d1   P2MAP01_H
000001d2   P2MAP23
000001d2   P2MAP23_L
000001d3   P2MAP23_H
000001d4   P2MAP45
000001d4   P2MAP45_L
000001d5   P2MAP45_H
000001d6   P2MAP67
000001d6   P2MAP67_L
000001d7   P2MAP67_H
000001d8   P3MAP01
000001d8   P3MAP01_L
000001d9   P3MAP01_H
000001da   P3MAP23
000001da   P3MAP23_L
000001db   P3MAP23_H
000001dc   P3MAP45
000001dc   P3MAP45_L
000001dd   P3MAP45_H
000001de   P3MAP67
000001de   P3MAP67_L
000001df   P3MAP67_H
00000200   PAIN
00000200   PAIN_L
00000201   PAIN_H
00000202   PAOUT
00000202   PAOUT_L
00000203   PAOUT_H
00000204   PADIR
00000204   PADIR_L
00000205   PADIR_H
00000206   PAREN
00000206   PAREN_L
00000207   PAREN_H
00000208   PADS
00000208   PADS_L
00000209   PADS_H
0000020a   PASEL
0000020a   PASEL_L
0000020b   PASEL_H
0000020e   P1IV
00000218   PAIES
00000218   PAIES_L
00000219   PAIES_H
0000021a   PAIE
0000021a   PAIE_L
0000021b   PAIE_H
0000021c   PAIFG
0000021c   PAIFG_L
0000021d   PAIFG_H
0000021e   P2IV
00000220   PBIN
00000220   PBIN_L
00000221   PBIN_H
00000222   PBOUT
00000222   PBOUT_L
00000223   PBOUT_H
00000224   PBDIR
00000224   PBDIR_L
00000225   PBDIR_H
00000226   PBREN
00000226   PBREN_L
00000227   PBREN_H
00000228   PBDS
00000228   PBDS_L
00000229   PBDS_H
0000022a   PBSEL
0000022a   PBSEL_L
0000022b   PBSEL_H
00000240   PCIN
00000240   PCIN_L
00000241   PCIN_H
00000242   PCOUT
00000242   PCOUT_L
00000243   PCOUT_H
00000244   PCDIR
00000244   PCDIR_L
00000245   PCDIR_H
00000246   PCREN
00000246   PCREN_L
00000247   PCREN_H
00000248   PCDS
00000248   PCDS_L
00000249   PCDS_H
0000024a   PCSEL
0000024a   PCSEL_L
0000024b   PCSEL_H
00000320   PJIN
00000320   PJIN_L
00000321   PJIN_H
00000322   PJOUT
00000322   PJOUT_L
00000323   PJOUT_H
00000324   PJDIR
00000324   PJDIR_L
00000325   PJDIR_H
00000326   PJREN
00000326   PJREN_L
00000327   PJREN_H
00000328   PJDS
00000328   PJDS_L
00000329   PJDS_H
00000340   TA0CTL
00000342   TA0CCTL0
00000344   TA0CCTL1
00000346   TA0CCTL2
00000348   TA0CCTL3
0000034a   TA0CCTL4
00000350   TA0R
00000352   TA0CCR0
00000354   TA0CCR1
00000356   TA0CCR2
00000358   TA0CCR3
0000035a   TA0CCR4
00000360   TA0EX0
0000036e   TA0IV
00000380   TA1CTL
00000382   TA1CCTL0
00000384   TA1CCTL1
00000386   TA1CCTL2
00000390   TA1R
00000392   TA1CCR0
00000394   TA1CCR1
00000396   TA1CCR2
000003a0   TA1EX0
000003ae   TA1IV
000004a0   RTCCTL01
000004a0   RTCCTL01_L
000004a1   RTCCTL01_H
000004a2   RTCCTL23
000004a2   RTCCTL23_L
000004a3   RTCCTL23_H
000004a8   RTCPS0CTL
000004a8   RTCPS0CTL_L
000004a9   RTCPS0CTL_H
000004aa   RTCPS1CTL
000004aa   RTCPS1CTL_L
000004ab   RTCPS1CTL_H
000004ac   RTCPS
000004ac   RTCPS_L
000004ad   RTCPS_H
000004ae   RTCIV
000004b0   RTCTIM0
000004b0   RTCTIM0_L
000004b1   RTCTIM0_H
000004b2   RTCTIM1
000004b2   RTCTIM1_L
000004b3   RTCTIM1_H
000004b4   RTCDATE
000004b4   RTCDATE_L
000004b5   RTCDATE_H
000004b6   RTCYEAR
000004b6   RTCYEAR_L
000004b7   RTCYEAR_H
000004b8   RTCAMINHR
000004b8   RTCAMINHR_L
000004b9   RTCAMINHR_H
000004ba   RTCADOWDAY
[...]
000004cd   RESHI_H
000004ce   SUMEXT
000004ce   SUMEXT_L
000004cf   SUMEXT_H
000004d0   MPY32L
000004d0   MPY32L_L
000004d1   MPY32L_H
000004d2   MPY32H
000004d2   MPY32H_L
000004d3   MPY32H_H
000004d4   MPYS32L
000004d4   MPYS32L_L
000004d5   MPYS32L_H
000004d6   MPYS32H
000004d6   MPYS32H_L
000004d7   MPYS32H_H
000004d8   MAC32L
000004d8   MAC32L_L
000004d9   MAC32L_H
000004da   MAC32H
000004da   MAC32H_L
000004db   MAC32H_H
000004dc   MACS32L
000004dc   MACS32L_L
000004dd   MACS32L_H
000004de   MACS32H
000004de   MACS32H_L
000004df   MACS32H_H
000004e0   OP2L
000004e0   OP2L_L
000004e1   OP2L_H
000004e2   OP2H
000004e2   OP2H_L
000004e3   OP2H_H
000004e4   RES0
000004e4   RES0_L
000004e5   RES0_H
000004e6   RES1
000004e6   RES1_L
000004e7   RES1_H
000004e8   RES2
000004e8   RES2_L
000004e9   RES2_H
000004ea   RES3
000004ea   RES3_L
000004eb   RES3_H
000004ec   MPY32CTL0
000004ec   MPY32CTL0_L
000004ed   MPY32CTL0_H
00000500   DMACTL0
00000500   DMACTL0_L
00000501   DMACTL0_H
00000502   DMACTL1
00000502   DMACTL1_L
00000503   DMACTL1_H
00000504   DMACTL2
00000504   DMACTL2_L
00000505   DMACTL2_H
00000506   DMACTL3
00000506   DMACTL3_L
00000507   DMACTL3_H
00000508   DMACTL4
00000508   DMACTL4_L
00000509   DMACTL4_H
0000050e   DMAIV
0000050e   DMAIV_L
0000050f   DMAIV_H
00000510   DMA0CTL
00000510   DMA0CTL_L
00000511   DMA0CTL_H
00000512   DMA0SA
00000512   DMA0SAL
00000516   DMA0DA
00000516   DMA0DAL
0000051a   DMA0SZ
00000520   DMA1CTL
00000520   DMA1CTL_L
00000521   DMA1CTL_H
00000522   DMA1SA
00000522   DMA1SAL
00000526   DMA1DA
00000526   DMA1DAL
0000052a   DMA1SZ
00000530   DMA2CTL
00000530   DMA2CTL_L
00000531   DMA2CTL_H
00000532   DMA2SA
00000532   DMA2SAL
00000536   DMA2DA
00000536   DMA2DAL
0000053a   DMA2SZ
000005c0   UCA0CTLW0
000005c0   UCA0CTLW0_L
000005c1   UCA0CTLW0_H
000005c6   UCA0BRW
000005c6   UCA0BRW_L
000005c7   UCA0BRW_H
000005c8   UCA0MCTL
000005ca   UCA0STAT
000005cc   UCA0RXBUF
000005ce   UCA0TXBUF
000005d0   UCA0ABCTL
000005d2   UCA0IRCTL
000005d2   UCA0IRCTL_L
000005d3   UCA0IRCTL_H
000005dc   UCA0ICTL
000005dc   UCA0ICTL_L
000005dd   UCA0ICTL_H
000005de   UCA0IV
000005e0   UCB0CTLW0
000005e0   UCB0CTLW0_L
000005e1   UCB0CTLW0_H
000005e6   UCB0BRW
000005e6   UCB0BRW_L
000005e7   UCB0BRW_H
000005ea   UCB0STAT
000005ec   UCB0RXBUF
000005ee   UCB0TXBUF
000005f0   UCB0I2COA
000005f0   UCB0I2COA_L
000005f1   UCB0I2COA_H
000005f2   UCB0I2CSA
000005f2   UCB0I2CSA_L
000005f3   UCB0I2CSA_H
000005fc   UCB0ICTL
000005fc   UCB0ICTL_L
000005fd   UCB0ICTL_H
000005fe   UCB0IV
00000700   ADC12CTL0
00000700   ADC12CTL0_L
00000701   ADC12CTL0_H
00000702   ADC12CTL1
00000702   ADC12CTL1_L
00000703   ADC12CTL1_H
00000704   ADC12CTL2
00000704   ADC12CTL2_L
00000705   ADC12CTL2_H
0000070a   ADC12IFG
0000070a   ADC12IFG_L
0000070b   ADC12IFG_H
0000070c   ADC12IE
0000070c   ADC12IE_L
0000070d   ADC12IE_H
0000070e   ADC12IV
0000070e   ADC12IV_L
0000070f   ADC12IV_H
00000710   ADC12MCTL0
00000711   ADC12MCTL1
00000712   ADC12MCTL2
00000713   ADC12MCTL3
00000714   ADC12MCTL4
00000715   ADC12MCTL5
00000716   ADC12MCTL6
00000717   ADC12MCTL7
00000718   ADC12MCTL8
00000719   ADC12MCTL9
0000071a   ADC12MCTL10
0000071b   ADC12MCTL11
0000071c   ADC12MCTL12
0000071d   ADC12MCTL13
0000071e   ADC12MCTL14
0000071f   ADC12MCTL15
00000720   ADC12MEM0
00000720   ADC12MEM0_L
00000721   ADC12MEM0_H
00000722   ADC12MEM1
00000722   ADC12MEM1_L
00000723   ADC12MEM1_H
00000724   ADC12MEM2
00000724   ADC12MEM2_L
00000725   ADC12MEM2_H
00000726   ADC12MEM3
00000726   ADC12MEM3_L
00000727   ADC12MEM3_H
00000728   ADC12MEM4
00000728   ADC12MEM4_L
00000729   ADC12MEM4_H
0000072a   ADC12MEM5
0000072a   ADC12MEM5_L
0000072b   ADC12MEM5_H
0000072c   ADC12MEM6
0000072c   ADC12MEM6_L
0000072d   ADC12MEM6_H
0000072e   ADC12MEM7
0000072e   ADC12MEM7_L
0000072f   ADC12MEM7_H
00000730   ADC12MEM8
00000730   ADC12MEM8_L
00000731   ADC12MEM8_H
00000732   ADC12MEM9
00000732   ADC12MEM9_L
00000733   ADC12MEM9_H
00000734   ADC12MEM10
00000734   ADC12MEM10_L
00000735   ADC12MEM10_H
00000736   ADC12MEM11
00000736   ADC12MEM11_L
00000737   ADC12MEM11_H
00000738   ADC12MEM12
00000738   ADC12MEM12_L
00000739   ADC12MEM12_H
0000073a   ADC12MEM13
0000073a   ADC12MEM13_L
0000073b   ADC12MEM13_H
0000073c   ADC12MEM14
0000073c   ADC12MEM14_L
0000073d   ADC12MEM14_H
0000073e   ADC12MEM15
0000073e   ADC12MEM15_L
0000073f   ADC12MEM15_H
000008c0   CBCTL0
000008c0   CBCTL0_L
000008c1   CBCTL0_H
000008c2   CBCTL1
000008c2   CBCTL1_L
000008c3   CBCTL1_H
000008c4   CBCTL2
000008c4   CBCTL2_L
000008c5   CBCTL2_H
000008c6   CBCTL3
000008c6   CBCTL3_L
000008c7   CBCTL3_H
000008cc   CBINT
000008cc   CBINT_L
000008cd   CBINT_H
000008ce   CBIV
000009c0   AESACTL0
000009c0   AESACTL0_L
000009c1   AESACTL0_H
000009c4   AESASTAT
000009c4   AESASTAT_L
000009c5   AESASTAT_H
000009c6   AESAKEY
000009c6   AESAKEY_L
000009c7   AESAKEY_H
000009c8   AESADIN
000009c8   AESADIN_L
000009c9   AESADIN_H
000009ca   AESADOUT
000009ca   AESADOUT_L
000009cb   AESADOUT_H
00000a00   LCDBCTL0
00000a00   LCDBCTL0_L
00000a01   LCDBCTL0_H
00000a02   LCDBCTL1
00000a02   LCDBCTL1_L
00000a03   LCDBCTL1_H
00000a04   LCDBBLKCTL
00000a04   LCDBBLKCTL_L
00000a05   LCDBBLKCTL_H
00000a06   LCDBMEMCTL
00000a06   LCDBMEMCTL_L
00000a07   LCDBMEMCTL_H
00000a08   LCDBVCTL
00000a08   LCDBVCTL_L
00000a09   LCDBVCTL_H
00000a0a   LCDBPCTL0
00000a0a   LCDBPCTL0_L
00000a0b   LCDBPCTL0_H
00000a0c   LCDBPCTL1
00000a0c   LCDBPCTL1_L
00000a0d   LCDBPCTL1_H
00000a0e   LCDBPCTL2
00000a0e   LCDBPCTL2_L
00000a0f   LCDBPCTL2_H
00000a10   LCDBPCTL3
00000a10   LCDBPCTL3_L
00000a11   LCDBPCTL3_H
00000a12   LCDBCPCTL
00000a12   LCDBCPCTL_L
00000a13   LCDBCPCTL_H
00000a1e   LCDBIV
00000a20   LCDM1
00000a21   LCDM2
00000a22   LCDM3
00000a23   LCDM4
00000a24   LCDM5
00000a25   LCDM6
00000a26   LCDM7
00000a27   LCDM8
00000a28   LCDM9
00000a29   LCDM10
00000a2a   LCDM11
00000a2b   LCDM12
00000a2c   LCDM13
00000a2d   LCDM14
00000a2e   LCDM15
00000a2f   LCDM16
00000a30   LCDM17
00000a31   LCDM18
00000a32   LCDM19
00000a33   LCDM20
00000a34   LCDM21
00000a35   LCDM22
00000a36   LCDM23
00000a37   LCDM24
00000a40   LCDBM1
00000a41   LCDBM2
00000a42   LCDBM3
00000a43   LCDBM4
00000a44   LCDBM5
00000a45   LCDBM6
00000a46   LCDBM7
00000a47   LCDBM8
00000a48   LCDBM9
00000a49   LCDBM10
00000a4a   LCDBM11
00000a4b   LCDBM12
00000a4c   LCDBM13
00000a4d   LCDBM14
00000a4e   LCDBM15
00000a4f   LCDBM16
00000a50   LCDBM17
00000a51   LCDBM18
00000a52   LCDBM19
00000a53   LCDBM20
00000a54   LCDBM21
00000a55   LCDBM22
00000a56   LCDBM23
00000a57   LCDBM24
00000f00   RF1AIFCTL0
00000f00   RF1AIFCTL0_L
00000f01   RF1AIFCTL0_H
00000f02   RF1AIFCTL1
00000f02   RF1AIFCTL1_L
00000f03   RF1AIFCTL1_H
00000f04   RF1AIFCTL2
00000f04   RF1AIFCTL2_L
00000f05   RF1AIFCTL2_H
00000f06   RF1AIFERR
00000f06   RF1AIFERR_L
00000f07   RF1AIFERR_H
00000f0c   RF1AIFERRV
00000f0c   RF1AIFERRV_L
00000f0d   RF1AIFERRV_H
00000f0e   RF1AIFIV
00000f0e   RF1AIFIV_L
00000f0f   RF1AIFIV_H
00000f10   RF1AINSTRW
00000f10   RF1AINSTRW_L
00000f11   RF1AINSTRW_H
00000f12   RF1AINSTR1W
00000f12   RF1AINSTR1W_L
00000f13   RF1AINSTR1W_H
00000f14   RF1AINSTR2W
00000f14   RF1AINSTR2W_L
00000f15   RF1AINSTR2W_H
00000f16   RF1ADINW
00000f16   RF1ADINW_L
00000f17   RF1ADINW_H
00000f20   RF1ASTAT0W
00000f20   RF1ASTAT0W_L
00000f21   RF1ASTAT0W_H
00000f22   RF1ASTAT1W
00000f22   RF1ASTAT1W_L
00000f23   RF1ASTAT1W_H
00000f24   RF1ASTAT2W
00000f24   RF1ASTAT2W_L
00000f25   RF1ASTAT2W_H
00000f28   RF1ADOUT0W
00000f28   RF1ADOUT0W_L
00000f29   RF1ADOUT0W_H
00000f2a   RF1ADOUT1W
00000f2a   RF1ADOUT1W_L
00000f2b   RF1ADOUT1W_H
00000f2c   RF1ADOUT2W
00000f2c   RF1ADOUT2W_L
00000f2d   RF1ADOUT2W_H
00000f30   RF1AIN
00000f30   RF1AIN_L
00000f31   RF1AIN_H
00000f32   RF1AIFG
00000f32   RF1AIFG_L
00000f33   RF1AIFG_H
00000f34   RF1AIES
00000f34   RF1AIES_L
00000f35   RF1AIES_H
00000f36   RF1AIE
00000f36   RF1AIE_L
00000f37   RF1AIE_H
00000f38   RF1AIV
00000f38   RF1AIV_L
00000f39   RF1AIV_H
00000f3c   RF1ARXFIFO
00000f3c   RF1ARXFIFO_L
00000f3d   RF1ARXFIFO_H
00000f3e   RF1ATXFIFO
00000f3e   RF1ATXFIFO_L
00000f3f   RF1ATXFIFO_H
00001c00   .bss
00001c00   __bss__
00001c8c   display
00001c8e   segments_lcdmem
00001ce2   int_to_array_str
00001cea   sRFsmpl
00001cf0   simpliciti_flag
00001cf2   simpliciti_data
00001d12   simpliciti_ed_address
00001d16   simpliciti_payload_length
00001d17   simpliciti_reply_count
00001d18   burst_mode
00001d1a   burst_start
00001d1c   burst_end
00001d1e   burst_packet
00001d30   burst_packet_index
00001d32   p
00001d76   ps_ok
00001db4   method
00001db5   sInit_done
00001db6   sys
00001db8   quick
00001dba   request
00001dbc   fptr_lcd_function_line1m
00001dc0   message
00001dc2   rf_frequoffset
00001dc4   fptr_lcd_function_line2m
00001dc8   fptr_lcd_function_line1
00001dcc   fptr_lcd_function_line2
00001dd0   ptrMenu_L1
00001dd2   ptrMenu_L2
00001df2   BRRX__TXCB_t
00001e0e   sDate
00001e14   day_names
00001e2a   sAlarm
00001e2e   tricky
00001e36   tune_idx
00001e3a   sAlt
00001e48   flip_alt
00001e49   as_ok
00001e4a   sTime
00001e58   sStopwatch
00001e6c   BRRX__PowerdownDelay_u8
00001e6d   BRRX__SignalLevelReduction
00001e6e   BRRX__MaxSearchTries_u8
00001e6f   BRRX__SearchRatio_u8
00001e70   BRRX__TestMode_u8
00001e72   BRRX__PacketBits_t
00001e90   sAccel
00001e9a   button
00001e9c   sButton
00001ea4   fn_calc
00001ea6   in_calc
00001eaa   out_calc
00001eb7   rfBSL_button_confirmation
00001ec2   BRRX__NextEventTime_u16
00001ec4   BRRX__NextEndTime_u16
00001ec6   BRRX__NextFrequency_u8
00001ec7   BRRX__NextFrequencyOffset_s8
00001ec8   BRRX__TimerState_t
00001eca   sBatt
00001ed2   sBuzzer
00001eda   _lock
00001ede   _unlock
00001ee2   _cleanup_ptr
00001ee6   _dtors_ptr
00001eea   fptr_Timer0_A3_function
00001eee   sTimer
00001ef2   sTemp
00001ef8   flip_temp
00001efe   brrx_packet_end_cap_value
00001f00   BRRX__StatusFlags_t
00001f02   BRRX__CurrentPacketTime_u16
00001f04   BRRX__CurrentSignalLevel_u8
00001f0a   sBlueRobin
00001f0e   fn_util
00001f10   pin_gen
00001f16   adc12_result
00001f18   adc12_data_ready
00001f19   __end__
00001f19   end
00002bac   _stack
00002bfc   __STACK_END
00008000   .text
00008000   __text__
00008000   conv_pa_to_meter
0000829a   BRRX__Scheduler_v
0000851e   TIMER0_A0_ISR
00008778   PORT2_ISR
00008972   mx_time
00008b66   set_value
00008d4e   update_pressure_table
00008f26   mx_date
000090fc   MRFI_Init
000093f2   nwk_link
00009544   simpliciti_sync_decode_ap_cmd_callback
0000968e   __fs_sub
00009694   __fs_add
000097be   display_stopwatchf
000098e4   SMPL_Ioctl
00009a02   display_update
00009b1e   stopwatch_tick
00009c30   wakeup_event
00009e4c   mx_temperature
00009f58   display_altitude
0000a052   display_time
0000a14c   mx_altitude
0000a246   mx_alarm
0000a33e   nwk_join
0000a52c   display_temperature
0000a620   SMPL_SendOpt
0000a70e   nwk_QfindOldest
0000a7fc   simpliciti_sync_get_data_callback
0000a8e0   display_chars
0000a9b4   nwk_allocateLocalRxPort
0000aa88   MRFI_Transmit
0000ab4e   init_application
0000ac14   int_to_array
0000acd8   read_calibration_values
0000ad9c   irt
0000af0a   __fs_mpy
0000afc0   simpliciti_link
0000b076   simpliciti_main_sync
0000b12c   start_simpliciti_tx_only
0000b1de   nwk_retrieveFrame
0000b280   simpliciti_get_ed_data_callback
0000b320   nwk_radioControl
0000b3bc   start_simpliciti_sync
0000b458   display_alarm
0000b4f2   ps_twi_sda
0000b58a   Strobe
0000b620   nwk_nwkInit
0000b6b4   temperature_measurement
0000b748   mrfiRadioInterfaceCmdStrobe
0000b7d8   nwk_buildFrame
0000b868   __fs_div
0000b982   nwk_isConnectionValid
0000ba0e   calc_slide
0000ba98   do_altitude_measurement
0000bc2e   TIMER0_A1_5_ISR
0000bcb2   as_start
0000bd32   nwk_sendAckReply
0000bdb2   BRRX_RadioReceive_v
0000be30   battery_measurement
0000beae   init_global_variables
0000bf2c   __fs_tol
0000bfaa   ps_init
0000c022   get_day
0000c098   nwk_QfindSlot
0000c10e   display_char
0000c180   mx_slide
0000c1f2   ps_read_register
0000c264   as_read_register
0000c2d0   adc12_single_conversion
0000c338   process_requests
0000c3a0   __fs_toi
0000c470   as_write_register
0000c4d6   ps_get_pa
0000c53c   mrfiRadioInterfaceReadRxFifo
0000c5a0   MRFI_RadioIsr
0000c602   atanh
0000c664   BRRX_PacketEndTimerTask_v
0000c6c2   Timer0_A4_Delay
0000c720   display_battery_V
0000c77e   write_lcd_mem
0000c838   clock_tick
0000c894   BRRX__StartNewSearch_v
0000c8ec   ps_write_register
0000c944   __divul
0000c944   __remul
0000c99c   display_date
0000c9f2   log
0000ca48   sx_rfbsl
0000caee   clear_line
0000cb40   nwk_rawSend
0000cb92   ps_twi_read
0000cc32   button_repeat_function
0000cc7e   ps_get_temp
0000ccca   __fs_cmp
0000cd14   __fs_ltof
0000cd5e   toggle_buzzer
0000cda8   BR__CalcRandomTimeOffset_u16
0000cdf0   start_buzzer
0000ce38   SetVCoreUp
0000ce7e   _auto_init
0000cec4   display_hours
0000cf0a   mrfiRadioInterfaceReadReg
0000cf50   __fs_tou
0000cf96   simpliciti_main_tx_only
0000cfdc   ReadBurstReg
0000d020   SMPL_Receive
0000d064   add_day
0000d12e   ps_twi_write
0000d170   BRRX__NewInfo_v
0000d1b0   nwk_isValidReply
0000d1f0   reset_altitude_measurement
0000d230   __divli
0000d230   __remli
0000d270   start_altitude_measurement
0000d2b0   BRRX__DecodePacket_u8
0000d2ee   L_ASR_15
0000d2f2   L_ASR_14
0000d2f6   L_ASR_13
0000d2fa   L_ASR_12
0000d2fe   L_ASR_11
0000d302   L_ASR_10
0000d306   L_ASR_9
0000d30a   L_ASR_8
0000d30e   L_ASR_7
0000d312   L_ASR_6
0000d316   L_ASR_5
0000d31a   L_ASR_4
0000d31e   L_ASR_3
0000d322   L_ASR_2
0000d326   L_ASR_1
0000d32c   L_LSL_15
0000d330   L_LSL_14
0000d334   L_LSL_13
0000d338   L_LSL_12
0000d33c   L_LSL_11
0000d340   L_LSL_10
0000d344   L_LSL_9
0000d348   L_LSL_8
0000d34c   L_LSL_7
0000d350   L_LSL_6
0000d354   L_LSL_5
0000d358   L_LSL_4
0000d35c   L_LSL_3
0000d360   L_LSL_2
0000d364   L_LSL_1
0000d36a   L_LSR_15
0000d36e   L_LSR_14
0000d372   L_LSR_13
0000d376   L_LSR_12
0000d37a   L_LSR_11
0000d37e   L_LSR_10
0000d382   L_LSR_9
0000d386   L_LSR_8
0000d38a   L_LSR_7
0000d38e   L_LSR_6
0000d392   L_LSR_5
0000d396   L_LSR_4
0000d39a   L_LSR_3
0000d39e   L_LSR_2
0000d3a2   L_LSR_1
0000d3a8   nwk_getNextConnection
0000d3e6   BRRX_TimerTask_v
0000d422   MRFI_ReplyDelay
0000d45e   nwk_findPeer
0000d49a   nwk_isLinkDuplicate
0000d4d6   update_stopwatch_timer
0000d54c   nwk_processMgmt
0000d586   WriteSingleReg
0000d5be   radio_ISR
0000d62e   nwk_putNumObjectIntoMsg
0000d664   __fs_itof
0000d69a   BR__CalcCRC_u8
0000d6ce   BSP_Delay
0000d702   SMPL_Init
0000d76a   mrfiRadioInterfaceWriteReg
0000d79e   mrfiRadioInterfaceWriteTxFifo
0000d7d2   pin_generate
0000d806   BRRX_RadioStop_v
0000d838   MRFI_SetLogicalChannel
0000d86a   as_stop
0000d89c   bend
0000d8ce   main
0000d900   nwk_deviceAddress
0000d932   radio_reset
0000d964   __fs_ultof
0000d996   sx_alarm
0000d9c8   nwk_linkInit
0000d9f8   nwk_rawReceive
0000da28   nwk_sendFrame
0000da86   as_init
0000dae0   nwk_QadjustOrder
0000db0c   __divi
0000db0c   __remi
0000db38   MRFI_SetRxAddrFilter
0000dbb6   Timer0_A3_Start
0000dbe0   _c_int00
0000dbe0   _c_int00_noexit
0000dc0a   as_get_data
0000dc34   display_rfbsl
0000dc5e   lcd_init
0000dcb0   nwk_getConnInfo
0000dcd8   nwk_processPing
0000dd00   SetVCore
0000dd26   SetVCoreDown
0000dd72   init_buttons
0000dd98   init_pressure_table
0000ddbe   nwk_checkConnInfo
0000dde4   nwk_globalsInit
0000de0a   nwk_joinInit
0000de30   nwk_processLink
0000de56   sx_rf
0000de7c   sx_sync
0000dea2   BRRX_GetState_t
0000dec6   MRFI_Sleep
0000df0e   memcmp
0000df32   __fs_utof
0000df56   MRFI_WakeUp
0000df78   display_value
0000df9a   nwk_buildAckReqFrame
0000dfbc   start_stopwatch
0000dfde   MRFI_Rssi
0000dffe   MRFI_RxCompleteISR
0000e01e   MRFI_RxIdle
0000e03e   MRFI_RxOn
0000e05e   check_alarm
0000e07e   display_pin
0000e09e   memmove
0000e0be   nwk_connectionControl
0000e0de   reset_clock
0000e0fe   reset_stopwatch
0000e11e   stop_buzzer
0000e13e   tune
0000e15e   MRFI_EnableRxAddrFilter
0000e1b8   convert_C_to_F
0000e1d6   nwk_frameInit
0000e1f4   nwk_setMyAddress
0000e212   clear_display_all
0000e22e   display_am_pm_symbol
0000e24a   nwk_QInit
0000e266   nwk_processJoin
0000e282   stop_altitude_measurement
0000e2b8   MRFI_SetRFPwr
0000e2d2   ADC12ISR
0000e2ec   mx_util
0000e306   stop_stopwatch
0000e320   MRFI_DelayMs
0000e338   atan
0000e350   convert_F_to_C
0000e368   convert_hour_to_12H_format
0000e380   reset_alarm
0000e398   reset_date
0000e3b0   MRFI_RandomByte
0000e3dc   ReadSingleReg
0000e3f2   button_repeat_on
0000e408   display_symbol
0000e41e   rel
0000e434   __divu
0000e434   __remu
0000e44a   __mpyi_f5hw
0000e460   sqrt
0000e476   sx_stopwatch
0000e48c   Timer0_Init
0000e4a0   convert_ft_to_m
0000e4b4   convert_m_to_ft
0000e4c8   countdown_buzzer
0000e4dc   display_rf
0000e4f0   display_slide
0000e504   display_sync
0000e518   get_numberOfDays
0000e540   memset
0000e554   BlueRobin_RadioISR_v
0000e566   is_acceleration_measurement
0000e578   is_altitude_measurement
0000e58a   is_stopwatch
0000e59c   memcpy
0000e5ae   nwk_getJoinToken
0000e5c0   nwk_getLinkToken
0000e5d2   nwk_getMyAddress
0000e5e4   nwk_setJoinToken
0000e5f6   nwk_setLinkToken
0000e608   open_radio
0000e61a   reset_batt_measurement
0000e62c   sx_slide
0000e63e   BSP_InitBoard
0000e64e   close_radio
0000e65e   display_selection_Timeformat1
0000e66e   radio_powerdown
0000e67e   switch_seg
0000e68e   sx_date
0000e69e   sx_time
0000e6ae   display_util
0000e6bc   is_hour_am
0000e6ca   mx_stopwatch
0000e6d8   reset_acceleration
0000e6e6   set_blink_rate
0000e6f4   BRRX__GetCurrentTime_u16
0000e700   MRFI_PostKillSem
0000e70c   MRFI_Receive
0000e718   Timer0_Stop
0000e724   clear_display
0000e730   do_acceleration_measurement
0000e748   idle_loop
0000e754   is_rf
0000e760   is_temp_measurement
0000e76c   nwk_getNumObjectFromMsg
0000e778   nwk_setAPAddress
0000e784   ps_start
0000e790   sx_util
0000e79c   update_alarm
0000e7a8   update_battery_voltage
0000e7b4   update_stopwatch
0000e7c0   update_temperature
0000e7cc   update_util
0000e7d8   BRRX__StopTimer_v
0000e7e2   button_repeat_off
0000e7ec   nwk_mgmtInit
0000e7f6   nwk_pingInit
0000e800   ps_stop
0000e80a   reset_buzzer
0000e814   reset_rf
0000e81e   reset_temp_measurement
0000e828   restore_util
0000e832   __fs_neg
0000e83c   sx_altitude
0000e846   update_date
0000e850   update_time
0000e85a   BRRX_GetFS_Offset_s8
0000e862   Timer0_A3_Stop
0000e86a   Timer0_Start
0000e872   inv
0000e87a   square
0000e882   stop_alarm
0000e88a   to_lpm
0000e892   BRRX__CallTimer_v
0000e898   MRFI_GetRadioState
0000e89e   clear_blink_mem
0000e8a4   display_stopwatch
0000e8aa   line1
0000e8b0   line2
0000e8b6   nwk_freeConnection
0000e8bc   nwk_getBCastAddress
0000e8c2   nwk_getFWVersion
0000e8c8   nwk_getMyRxType
0000e8ce   start_blink
0000e8d4   stop_blink
0000e8da   sx_temperature
0000e8e0   SMPL_Link
0000e8e4   _system_pre_init
0000e8e8   C$$EXIT
0000e8e8   abort
0000e8ec   is_bluerobin
0000e8f0   is_bluerobin_searching
0000e8f4   nwk_NVObj
0000e8f8   nwk_getProtocolVersion
0000e8fc   nwk_processFreq
0000e900   nwk_processSecurity
0000e904   twi_delay
0000e908   _nop
0000e90a   nwk_freqInit
0000e90c   nwk_securityInit
0000e90e   __etext__
0000e90e   etext
0000e90e   int_to_array_conversion_table
0000eb2e   RandomValue_u8
0000ec2e   menu_L1_Time
0000ec40   menu_L1_Alarm
0000ec52   menu_L1_Temperature
0000ec64   menu_L1_Altitude
0000ec76   menu_L2_Date
0000ec88   menu_L2_Slide
0000ec9a   menu_L2_Stopwatch
0000ecac   menu_L2_Util
0000ed2e   mrfiRadioCfg
0000ed6e   lcd_font
0000ed9a   segments_bitmask
0000edc4   h0
0000ede6   p0
0000ee08   named_calc
0000ee28   pre_scale
0000ee48   scale
0000ee68   slide_fn
0000eea0   util_dispfn
0000eeb4   util_sxfn
0000eec8   util_upfn
0000eedc   dow_offset
0000eeec   month_days
0000ef02   selection_Timeformat
0000ef08   BRRX__First_TXCB_t
0000ef0a   BRRX__Last_TXCB_t
0000ef0c   mrfiBroadcastAddr
0000ef18   __cinit__
0000ef18   cinit
0000fffe   _reset_vector
ffffffff   __binit__
ffffffff   __c_args__
ffffffff   __pinit__
ffffffff   binit
ffffffff   pinit

[1196 symbols]
